This file contains any messages produced by compilers while
running configure, to aid debugging if configure makes a mistake.

It was created by MPFR configure 3.1.1, which was
generated by GNU Autoconf 2.63.  Invocation command line was

  $ /workspace/cvcsoft/TexMol/third-party/mpfr/configure --prefix=/workspace/cvcsoft/TexMol/release --disable-shared --with-gmp=/workspace/cvcsoft/TexMol/release

## --------- ##
## Platform. ##
## --------- ##

hostname = electron.ices.utexas.edu
uname -m = x86_64
uname -r = 2.6.32-279.22.1.el6.x86_64
uname -s = Linux
uname -v = #1 SMP Tue Feb 5 14:33:39 CST 2013

/usr/bin/uname -p = unknown
/bin/uname -X     = unknown

/bin/arch              = x86_64
/usr/bin/arch -k       = unknown
/usr/convex/getsysinfo = unknown
/usr/bin/hostinfo      = unknown
/bin/machine           = unknown
/usr/bin/oslevel       = unknown
/bin/universe          = unknown

PATH: /opt/apps/ossw/applications/cmake/cmake-2.8.9/sl6/bin
PATH: /usr/lib64/qt-3.3/bin
PATH: /usr/bin
PATH: /usr/local/bin
PATH: /bin
PATH: /usr/local/sbin
PATH: /usr/sbin
PATH: /sbin
PATH: /opt/apps/hdfview/2.5
PATH: /h1/muhibur/bin
PATH: /h1/muhibur/local/bin
PATH: /h1/muhibur/bin/pybib
PATH: /h1/muhibur/bin/meshlab
PATH: /opt/nrn/x86_64/bin
PATH: /net/neutron/workspace/muhibur/scratch/MolSurf/bin
PATH: /net/neutron/workspace/muhibur/scratch/TexMol-Qt/bin
PATH: /net/neutron/workspace/muhibur/scratch/flexiblefitting/bin
PATH: /net/neutron/workspace/muhibur/F2Dock/src


## ----------- ##
## Core tests. ##
## ----------- ##

configure:2027: checking for a BSD-compatible install
configure:2095: result: /usr/bin/install -c
configure:2106: checking whether build environment is sane
configure:2166: result: yes
configure:2307: checking for a thread-safe mkdir -p
configure:2346: result: /bin/mkdir -p
configure:2359: checking for gawk
configure:2375: found /usr/bin/gawk
configure:2386: result: gawk
configure:2397: checking whether make sets $(MAKE)
configure:2419: result: yes
configure:2493: checking whether to enable maintainer-specific portions of Makefiles
configure:2502: result: yes
configure:2527: checking build system type
configure:2545: result: x86_64-unknown-linux-gnu
configure:2567: checking host system type
configure:2582: result: x86_64-unknown-linux-gnu
configure:2605: checking for grep that handles long lines and -e
configure:2665: result: /bin/grep
configure:2670: checking for egrep
configure:2734: result: /bin/grep -E
configure:2739: checking for a sed that does not truncate output
configure:2805: result: /bin/sed
configure:3005: checking for CC and CFLAGS in gmp.h
configure:3034: result: yes CC=gcc -std=gnu99 CFLAGS=-O2 -pedantic -fomit-frame-pointer -m64 -mtune=core2 -march=core2
configure:3040: checking for CC=gcc -std=gnu99 and CFLAGS=-O2 -pedantic -fomit-frame-pointer -m64 -mtune=core2 -march=core2
configure:3044: result: yes
configure:3106: checking for gcc
configure:3133: result: gcc -std=gnu99
configure:3365: checking for C compiler version
configure:3373: gcc -std=gnu99 --version >&5
gcc (GCC) 4.4.6 20120305 (Red Hat 4.4.6-4)
Copyright (C) 2010 Free Software Foundation, Inc.
This is free software; see the source for copying conditions.  There is NO
warranty; not even for MERCHANTABILITY or FITNESS FOR A PARTICULAR PURPOSE.

configure:3377: $? = 0
configure:3384: gcc -std=gnu99 -v >&5
Using built-in specs.
Target: x86_64-redhat-linux
Configured with: ../configure --prefix=/usr --mandir=/usr/share/man --infodir=/usr/share/info --with-bugurl=http://bugzilla.redhat.com/bugzilla --enable-bootstrap --enable-shared --enable-threads=posix --enable-checking=release --with-system-zlib --enable-__cxa_atexit --disable-libunwind-exceptions --enable-gnu-unique-object --enable-languages=c,c++,objc,obj-c++,java,fortran,ada --enable-java-awt=gtk --disable-dssi --with-java-home=/usr/lib/jvm/java-1.5.0-gcj-1.5.0.0/jre --enable-libgcj-multifile --enable-java-maintainer-mode --with-ecj-jar=/usr/share/java/eclipse-ecj.jar --disable-libjava-multilib --with-ppl --with-cloog --with-tune=generic --with-arch_32=i686 --build=x86_64-redhat-linux
Thread model: posix
gcc version 4.4.6 20120305 (Red Hat 4.4.6-4) (GCC) 
configure:3388: $? = 0
configure:3395: gcc -std=gnu99 -V >&5
gcc: '-V' must come at the start of the command line
configure:3399: $? = 1
configure:3422: checking for C compiler default output file name
configure:3444: gcc -std=gnu99 -O2 -pedantic -fomit-frame-pointer -m64 -mtune=core2 -march=core2  -I/workspace/cvcsoft/TexMol/release/include  -L/workspace/cvcsoft/TexMol/release/lib conftest.c  >&5
configure:3448: $? = 0
configure:3486: result: a.out
configure:3505: checking whether the C compiler works
configure:3515: ./a.out
configure:3519: $? = 0
configure:3538: result: yes
configure:3545: checking whether we are cross compiling
configure:3547: result: no
configure:3550: checking for suffix of executables
configure:3557: gcc -std=gnu99 -o conftest -O2 -pedantic -fomit-frame-pointer -m64 -mtune=core2 -march=core2  -I/workspace/cvcsoft/TexMol/release/include  -L/workspace/cvcsoft/TexMol/release/lib conftest.c  >&5
configure:3561: $? = 0
configure:3587: result: 
configure:3593: checking for suffix of object files
configure:3619: gcc -std=gnu99 -c -O2 -pedantic -fomit-frame-pointer -m64 -mtune=core2 -march=core2  -I/workspace/cvcsoft/TexMol/release/include conftest.c >&5
configure:3623: $? = 0
configure:3648: result: o
configure:3652: checking whether we are using the GNU C compiler
configure:3681: gcc -std=gnu99 -c -O2 -pedantic -fomit-frame-pointer -m64 -mtune=core2 -march=core2  -I/workspace/cvcsoft/TexMol/release/include conftest.c >&5
configure:3688: $? = 0
configure:3705: result: yes
configure:3714: checking whether gcc -std=gnu99 accepts -g
configure:3744: gcc -std=gnu99 -c -g  -I/workspace/cvcsoft/TexMol/release/include conftest.c >&5
configure:3751: $? = 0
configure:3852: result: yes
configure:3869: checking for gcc -std=gnu99 option to accept ISO C89
configure:3943: gcc -std=gnu99  -c -O2 -pedantic -fomit-frame-pointer -m64 -mtune=core2 -march=core2  -I/workspace/cvcsoft/TexMol/release/include conftest.c >&5
configure:3950: $? = 0
configure:3973: result: none needed
configure:4002: checking for style of include used by make
configure:4030: result: GNU
configure:4056: checking dependency style of gcc -std=gnu99
configure:4167: result: gcc3
configure:4187: checking how to run the C preprocessor
configure:4227: gcc -std=gnu99 -E  -I/workspace/cvcsoft/TexMol/release/include conftest.c
configure:4234: $? = 0
configure:4265: gcc -std=gnu99 -E  -I/workspace/cvcsoft/TexMol/release/include conftest.c
conftest.c:8:28: error: ac_nonexistent.h: No such file or directory
configure:4272: $? = 1
configure: failed program was:
| /* confdefs.h.  */
| #define PACKAGE_NAME "MPFR"
| #define PACKAGE_TARNAME "mpfr"
| #define PACKAGE_VERSION "3.1.1"
| #define PACKAGE_STRING "MPFR 3.1.1"
| #define PACKAGE_BUGREPORT ""
| /* end confdefs.h.  */
| #include <ac_nonexistent.h>
configure:4305: result: gcc -std=gnu99 -E
configure:4334: gcc -std=gnu99 -E  -I/workspace/cvcsoft/TexMol/release/include conftest.c
configure:4341: $? = 0
configure:4372: gcc -std=gnu99 -E  -I/workspace/cvcsoft/TexMol/release/include conftest.c
conftest.c:8:28: error: ac_nonexistent.h: No such file or directory
configure:4379: $? = 1
configure: failed program was:
| /* confdefs.h.  */
| #define PACKAGE_NAME "MPFR"
| #define PACKAGE_TARNAME "mpfr"
| #define PACKAGE_VERSION "3.1.1"
| #define PACKAGE_STRING "MPFR 3.1.1"
| #define PACKAGE_BUGREPORT ""
| /* end confdefs.h.  */
| #include <ac_nonexistent.h>
configure:4628: checking for ICC
configure:4656: gcc -std=gnu99 -c -O2 -pedantic -fomit-frame-pointer -m64 -mtune=core2 -march=core2  -I/workspace/cvcsoft/TexMol/release/include conftest.c >&5
conftest.c:10:3: error: #error "ICC Not Found"
conftest.c:14: error: expected '=', ',', ';', 'asm' or '__attribute__' before 'int'
configure:4663: $? = 1
configure: failed program was:
| /* confdefs.h.  */
| #define PACKAGE_NAME "MPFR"
| #define PACKAGE_TARNAME "mpfr"
| #define PACKAGE_VERSION "3.1.1"
| #define PACKAGE_STRING "MPFR 3.1.1"
| #define PACKAGE_BUGREPORT ""
| /* end confdefs.h.  */
| 
| #if !defined(__ICC)
| # error "ICC Not Found"
| error
| #endif
| 
| int
| main ()
| {
| 
|   ;
|   return 0;
| }
configure:4677: result: no
configure:4688: checking whether gcc -std=gnu99 and cc understand -c and -o together
configure:4723: gcc -std=gnu99 -c conftest.c -o conftest2.o >&5
configure:4727: $? = 0
configure:4733: gcc -std=gnu99 -c conftest.c -o conftest2.o >&5
configure:4737: $? = 0
configure:4748: cc -c conftest.c >&5
configure:4752: $? = 0
configure:4760: cc -c conftest.c -o conftest2.o >&5
configure:4764: $? = 0
configure:4770: cc -c conftest.c -o conftest2.o >&5
configure:4774: $? = 0
configure:4792: result: yes
configure:4883: checking for an ANSI C-conforming const
configure:4958: gcc -std=gnu99 -c -Wall -Wmissing-prototypes -Wpointer-arith -O2 -pedantic -fomit-frame-pointer -m64 -mtune=core2 -march=core2  -I/workspace/cvcsoft/TexMol/release/include conftest.c >&5
conftest.c: In function 'main':
conftest.c:37: warning: 't' is used uninitialized in this function
conftest.c:53: warning: 'b' is used uninitialized in this function
conftest.c:16: warning: 'cs[0]' is used uninitialized in this function
configure:4965: $? = 0
configure:4980: result: yes
configure:4990: checking for working volatile
configure:5019: gcc -std=gnu99 -c -Wall -Wmissing-prototypes -Wpointer-arith -O2 -pedantic -fomit-frame-pointer -m64 -mtune=core2 -march=core2  -I/workspace/cvcsoft/TexMol/release/include conftest.c >&5
conftest.c: In function 'main':
conftest.c:15: warning: 'x' is used uninitialized in this function
configure:5026: $? = 0
configure:5041: result: yes
configure:5325: checking for main in -lm
configure:5354: gcc -std=gnu99 -o conftest -Wall -Wmissing-prototypes -Wpointer-arith -O2 -pedantic -fomit-frame-pointer -m64 -mtune=core2 -march=core2  -I/workspace/cvcsoft/TexMol/release/include  -L/workspace/cvcsoft/TexMol/release/lib conftest.c -lm   >&5
configure:5361: $? = 0
configure:5382: result: yes
configure:5391: checking whether time.h and sys/time.h may both be included
configure:5421: gcc -std=gnu99 -c -Wall -Wmissing-prototypes -Wpointer-arith -O2 -pedantic -fomit-frame-pointer -m64 -mtune=core2 -march=core2  -I/workspace/cvcsoft/TexMol/release/include conftest.c >&5
configure:5428: $? = 0
configure:5443: result: yes
configure:5454: checking for ANSI C header files
configure:5484: gcc -std=gnu99 -c -Wall -Wmissing-prototypes -Wpointer-arith -O2 -pedantic -fomit-frame-pointer -m64 -mtune=core2 -march=core2  -I/workspace/cvcsoft/TexMol/release/include conftest.c >&5
configure:5491: $? = 0
configure:5590: gcc -std=gnu99 -o conftest -Wall -Wmissing-prototypes -Wpointer-arith -O2 -pedantic -fomit-frame-pointer -m64 -mtune=core2 -march=core2  -I/workspace/cvcsoft/TexMol/release/include  -L/workspace/cvcsoft/TexMol/release/lib conftest.c  >&5
configure:5594: $? = 0
configure:5600: ./conftest
configure:5604: $? = 0
configure:5622: result: yes
configure:5646: checking for sys/types.h
configure:5667: gcc -std=gnu99 -c -Wall -Wmissing-prototypes -Wpointer-arith -O2 -pedantic -fomit-frame-pointer -m64 -mtune=core2 -march=core2  -I/workspace/cvcsoft/TexMol/release/include conftest.c >&5
configure:5674: $? = 0
configure:5691: result: yes
configure:5646: checking for sys/stat.h
configure:5667: gcc -std=gnu99 -c -Wall -Wmissing-prototypes -Wpointer-arith -O2 -pedantic -fomit-frame-pointer -m64 -mtune=core2 -march=core2  -I/workspace/cvcsoft/TexMol/release/include conftest.c >&5
configure:5674: $? = 0
configure:5691: result: yes
configure:5646: checking for stdlib.h
configure:5667: gcc -std=gnu99 -c -Wall -Wmissing-prototypes -Wpointer-arith -O2 -pedantic -fomit-frame-pointer -m64 -mtune=core2 -march=core2  -I/workspace/cvcsoft/TexMol/release/include conftest.c >&5
configure:5674: $? = 0
configure:5691: result: yes
configure:5646: checking for string.h
configure:5667: gcc -std=gnu99 -c -Wall -Wmissing-prototypes -Wpointer-arith -O2 -pedantic -fomit-frame-pointer -m64 -mtune=core2 -march=core2  -I/workspace/cvcsoft/TexMol/release/include conftest.c >&5
configure:5674: $? = 0
configure:5691: result: yes
configure:5646: checking for memory.h
configure:5667: gcc -std=gnu99 -c -Wall -Wmissing-prototypes -Wpointer-arith -O2 -pedantic -fomit-frame-pointer -m64 -mtune=core2 -march=core2  -I/workspace/cvcsoft/TexMol/release/include conftest.c >&5
configure:5674: $? = 0
configure:5691: result: yes
configure:5646: checking for strings.h
configure:5667: gcc -std=gnu99 -c -Wall -Wmissing-prototypes -Wpointer-arith -O2 -pedantic -fomit-frame-pointer -m64 -mtune=core2 -march=core2  -I/workspace/cvcsoft/TexMol/release/include conftest.c >&5
configure:5674: $? = 0
configure:5691: result: yes
configure:5646: checking for inttypes.h
configure:5667: gcc -std=gnu99 -c -Wall -Wmissing-prototypes -Wpointer-arith -O2 -pedantic -fomit-frame-pointer -m64 -mtune=core2 -march=core2  -I/workspace/cvcsoft/TexMol/release/include conftest.c >&5
configure:5674: $? = 0
configure:5691: result: yes
configure:5646: checking for stdint.h
configure:5667: gcc -std=gnu99 -c -Wall -Wmissing-prototypes -Wpointer-arith -O2 -pedantic -fomit-frame-pointer -m64 -mtune=core2 -march=core2  -I/workspace/cvcsoft/TexMol/release/include conftest.c >&5
configure:5674: $? = 0
configure:5691: result: yes
configure:5646: checking for unistd.h
configure:5667: gcc -std=gnu99 -c -Wall -Wmissing-prototypes -Wpointer-arith -O2 -pedantic -fomit-frame-pointer -m64 -mtune=core2 -march=core2  -I/workspace/cvcsoft/TexMol/release/include conftest.c >&5
configure:5674: $? = 0
configure:5691: result: yes
configure:5721: checking limits.h usability
configure:5738: gcc -std=gnu99 -c -Wall -Wmissing-prototypes -Wpointer-arith -O2 -pedantic -fomit-frame-pointer -m64 -mtune=core2 -march=core2  -I/workspace/cvcsoft/TexMol/release/include conftest.c >&5
configure:5745: $? = 0
configure:5759: result: yes
configure:5763: checking limits.h presence
configure:5778: gcc -std=gnu99 -E  -I/workspace/cvcsoft/TexMol/release/include conftest.c
configure:5785: $? = 0
configure:5799: result: yes
configure:5827: checking for limits.h
configure:5834: result: yes
configure:5857: checking float.h usability
configure:5874: gcc -std=gnu99 -c -Wall -Wmissing-prototypes -Wpointer-arith -O2 -pedantic -fomit-frame-pointer -m64 -mtune=core2 -march=core2  -I/workspace/cvcsoft/TexMol/release/include conftest.c >&5
configure:5881: $? = 0
configure:5895: result: yes
configure:5899: checking float.h presence
configure:5914: gcc -std=gnu99 -E  -I/workspace/cvcsoft/TexMol/release/include conftest.c
configure:5921: $? = 0
configure:5935: result: yes
configure:5963: checking for float.h
configure:5970: result: yes
configure:5984: checking for string.h
configure:5989: result: yes
configure:6136: checking locale.h usability
configure:6153: gcc -std=gnu99 -c -Wall -Wmissing-prototypes -Wpointer-arith -O2 -pedantic -fomit-frame-pointer -m64 -mtune=core2 -march=core2  -I/workspace/cvcsoft/TexMol/release/include conftest.c >&5
configure:6160: $? = 0
configure:6174: result: yes
configure:6178: checking locale.h presence
configure:6193: gcc -std=gnu99 -E  -I/workspace/cvcsoft/TexMol/release/include conftest.c
configure:6200: $? = 0
configure:6214: result: yes
configure:6242: checking for locale.h
configure:6251: result: yes
configure:6283: checking wchar.h usability
configure:6300: gcc -std=gnu99 -c -Wall -Wmissing-prototypes -Wpointer-arith -O2 -pedantic -fomit-frame-pointer -m64 -mtune=core2 -march=core2  -I/workspace/cvcsoft/TexMol/release/include conftest.c >&5
configure:6307: $? = 0
configure:6321: result: yes
configure:6325: checking wchar.h presence
configure:6340: gcc -std=gnu99 -E  -I/workspace/cvcsoft/TexMol/release/include conftest.c
configure:6347: $? = 0
configure:6361: result: yes
configure:6389: checking for wchar.h
configure:6398: result: yes
configure:6424: checking stdarg.h usability
configure:6441: gcc -std=gnu99 -c -Wall -Wmissing-prototypes -Wpointer-arith -O2 -pedantic -fomit-frame-pointer -m64 -mtune=core2 -march=core2  -I/workspace/cvcsoft/TexMol/release/include conftest.c >&5
configure:6448: $? = 0
configure:6462: result: yes
configure:6466: checking stdarg.h presence
configure:6481: gcc -std=gnu99 -E  -I/workspace/cvcsoft/TexMol/release/include conftest.c
configure:6488: $? = 0
configure:6502: result: yes
configure:6530: checking for stdarg.h
configure:6537: result: yes
configure:6705: checking sys/time.h usability
configure:6722: gcc -std=gnu99 -c -Wall -Wmissing-prototypes -Wpointer-arith -O2 -pedantic -fomit-frame-pointer -m64 -mtune=core2 -march=core2  -I/workspace/cvcsoft/TexMol/release/include conftest.c >&5
configure:6729: $? = 0
configure:6743: result: yes
configure:6747: checking sys/time.h presence
configure:6762: gcc -std=gnu99 -E  -I/workspace/cvcsoft/TexMol/release/include conftest.c
configure:6769: $? = 0
configure:6783: result: yes
configure:6811: checking for sys/time.h
configure:6820: result: yes
configure:6705: checking sys/fpu.h usability
configure:6722: gcc -std=gnu99 -c -Wall -Wmissing-prototypes -Wpointer-arith -O2 -pedantic -fomit-frame-pointer -m64 -mtune=core2 -march=core2  -I/workspace/cvcsoft/TexMol/release/include conftest.c >&5
conftest.c:56:21: error: sys/fpu.h: No such file or directory
configure:6729: $? = 1
configure: failed program was:
| /* confdefs.h.  */
| #define PACKAGE_NAME "MPFR"
| #define PACKAGE_TARNAME "mpfr"
| #define PACKAGE_VERSION "3.1.1"
| #define PACKAGE_STRING "MPFR 3.1.1"
| #define PACKAGE_BUGREPORT ""
| #define TIME_WITH_SYS_TIME 1
| #define STDC_HEADERS 1
| #define HAVE_SYS_TYPES_H 1
| #define HAVE_SYS_STAT_H 1
| #define HAVE_STDLIB_H 1
| #define HAVE_STRING_H 1
| #define HAVE_MEMORY_H 1
| #define HAVE_STRINGS_H 1
| #define HAVE_INTTYPES_H 1
| #define HAVE_STDINT_H 1
| #define HAVE_UNISTD_H 1
| #define HAVE_LOCALE_H 1
| #define HAVE_WCHAR_H 1
| #define HAVE_STDARG 1
| #define HAVE_SYS_TIME_H 1
| /* end confdefs.h.  */
| #include <stdio.h>
| #ifdef HAVE_SYS_TYPES_H
| # include <sys/types.h>
| #endif
| #ifdef HAVE_SYS_STAT_H
| # include <sys/stat.h>
| #endif
| #ifdef STDC_HEADERS
| # include <stdlib.h>
| # include <stddef.h>
| #else
| # ifdef HAVE_STDLIB_H
| #  include <stdlib.h>
| # endif
| #endif
| #ifdef HAVE_STRING_H
| # if !defined STDC_HEADERS && defined HAVE_MEMORY_H
| #  include <memory.h>
| # endif
| # include <string.h>
| #endif
| #ifdef HAVE_STRINGS_H
| # include <strings.h>
| #endif
| #ifdef HAVE_INTTYPES_H
| # include <inttypes.h>
| #endif
| #ifdef HAVE_STDINT_H
| # include <stdint.h>
| #endif
| #ifdef HAVE_UNISTD_H
| # include <unistd.h>
| #endif
| #include <sys/fpu.h>
configure:6743: result: no
configure:6747: checking sys/fpu.h presence
configure:6762: gcc -std=gnu99 -E  -I/workspace/cvcsoft/TexMol/release/include conftest.c
conftest.c:23:21: error: sys/fpu.h: No such file or directory
configure:6769: $? = 1
configure: failed program was:
| /* confdefs.h.  */
| #define PACKAGE_NAME "MPFR"
| #define PACKAGE_TARNAME "mpfr"
| #define PACKAGE_VERSION "3.1.1"
| #define PACKAGE_STRING "MPFR 3.1.1"
| #define PACKAGE_BUGREPORT ""
| #define TIME_WITH_SYS_TIME 1
| #define STDC_HEADERS 1
| #define HAVE_SYS_TYPES_H 1
| #define HAVE_SYS_STAT_H 1
| #define HAVE_STDLIB_H 1
| #define HAVE_STRING_H 1
| #define HAVE_MEMORY_H 1
| #define HAVE_STRINGS_H 1
| #define HAVE_INTTYPES_H 1
| #define HAVE_STDINT_H 1
| #define HAVE_UNISTD_H 1
| #define HAVE_LOCALE_H 1
| #define HAVE_WCHAR_H 1
| #define HAVE_STDARG 1
| #define HAVE_SYS_TIME_H 1
| /* end confdefs.h.  */
| #include <sys/fpu.h>
configure:6783: result: no
configure:6811: checking for sys/fpu.h
configure:6820: result: no
configure:6838: checking for working alloca.h
configure:6865: gcc -std=gnu99 -o conftest -Wall -Wmissing-prototypes -Wpointer-arith -O2 -pedantic -fomit-frame-pointer -m64 -mtune=core2 -march=core2  -I/workspace/cvcsoft/TexMol/release/include  -L/workspace/cvcsoft/TexMol/release/lib conftest.c  >&5
configure:6872: $? = 0
configure:6892: result: yes
configure:6902: checking for alloca
configure:6949: gcc -std=gnu99 -o conftest -Wall -Wmissing-prototypes -Wpointer-arith -O2 -pedantic -fomit-frame-pointer -m64 -mtune=core2 -march=core2  -I/workspace/cvcsoft/TexMol/release/include  -L/workspace/cvcsoft/TexMol/release/lib conftest.c  >&5
configure:6956: $? = 0
configure:6976: result: yes
configure:7220: checking for stdint.h
configure:7227: result: yes
configure:7361: checking for SIZE_MAX
configure:8098: result: yes
configure:8109: checking how to copy va_list
configure:8137: gcc -std=gnu99 -o conftest -Wall -Wmissing-prototypes -Wpointer-arith -O2 -pedantic -fomit-frame-pointer -m64 -mtune=core2 -march=core2  -I/workspace/cvcsoft/TexMol/release/include  -L/workspace/cvcsoft/TexMol/release/lib conftest.c  >&5
configure:8144: $? = 0
configure:8153: result: va_copy
configure:8235: checking for memmove
configure:8291: gcc -std=gnu99 -o conftest -Wall -Wmissing-prototypes -Wpointer-arith -O2 -pedantic -fomit-frame-pointer -m64 -mtune=core2 -march=core2  -I/workspace/cvcsoft/TexMol/release/include  -L/workspace/cvcsoft/TexMol/release/lib conftest.c  >&5
conftest.c:50: warning: conflicting types for built-in function 'memmove'
configure:8298: $? = 0
configure:8320: result: yes
configure:8235: checking for memset
configure:8291: gcc -std=gnu99 -o conftest -Wall -Wmissing-prototypes -Wpointer-arith -O2 -pedantic -fomit-frame-pointer -m64 -mtune=core2 -march=core2  -I/workspace/cvcsoft/TexMol/release/include  -L/workspace/cvcsoft/TexMol/release/lib conftest.c  >&5
conftest.c:51: warning: conflicting types for built-in function 'memset'
configure:8298: $? = 0
configure:8320: result: yes
configure:8235: checking for setlocale
configure:8291: gcc -std=gnu99 -o conftest -Wall -Wmissing-prototypes -Wpointer-arith -O2 -pedantic -fomit-frame-pointer -m64 -mtune=core2 -march=core2  -I/workspace/cvcsoft/TexMol/release/include  -L/workspace/cvcsoft/TexMol/release/lib conftest.c  >&5
configure:8298: $? = 0
configure:8320: result: yes
configure:8235: checking for strtol
configure:8291: gcc -std=gnu99 -o conftest -Wall -Wmissing-prototypes -Wpointer-arith -O2 -pedantic -fomit-frame-pointer -m64 -mtune=core2 -march=core2  -I/workspace/cvcsoft/TexMol/release/include  -L/workspace/cvcsoft/TexMol/release/lib conftest.c  >&5
configure:8298: $? = 0
configure:8320: result: yes
configure:8235: checking for gettimeofday
configure:8291: gcc -std=gnu99 -o conftest -Wall -Wmissing-prototypes -Wpointer-arith -O2 -pedantic -fomit-frame-pointer -m64 -mtune=core2 -march=core2  -I/workspace/cvcsoft/TexMol/release/include  -L/workspace/cvcsoft/TexMol/release/lib conftest.c  >&5
configure:8298: $? = 0
configure:8320: result: yes
configure:8401: checking for long long int
configure:8429: gcc -std=gnu99 -c -Wall -Wmissing-prototypes -Wpointer-arith -O2 -pedantic -fomit-frame-pointer -m64 -mtune=core2 -march=core2  -I/workspace/cvcsoft/TexMol/release/include conftest.c >&5
configure:8436: $? = 0
configure:8463: gcc -std=gnu99 -c -Wall -Wmissing-prototypes -Wpointer-arith -O2 -pedantic -fomit-frame-pointer -m64 -mtune=core2 -march=core2  -I/workspace/cvcsoft/TexMol/release/include conftest.c >&5
conftest.c: In function 'main':
conftest.c:68: error: expected expression before ')' token
configure:8470: $? = 1
configure: failed program was:
| /* confdefs.h.  */
| #define PACKAGE_NAME "MPFR"
| #define PACKAGE_TARNAME "mpfr"
| #define PACKAGE_VERSION "3.1.1"
| #define PACKAGE_STRING "MPFR 3.1.1"
| #define PACKAGE_BUGREPORT ""
| #define TIME_WITH_SYS_TIME 1
| #define STDC_HEADERS 1
| #define HAVE_SYS_TYPES_H 1
| #define HAVE_SYS_STAT_H 1
| #define HAVE_STDLIB_H 1
| #define HAVE_STRING_H 1
| #define HAVE_MEMORY_H 1
| #define HAVE_STRINGS_H 1
| #define HAVE_INTTYPES_H 1
| #define HAVE_STDINT_H 1
| #define HAVE_UNISTD_H 1
| #define HAVE_LOCALE_H 1
| #define HAVE_WCHAR_H 1
| #define HAVE_STDARG 1
| #define HAVE_SYS_TIME_H 1
| #define HAVE_ALLOCA_H 1
| #define HAVE_ALLOCA 1
| #define HAVE_STDINT_H 1
| #define HAVE_VA_COPY 1
| #define HAVE_MEMMOVE 1
| #define HAVE_MEMSET 1
| #define HAVE_SETLOCALE 1
| #define HAVE_STRTOL 1
| #define HAVE_GETTIMEOFDAY 1
| /* end confdefs.h.  */
| #include <stdio.h>
| #ifdef HAVE_SYS_TYPES_H
| # include <sys/types.h>
| #endif
| #ifdef HAVE_SYS_STAT_H
| # include <sys/stat.h>
| #endif
| #ifdef STDC_HEADERS
| # include <stdlib.h>
| # include <stddef.h>
| #else
| # ifdef HAVE_STDLIB_H
| #  include <stdlib.h>
| # endif
| #endif
| #ifdef HAVE_STRING_H
| # if !defined STDC_HEADERS && defined HAVE_MEMORY_H
| #  include <memory.h>
| # endif
| # include <string.h>
| #endif
| #ifdef HAVE_STRINGS_H
| # include <strings.h>
| #endif
| #ifdef HAVE_INTTYPES_H
| # include <inttypes.h>
| #endif
| #ifdef HAVE_STDINT_H
| # include <stdint.h>
| #endif
| #ifdef HAVE_UNISTD_H
| # include <unistd.h>
| #endif
| int
| main ()
| {
| if (sizeof ((long long int)))
| 	  return 0;
|   ;
|   return 0;
| }
configure:8493: result: yes
configure:8504: checking for intmax_t
configure:8532: gcc -std=gnu99 -c -Wall -Wmissing-prototypes -Wpointer-arith -O2 -pedantic -fomit-frame-pointer -m64 -mtune=core2 -march=core2  -I/workspace/cvcsoft/TexMol/release/include conftest.c >&5
configure:8539: $? = 0
configure:8566: gcc -std=gnu99 -c -Wall -Wmissing-prototypes -Wpointer-arith -O2 -pedantic -fomit-frame-pointer -m64 -mtune=core2 -march=core2  -I/workspace/cvcsoft/TexMol/release/include conftest.c >&5
conftest.c: In function 'main':
conftest.c:69: error: expected expression before ')' token
configure:8573: $? = 1
configure: failed program was:
| /* confdefs.h.  */
| #define PACKAGE_NAME "MPFR"
| #define PACKAGE_TARNAME "mpfr"
| #define PACKAGE_VERSION "3.1.1"
| #define PACKAGE_STRING "MPFR 3.1.1"
| #define PACKAGE_BUGREPORT ""
| #define TIME_WITH_SYS_TIME 1
| #define STDC_HEADERS 1
| #define HAVE_SYS_TYPES_H 1
| #define HAVE_SYS_STAT_H 1
| #define HAVE_STDLIB_H 1
| #define HAVE_STRING_H 1
| #define HAVE_MEMORY_H 1
| #define HAVE_STRINGS_H 1
| #define HAVE_INTTYPES_H 1
| #define HAVE_STDINT_H 1
| #define HAVE_UNISTD_H 1
| #define HAVE_LOCALE_H 1
| #define HAVE_WCHAR_H 1
| #define HAVE_STDARG 1
| #define HAVE_SYS_TIME_H 1
| #define HAVE_ALLOCA_H 1
| #define HAVE_ALLOCA 1
| #define HAVE_STDINT_H 1
| #define HAVE_VA_COPY 1
| #define HAVE_MEMMOVE 1
| #define HAVE_MEMSET 1
| #define HAVE_SETLOCALE 1
| #define HAVE_STRTOL 1
| #define HAVE_GETTIMEOFDAY 1
| #define HAVE_LONG_LONG 1
| /* end confdefs.h.  */
| #include <stdio.h>
| #ifdef HAVE_SYS_TYPES_H
| # include <sys/types.h>
| #endif
| #ifdef HAVE_SYS_STAT_H
| # include <sys/stat.h>
| #endif
| #ifdef STDC_HEADERS
| # include <stdlib.h>
| # include <stddef.h>
| #else
| # ifdef HAVE_STDLIB_H
| #  include <stdlib.h>
| # endif
| #endif
| #ifdef HAVE_STRING_H
| # if !defined STDC_HEADERS && defined HAVE_MEMORY_H
| #  include <memory.h>
| # endif
| # include <string.h>
| #endif
| #ifdef HAVE_STRINGS_H
| # include <strings.h>
| #endif
| #ifdef HAVE_INTTYPES_H
| # include <inttypes.h>
| #endif
| #ifdef HAVE_STDINT_H
| # include <stdint.h>
| #endif
| #ifdef HAVE_UNISTD_H
| # include <unistd.h>
| #endif
| int
| main ()
| {
| if (sizeof ((intmax_t)))
| 	  return 0;
|   ;
|   return 0;
| }
configure:8596: result: yes
configure:8608: checking for working INTMAX_MAX
configure:8637: gcc -std=gnu99 -c -Wall -Wmissing-prototypes -Wpointer-arith -O2 -pedantic -fomit-frame-pointer -m64 -mtune=core2 -march=core2  -I/workspace/cvcsoft/TexMol/release/include -I/workspace/cvcsoft/TexMol/third-party/mpfr/src conftest.c >&5
conftest.c: In function 'main':
conftest.c:38: warning: unused variable 'x'
configure:8644: $? = 0
configure:8661: result: yes
configure:8672: checking for union fpc_csr
configure:8705: gcc -std=gnu99 -c -Wall -Wmissing-prototypes -Wpointer-arith -O2 -pedantic -fomit-frame-pointer -m64 -mtune=core2 -march=core2  -I/workspace/cvcsoft/TexMol/release/include conftest.c >&5
conftest.c: In function 'main':
conftest.c:44: error: invalid application of 'sizeof' to incomplete type 'union fpc_csr' 
configure:8712: $? = 1
configure: failed program was:
| /* confdefs.h.  */
| #define PACKAGE_NAME "MPFR"
| #define PACKAGE_TARNAME "mpfr"
| #define PACKAGE_VERSION "3.1.1"
| #define PACKAGE_STRING "MPFR 3.1.1"
| #define PACKAGE_BUGREPORT ""
| #define TIME_WITH_SYS_TIME 1
| #define STDC_HEADERS 1
| #define HAVE_SYS_TYPES_H 1
| #define HAVE_SYS_STAT_H 1
| #define HAVE_STDLIB_H 1
| #define HAVE_STRING_H 1
| #define HAVE_MEMORY_H 1
| #define HAVE_STRINGS_H 1
| #define HAVE_INTTYPES_H 1
| #define HAVE_STDINT_H 1
| #define HAVE_UNISTD_H 1
| #define HAVE_LOCALE_H 1
| #define HAVE_WCHAR_H 1
| #define HAVE_STDARG 1
| #define HAVE_SYS_TIME_H 1
| #define HAVE_ALLOCA_H 1
| #define HAVE_ALLOCA 1
| #define HAVE_STDINT_H 1
| #define HAVE_VA_COPY 1
| #define HAVE_MEMMOVE 1
| #define HAVE_MEMSET 1
| #define HAVE_SETLOCALE 1
| #define HAVE_STRTOL 1
| #define HAVE_GETTIMEOFDAY 1
| #define HAVE_LONG_LONG 1
| #define HAVE_INTMAX_T 1
| #define MPFR_HAVE_INTMAX_MAX 1
| /* end confdefs.h.  */
| 
| #if HAVE_SYS_FPU_H
| #  include <sys/fpu.h>
| #endif
| 
| 
| int
| main ()
| {
| if (sizeof (union fpc_csr))
|        return 0;
|   ;
|   return 0;
| }
configure:8774: result: no
configure:8785: checking for fesetround
configure:8814: gcc -std=gnu99 -o conftest -Wall -Wmissing-prototypes -Wpointer-arith -O2 -pedantic -fomit-frame-pointer -m64 -mtune=core2 -march=core2  -I/workspace/cvcsoft/TexMol/release/include  -L/workspace/cvcsoft/TexMol/release/lib conftest.c  -lm >&5
configure:8821: $? = 0
configure:8843: result: yes
configure:8854: checking for gcc float-conversion bug
configure:8904: gcc -std=gnu99 -o conftest -Wall -Wmissing-prototypes -Wpointer-arith -O2 -pedantic -fomit-frame-pointer -m64 -mtune=core2 -march=core2  -I/workspace/cvcsoft/TexMol/release/include  -L/workspace/cvcsoft/TexMol/release/lib conftest.c  -lm >&5
configure:8908: $? = 0
configure:8914: ./conftest
configure:8918: $? = 0
configure:8937: result: no
configure:8944: checking for denormalized numbers
configure:8975: gcc -std=gnu99 -o conftest -Wall -Wmissing-prototypes -Wpointer-arith -O2 -pedantic -fomit-frame-pointer -m64 -mtune=core2 -march=core2  -I/workspace/cvcsoft/TexMol/release/include  -L/workspace/cvcsoft/TexMol/release/lib conftest.c  >&5
configure:8979: $? = 0
configure:8985: ./conftest
1.112537e-308
configure:8989: $? = 0
configure:9007: result: yes
configure:9017: checking if the FP division by 0 fails
configure:9047: gcc -std=gnu99 -o conftest -Wall -Wmissing-prototypes -Wpointer-arith -O2 -pedantic -fomit-frame-pointer -m64 -mtune=core2 -march=core2  -I/workspace/cvcsoft/TexMol/release/include  -L/workspace/cvcsoft/TexMol/release/lib conftest.c  >&5
configure:9051: $? = 0
configure:9057: ./conftest
configure:9061: $? = 0
configure:9079: result: no
configure:9095: checking if NAN == NAN
configure:9129: gcc -std=gnu99 -o conftest -Wall -Wmissing-prototypes -Wpointer-arith -O2 -pedantic -fomit-frame-pointer -m64 -mtune=core2 -march=core2  -I/workspace/cvcsoft/TexMol/release/include  -L/workspace/cvcsoft/TexMol/release/lib conftest.c  >&5
configure:9133: $? = 0
configure:9139: ./conftest
configure:9143: $? = 1
configure: program exited with status 1
configure: failed program was:
| /* confdefs.h.  */
| #define PACKAGE_NAME "MPFR"
| #define PACKAGE_TARNAME "mpfr"
| #define PACKAGE_VERSION "3.1.1"
| #define PACKAGE_STRING "MPFR 3.1.1"
| #define PACKAGE_BUGREPORT ""
| #define TIME_WITH_SYS_TIME 1
| #define STDC_HEADERS 1
| #define HAVE_SYS_TYPES_H 1
| #define HAVE_SYS_STAT_H 1
| #define HAVE_STDLIB_H 1
| #define HAVE_STRING_H 1
| #define HAVE_MEMORY_H 1
| #define HAVE_STRINGS_H 1
| #define HAVE_INTTYPES_H 1
| #define HAVE_STDINT_H 1
| #define HAVE_UNISTD_H 1
| #define HAVE_LOCALE_H 1
| #define HAVE_WCHAR_H 1
| #define HAVE_STDARG 1
| #define HAVE_SYS_TIME_H 1
| #define HAVE_ALLOCA_H 1
| #define HAVE_ALLOCA 1
| #define HAVE_STDINT_H 1
| #define HAVE_VA_COPY 1
| #define HAVE_MEMMOVE 1
| #define HAVE_MEMSET 1
| #define HAVE_SETLOCALE 1
| #define HAVE_STRTOL 1
| #define HAVE_GETTIMEOFDAY 1
| #define HAVE_LONG_LONG 1
| #define HAVE_INTMAX_T 1
| #define MPFR_HAVE_INTMAX_MAX 1
| #define MPFR_HAVE_FESETROUND 1
| #define HAVE_DENORMS 1
| /* end confdefs.h.  */
| 
| #include <stdio.h>
| #include <math.h>
| #ifndef NAN
| # define NAN (0.0/0.0)
| #endif
| int main() {
|   double d;
|   d = NAN;
|   return d != d;
| }
| 
configure:9161: result: no
configure:9191: checking if charset has consecutive values
configure:9231: gcc -std=gnu99 -o conftest -Wall -Wmissing-prototypes -Wpointer-arith -O2 -pedantic -fomit-frame-pointer -m64 -mtune=core2 -march=core2  -I/workspace/cvcsoft/TexMol/release/include  -L/workspace/cvcsoft/TexMol/release/lib conftest.c  >&5
configure:9235: $? = 0
configure:9241: ./conftest
configure:9245: $? = 0
configure:9247: result: yes
configure:9273: checking for math/round
configure:9303: gcc -std=gnu99 -o conftest -Wall -Wmissing-prototypes -Wpointer-arith -O2 -pedantic -fomit-frame-pointer -m64 -mtune=core2 -march=core2  -I/workspace/cvcsoft/TexMol/release/include  -L/workspace/cvcsoft/TexMol/release/lib conftest.c  -lm >&5
conftest.c:39: warning: no previous prototype for 'f'
configure:9310: $? = 0
configure:9319: result: yes
configure:9339: checking for math/trunc
configure:9369: gcc -std=gnu99 -o conftest -Wall -Wmissing-prototypes -Wpointer-arith -O2 -pedantic -fomit-frame-pointer -m64 -mtune=core2 -march=core2  -I/workspace/cvcsoft/TexMol/release/include  -L/workspace/cvcsoft/TexMol/release/lib conftest.c  -lm >&5
conftest.c:40: warning: no previous prototype for 'f'
configure:9376: $? = 0
configure:9385: result: yes
configure:9405: checking for math/floor
configure:9435: gcc -std=gnu99 -o conftest -Wall -Wmissing-prototypes -Wpointer-arith -O2 -pedantic -fomit-frame-pointer -m64 -mtune=core2 -march=core2  -I/workspace/cvcsoft/TexMol/release/include  -L/workspace/cvcsoft/TexMol/release/lib conftest.c  -lm >&5
conftest.c:41: warning: no previous prototype for 'f'
configure:9442: $? = 0
configure:9451: result: yes
configure:9471: checking for math/ceil
configure:9501: gcc -std=gnu99 -o conftest -Wall -Wmissing-prototypes -Wpointer-arith -O2 -pedantic -fomit-frame-pointer -m64 -mtune=core2 -march=core2  -I/workspace/cvcsoft/TexMol/release/include  -L/workspace/cvcsoft/TexMol/release/lib conftest.c  -lm >&5
conftest.c:42: warning: no previous prototype for 'f'
configure:9508: $? = 0
configure:9517: result: yes
configure:9537: checking for math/rint
configure:9567: gcc -std=gnu99 -o conftest -Wall -Wmissing-prototypes -Wpointer-arith -O2 -pedantic -fomit-frame-pointer -m64 -mtune=core2 -march=core2  -I/workspace/cvcsoft/TexMol/release/include  -L/workspace/cvcsoft/TexMol/release/lib conftest.c  -lm >&5
conftest.c:43: warning: no previous prototype for 'f'
configure:9574: $? = 0
configure:9583: result: yes
configure:9608: checking for long double
configure:9636: gcc -std=gnu99 -c -Wall -Wmissing-prototypes -Wpointer-arith -O2 -pedantic -fomit-frame-pointer -m64 -mtune=core2 -march=core2  -I/workspace/cvcsoft/TexMol/release/include conftest.c >&5
configure:9643: $? = 0
configure:9670: gcc -std=gnu99 -c -Wall -Wmissing-prototypes -Wpointer-arith -O2 -pedantic -fomit-frame-pointer -m64 -mtune=core2 -march=core2  -I/workspace/cvcsoft/TexMol/release/include conftest.c >&5
conftest.c: In function 'main':
conftest.c:78: error: expected expression before ')' token
configure:9677: $? = 1
configure: failed program was:
| /* confdefs.h.  */
| #define PACKAGE_NAME "MPFR"
| #define PACKAGE_TARNAME "mpfr"
| #define PACKAGE_VERSION "3.1.1"
| #define PACKAGE_STRING "MPFR 3.1.1"
| #define PACKAGE_BUGREPORT ""
| #define TIME_WITH_SYS_TIME 1
| #define STDC_HEADERS 1
| #define HAVE_SYS_TYPES_H 1
| #define HAVE_SYS_STAT_H 1
| #define HAVE_STDLIB_H 1
| #define HAVE_STRING_H 1
| #define HAVE_MEMORY_H 1
| #define HAVE_STRINGS_H 1
| #define HAVE_INTTYPES_H 1
| #define HAVE_STDINT_H 1
| #define HAVE_UNISTD_H 1
| #define HAVE_LOCALE_H 1
| #define HAVE_WCHAR_H 1
| #define HAVE_STDARG 1
| #define HAVE_SYS_TIME_H 1
| #define HAVE_ALLOCA_H 1
| #define HAVE_ALLOCA 1
| #define HAVE_STDINT_H 1
| #define HAVE_VA_COPY 1
| #define HAVE_MEMMOVE 1
| #define HAVE_MEMSET 1
| #define HAVE_SETLOCALE 1
| #define HAVE_STRTOL 1
| #define HAVE_GETTIMEOFDAY 1
| #define HAVE_LONG_LONG 1
| #define HAVE_INTMAX_T 1
| #define MPFR_HAVE_INTMAX_MAX 1
| #define MPFR_HAVE_FESETROUND 1
| #define HAVE_DENORMS 1
| #define HAVE_ROUND 1
| #define HAVE_TRUNC 1
| #define HAVE_FLOOR 1
| #define HAVE_CEIL 1
| #define HAVE_NEARBYINT 1
| /* end confdefs.h.  */
| #include <stdio.h>
| #ifdef HAVE_SYS_TYPES_H
| # include <sys/types.h>
| #endif
| #ifdef HAVE_SYS_STAT_H
| # include <sys/stat.h>
| #endif
| #ifdef STDC_HEADERS
| # include <stdlib.h>
| # include <stddef.h>
| #else
| # ifdef HAVE_STDLIB_H
| #  include <stdlib.h>
| # endif
| #endif
| #ifdef HAVE_STRING_H
| # if !defined STDC_HEADERS && defined HAVE_MEMORY_H
| #  include <memory.h>
| # endif
| # include <string.h>
| #endif
| #ifdef HAVE_STRINGS_H
| # include <strings.h>
| #endif
| #ifdef HAVE_INTTYPES_H
| # include <inttypes.h>
| #endif
| #ifdef HAVE_STDINT_H
| # include <stdint.h>
| #endif
| #ifdef HAVE_UNISTD_H
| # include <unistd.h>
| #endif
| int
| main ()
| {
| if (sizeof ((long double)))
| 	  return 0;
|   ;
|   return 0;
| }
configure:9700: result: yes
configure:9711: checking format of `long double' floating point
configure:9738: gcc -std=gnu99 -Wall -Wmissing-prototypes -Wpointer-arith -O2 -pedantic -fomit-frame-pointer -m64 -mtune=core2 -march=core2  -I/workspace/cvcsoft/TexMol/release/include -c conftest.c >&5 2>&1
configure:9741: $? = 0
configure:10013: result: IEEE extended, little endian
configure:10067: checking for TLS support
configure:10107: gcc -std=gnu99 -o conftest -Wall -Wmissing-prototypes -Wpointer-arith -O2 -pedantic -fomit-frame-pointer -m64 -mtune=core2 -march=core2  -I/workspace/cvcsoft/TexMol/release/include -I/workspace/cvcsoft/TexMol/third-party/mpfr/src  -L/workspace/cvcsoft/TexMol/release/lib conftest.c  >&5
configure:10111: $? = 0
configure:10117: ./conftest
configure:10121: $? = 0
configure:10123: result: yes
configure:10156: checking for gmp.h
configure:10174: gcc -std=gnu99 -c -Wall -Wmissing-prototypes -Wpointer-arith -O2 -pedantic -fomit-frame-pointer -m64 -mtune=core2 -march=core2  -I/workspace/cvcsoft/TexMol/release/include conftest.c >&5
configure:10181: $? = 0
configure:10186: result: yes
configure:10674: checking how to print strings
configure:10701: result: printf
configure:10722: checking for a sed that does not truncate output
configure:10788: result: /bin/sed
configure:10806: checking for fgrep
configure:10870: result: /bin/grep -F
configure:10905: checking for ld used by gcc -std=gnu99
configure:10972: result: /usr/bin/ld
configure:10981: checking if the linker (/usr/bin/ld) is GNU ld
configure:10996: result: yes
configure:11008: checking for BSD- or MS-compatible name lister (nm)
configure:11057: result: /usr/bin/nm -B
configure:11187: checking the name lister (/usr/bin/nm -B) interface
configure:11194: gcc -std=gnu99 -c -Wall -Wmissing-prototypes -Wpointer-arith -O2 -pedantic -fomit-frame-pointer -m64 -mtune=core2 -march=core2  -I/workspace/cvcsoft/TexMol/release/include conftest.c >&5
configure:11197: /usr/bin/nm -B "conftest.o"
configure:11200: output
0000000000000000 B some_variable
configure:11207: result: BSD nm
configure:11210: checking whether ln -s works
configure:11214: result: yes
configure:11222: checking the maximum length of command line arguments
configure:11352: result: 1966080
configure:11369: checking whether the shell understands some XSI constructs
configure:11379: result: yes
configure:11383: checking whether the shell understands "+="
configure:11389: result: yes
configure:11424: checking how to convert x86_64-unknown-linux-gnu file names to x86_64-unknown-linux-gnu format
configure:11464: result: func_convert_file_noop
configure:11471: checking how to convert x86_64-unknown-linux-gnu file names to toolchain format
configure:11491: result: func_convert_file_noop
configure:11498: checking for /usr/bin/ld option to reload object files
configure:11505: result: -r
configure:11579: checking for objdump
configure:11606: result: objdump
configure:11635: checking how to recognize dependent libraries
configure:11833: result: pass_all
configure:11918: checking for dlltool
configure:11945: result: dlltool
configure:11975: checking how to associate runtime and link libraries
configure:12002: result: printf %s\n
configure:12062: checking for ar
configure:12078: found /usr/bin/ar
configure:12089: result: ar
configure:12126: checking for archiver @FILE support
configure:12153: gcc -std=gnu99 -c -Wall -Wmissing-prototypes -Wpointer-arith -O2 -pedantic -fomit-frame-pointer -m64 -mtune=core2 -march=core2  -I/workspace/cvcsoft/TexMol/release/include conftest.c >&5
configure:12160: $? = 0
configure:12167: ar cru libconftest.a @conftest.lst >&5
configure:12170: $? = 0
configure:12175: ar cru libconftest.a @conftest.lst >&5
ar: conftest.o: No such file or directory
configure:12178: $? = 1
configure:12196: result: @
configure:12254: checking for strip
configure:12270: found /usr/bin/strip
configure:12281: result: strip
configure:12353: checking for ranlib
configure:12369: found /usr/bin/ranlib
configure:12380: result: ranlib
configure:12482: checking command to parse /usr/bin/nm -B output from gcc -std=gnu99 object
configure:12602: gcc -std=gnu99 -c -Wall -Wmissing-prototypes -Wpointer-arith -O2 -pedantic -fomit-frame-pointer -m64 -mtune=core2 -march=core2  -I/workspace/cvcsoft/TexMol/release/include conftest.c >&5
configure:12605: $? = 0
configure:12609: /usr/bin/nm -B conftest.o \| sed -n -e 's/^.*[ ]\([ABCDGIRSTW][ABCDGIRSTW]*\)[ ][ ]*\([_A-Za-z][_A-Za-z0-9]*\)$/\1 \2 \2/p' | sed '/ __gnu_lto/d' \> conftest.nm
configure:12612: $? = 0
configure:12678: gcc -std=gnu99 -o conftest -Wall -Wmissing-prototypes -Wpointer-arith -O2 -pedantic -fomit-frame-pointer -m64 -mtune=core2 -march=core2  -I/workspace/cvcsoft/TexMol/release/include  -L/workspace/cvcsoft/TexMol/release/lib conftest.c conftstm.o >&5
conftest.c:29: warning: ISO C forbids conversion of function pointer to object pointer type
configure:12681: $? = 0
configure:12719: result: ok
configure:12756: checking for sysroot
configure:12788: result: no
configure:12865: gcc -std=gnu99 -c -Wall -Wmissing-prototypes -Wpointer-arith -O2 -pedantic -fomit-frame-pointer -m64 -mtune=core2 -march=core2  -I/workspace/cvcsoft/TexMol/release/include conftest.c >&5
configure:12868: $? = 0
configure:13073: checking for mt
configure:13103: result: no
configure:13123: checking if : is a manifest tool
configure:13129: : '-?'
configure:13137: result: no
configure:13807: checking for dlfcn.h
configure:13828: gcc -std=gnu99 -c -Wall -Wmissing-prototypes -Wpointer-arith -O2 -pedantic -fomit-frame-pointer -m64 -mtune=core2 -march=core2  -I/workspace/cvcsoft/TexMol/release/include conftest.c >&5
configure:13835: $? = 0
configure:13852: result: yes
configure:14058: checking for objdir
configure:14073: result: .libs
configure:14344: checking if gcc -std=gnu99 supports -fno-rtti -fno-exceptions
configure:14362: gcc -std=gnu99 -c -Wall -Wmissing-prototypes -Wpointer-arith -O2 -pedantic -fomit-frame-pointer -m64 -mtune=core2 -march=core2  -I/workspace/cvcsoft/TexMol/release/include -fno-rtti -fno-exceptions conftest.c >&5
cc1: warning: command line option "-fno-rtti" is valid for C++/ObjC++ but not for C
configure:14366: $? = 0
configure:14379: result: no
configure:14714: checking for gcc -std=gnu99 option to produce PIC
configure:14721: result: -fPIC -DPIC
configure:14729: checking if gcc -std=gnu99 PIC flag -fPIC -DPIC works
configure:14747: gcc -std=gnu99 -c -Wall -Wmissing-prototypes -Wpointer-arith -O2 -pedantic -fomit-frame-pointer -m64 -mtune=core2 -march=core2  -I/workspace/cvcsoft/TexMol/release/include -fPIC -DPIC -DPIC conftest.c >&5
configure:14751: $? = 0
configure:14764: result: yes
configure:14793: checking if gcc -std=gnu99 static flag -static works
configure:14821: result: no
configure:14836: checking if gcc -std=gnu99 supports -c -o file.o
configure:14857: gcc -std=gnu99 -c -Wall -Wmissing-prototypes -Wpointer-arith -O2 -pedantic -fomit-frame-pointer -m64 -mtune=core2 -march=core2  -I/workspace/cvcsoft/TexMol/release/include -o out/conftest2.o conftest.c >&5
configure:14861: $? = 0
configure:14883: result: yes
configure:14891: checking if gcc -std=gnu99 supports -c -o file.o
configure:14938: result: yes
configure:14971: checking whether the gcc -std=gnu99 linker (/usr/bin/ld -m elf_x86_64) supports shared libraries
configure:16219: result: yes
configure:16459: checking dynamic linker characteristics
configure:16969: gcc -std=gnu99 -o conftest -Wall -Wmissing-prototypes -Wpointer-arith -O2 -pedantic -fomit-frame-pointer -m64 -mtune=core2 -march=core2  -I/workspace/cvcsoft/TexMol/release/include  -L/workspace/cvcsoft/TexMol/release/lib -Wl,-rpath -Wl,/foo conftest.c  >&5
configure:16976: $? = 0
configure:17225: result: GNU/Linux ld.so
configure:17332: checking how to hardcode library paths into programs
configure:17357: result: immediate
configure:18210: checking whether stripping libraries is possible
configure:18215: result: yes
configure:18250: checking if libtool supports shared libraries
configure:18252: result: yes
configure:18255: checking whether to build shared libraries
configure:18276: result: no
configure:18279: checking whether to build static libraries
configure:18283: result: yes
configure:18323: checking whether gcc __attribute__ ((mode (XX))) works
configure:18349: gcc -std=gnu99 -c -Wall -Wmissing-prototypes -Wpointer-arith -O2 -pedantic -fomit-frame-pointer -m64 -mtune=core2 -march=core2  -I/workspace/cvcsoft/TexMol/release/include conftest.c >&5
configure:18356: $? = 0
configure:18372: result: yes
configure:18385: checking for recent GMP
configure:18407: gcc -std=gnu99 -c -Wall -Wmissing-prototypes -Wpointer-arith -O2 -pedantic -fomit-frame-pointer -m64 -mtune=core2 -march=core2  -I/workspace/cvcsoft/TexMol/release/include conftest.c >&5
configure:18414: $? = 0
configure:18419: result: yes
configure:18572: checking for __gmpz_init in -lgmp
configure:18607: gcc -std=gnu99 -o conftest -Wall -Wmissing-prototypes -Wpointer-arith -O2 -pedantic -fomit-frame-pointer -m64 -mtune=core2 -march=core2  -I/workspace/cvcsoft/TexMol/release/include  -L/workspace/cvcsoft/TexMol/release/lib conftest.c -lgmp   >&5
configure:18614: $? = 0
configure:18635: result: yes
configure:18648: checking if gmp.h version and libgmp version are the same
configure:18694: gcc -std=gnu99 -o conftest -Wall -Wmissing-prototypes -Wpointer-arith -O2 -pedantic -fomit-frame-pointer -m64 -mtune=core2 -march=core2  -I/workspace/cvcsoft/TexMol/release/include  -L/workspace/cvcsoft/TexMol/release/lib conftest.c -lgmp  >&5
configure:18698: $? = 0
configure:18704: ./conftest
configure:18708: $? = 0
configure:18710: result: yes
configure:18715: checking if gmp_printf supports "%jd"
configure:18764: gcc -std=gnu99 -o conftest -Wall -Wmissing-prototypes -Wpointer-arith -O2 -pedantic -fomit-frame-pointer -m64 -mtune=core2 -march=core2  -I/workspace/cvcsoft/TexMol/release/include  -L/workspace/cvcsoft/TexMol/release/lib conftest.c -lgmp  >&5
conftest.c: In function 'main':
conftest.c:68: warning: implicit declaration of function 'strcmp'
configure:18768: $? = 0
configure:18774: ./conftest
configure:18778: $? = 0
configure:18780: result: yes
configure:18806: checking if gmp_printf supports "%hhd"
configure:18850: gcc -std=gnu99 -o conftest -Wall -Wmissing-prototypes -Wpointer-arith -O2 -pedantic -fomit-frame-pointer -m64 -mtune=core2 -march=core2  -I/workspace/cvcsoft/TexMol/release/include  -L/workspace/cvcsoft/TexMol/release/lib conftest.c -lgmp  >&5
conftest.c: In function 'main':
conftest.c:63: warning: implicit declaration of function 'strcmp'
configure:18854: $? = 0
configure:18860: ./conftest
configure:18864: $? = 0
configure:18866: result: yes
configure:18891: checking if gmp_printf supports "%lld"
configure:18935: gcc -std=gnu99 -o conftest -Wall -Wmissing-prototypes -Wpointer-arith -O2 -pedantic -fomit-frame-pointer -m64 -mtune=core2 -march=core2  -I/workspace/cvcsoft/TexMol/release/include  -L/workspace/cvcsoft/TexMol/release/lib conftest.c -lgmp  >&5
conftest.c: In function 'main':
conftest.c:63: warning: implicit declaration of function 'strcmp'
configure:18939: $? = 0
configure:18945: ./conftest
configure:18949: $? = 0
configure:18951: result: yes
configure:18976: checking if gmp_printf supports "%Lf"
configure:19020: gcc -std=gnu99 -o conftest -Wall -Wmissing-prototypes -Wpointer-arith -O2 -pedantic -fomit-frame-pointer -m64 -mtune=core2 -march=core2  -I/workspace/cvcsoft/TexMol/release/include  -L/workspace/cvcsoft/TexMol/release/lib conftest.c -lgmp  >&5
conftest.c: In function 'main':
conftest.c:63: warning: implicit declaration of function 'strcmp'
configure:19024: $? = 0
configure:19030: ./conftest
configure:19034: $? = 0
configure:19036: result: yes
configure:19061: checking if gmp_printf supports "%td"
configure:19110: gcc -std=gnu99 -o conftest -Wall -Wmissing-prototypes -Wpointer-arith -O2 -pedantic -fomit-frame-pointer -m64 -mtune=core2 -march=core2  -I/workspace/cvcsoft/TexMol/release/include  -L/workspace/cvcsoft/TexMol/release/lib conftest.c -lgmp  >&5
conftest.c: In function 'main':
conftest.c:68: warning: implicit declaration of function 'strcmp'
configure:19114: $? = 0
configure:19120: ./conftest
configure:19124: $? = 0
configure:19126: result: yes
configure:19192: checking for __gmpn_rootrem
configure:19248: gcc -std=gnu99 -o conftest -Wall -Wmissing-prototypes -Wpointer-arith -O2 -pedantic -fomit-frame-pointer -m64 -mtune=core2 -march=core2  -I/workspace/cvcsoft/TexMol/release/include  -L/workspace/cvcsoft/TexMol/release/lib conftest.c -lgmp  >&5
configure:19255: $? = 0
configure:19277: result: yes
configure:19192: checking for __gmpn_sbpi1_divappr_q
configure:19248: gcc -std=gnu99 -o conftest -Wall -Wmissing-prototypes -Wpointer-arith -O2 -pedantic -fomit-frame-pointer -m64 -mtune=core2 -march=core2  -I/workspace/cvcsoft/TexMol/release/include  -L/workspace/cvcsoft/TexMol/release/lib conftest.c -lgmp  >&5
configure:19255: $? = 0
configure:19277: result: yes
configure:19487: creating ./config.status

## ---------------------- ##
## Running config.status. ##
## ---------------------- ##

This file was extended by MPFR config.status 3.1.1, which was
generated by GNU Autoconf 2.63.  Invocation command line was

  CONFIG_FILES    = 
  CONFIG_HEADERS  = 
  CONFIG_LINKS    = 
  CONFIG_COMMANDS = 
  $ ./config.status 

on electron.ices.utexas.edu

config.status:936: creating Makefile
config.status:936: creating doc/Makefile
config.status:936: creating src/Makefile
config.status:936: creating tests/Makefile
config.status:936: creating tune/Makefile
config.status:936: creating src/mparam.h
config.status:1140: executing depfiles commands
config.status:1140: executing libtool commands

## ---------------- ##
## Cache variables. ##
## ---------------- ##

ac_cv_build=x86_64-unknown-linux-gnu
ac_cv_c_compiler_gnu=yes
ac_cv_c_const=yes
ac_cv_c_volatile=yes
ac_cv_env_CC_set=
ac_cv_env_CC_value=
ac_cv_env_CFLAGS_set=
ac_cv_env_CFLAGS_value=
ac_cv_env_CPPFLAGS_set=
ac_cv_env_CPPFLAGS_value=
ac_cv_env_CPP_set=
ac_cv_env_CPP_value=
ac_cv_env_LDFLAGS_set=
ac_cv_env_LDFLAGS_value=
ac_cv_env_LIBS_set=
ac_cv_env_LIBS_value=
ac_cv_env_build_alias_set=
ac_cv_env_build_alias_value=
ac_cv_env_host_alias_set=
ac_cv_env_host_alias_value=
ac_cv_env_target_alias_set=
ac_cv_env_target_alias_value=
ac_cv_func___gmpn_rootrem=yes
ac_cv_func___gmpn_sbpi1_divappr_q=yes
ac_cv_func_alloca_works=yes
ac_cv_func_gettimeofday=yes
ac_cv_func_memmove=yes
ac_cv_func_memset=yes
ac_cv_func_setlocale=yes
ac_cv_func_strtol=yes
ac_cv_header_dlfcn_h=yes
ac_cv_header_float_h=yes
ac_cv_header_inttypes_h=yes
ac_cv_header_limits_h=yes
ac_cv_header_locale_h=yes
ac_cv_header_memory_h=yes
ac_cv_header_stdarg_h=yes
ac_cv_header_stdc=yes
ac_cv_header_stdint_h=yes
ac_cv_header_stdlib_h=yes
ac_cv_header_string_h=yes
ac_cv_header_strings_h=yes
ac_cv_header_sys_fpu_h=no
ac_cv_header_sys_stat_h=yes
ac_cv_header_sys_time_h=yes
ac_cv_header_sys_types_h=yes
ac_cv_header_time=yes
ac_cv_header_unistd_h=yes
ac_cv_header_wchar_h=yes
ac_cv_host=x86_64-unknown-linux-gnu
ac_cv_lib_gmp___gmpz_init=yes
ac_cv_lib_m_main=yes
ac_cv_objext=o
ac_cv_path_EGREP='/bin/grep -E'
ac_cv_path_FGREP='/bin/grep -F'
ac_cv_path_GREP=/bin/grep
ac_cv_path_SED=/bin/sed
ac_cv_path_install='/usr/bin/install -c'
ac_cv_path_mkdir=/bin/mkdir
ac_cv_prog_AWK=gawk
ac_cv_prog_CPP='gcc -std=gnu99 -E'
ac_cv_prog_ac_ct_AR=ar
ac_cv_prog_ac_ct_CC='gcc -std=gnu99'
ac_cv_prog_ac_ct_DLLTOOL=dlltool
ac_cv_prog_ac_ct_OBJDUMP=objdump
ac_cv_prog_ac_ct_RANLIB=ranlib
ac_cv_prog_ac_ct_STRIP=strip
ac_cv_prog_cc_c89=
ac_cv_prog_cc_g=yes
ac_cv_prog_cc_gcc_c_o=yes
ac_cv_prog_make_make_set=yes
ac_cv_type_intmax_t=yes
ac_cv_type_long_double=yes
ac_cv_type_long_long_int=yes
ac_cv_type_union_fpc_csr=no
ac_cv_working_alloca_h=yes
am_cv_CC_dependencies_compiler_type=gcc3
gl_cv_size_max=yes
gmp_cv_c_attribute_mode=yes
lt_cv_ar_at_file=@
lt_cv_deplibs_check_method=pass_all
lt_cv_file_magic_cmd='$MAGIC_CMD'
lt_cv_file_magic_test_file=
lt_cv_ld_reload_flag=-r
lt_cv_nm_interface='BSD nm'
lt_cv_objdir=.libs
lt_cv_path_LD=/usr/bin/ld
lt_cv_path_NM='/usr/bin/nm -B'
lt_cv_path_mainfest_tool=no
lt_cv_prog_compiler_c_o=yes
lt_cv_prog_compiler_pic='-fPIC -DPIC'
lt_cv_prog_compiler_pic_works=yes
lt_cv_prog_compiler_rtti_exceptions=no
lt_cv_prog_compiler_static_works=no
lt_cv_prog_gnu_ld=yes
lt_cv_sharedlib_from_linklib_cmd='printf %s\n'
lt_cv_shlibpath_overrides_runpath=no
lt_cv_sys_global_symbol_pipe='sed -n -e '\''s/^.*[	 ]\([ABCDGIRSTW][ABCDGIRSTW]*\)[	 ][	 ]*\([_A-Za-z][_A-Za-z0-9]*\)$/\1 \2 \2/p'\'' | sed '\''/ __gnu_lto/d'\'''
lt_cv_sys_global_symbol_to_c_name_address='sed -n -e '\''s/^: \([^ ]*\)[ ]*$/  {\"\1\", (void *) 0},/p'\'' -e '\''s/^[ABCDGIRSTW]* \([^ ]*\) \([^ ]*\)$/  {"\2", (void *) \&\2},/p'\'''
lt_cv_sys_global_symbol_to_c_name_address_lib_prefix='sed -n -e '\''s/^: \([^ ]*\)[ ]*$/  {\"\1\", (void *) 0},/p'\'' -e '\''s/^[ABCDGIRSTW]* \([^ ]*\) \(lib[^ ]*\)$/  {"\2", (void *) \&\2},/p'\'' -e '\''s/^[ABCDGIRSTW]* \([^ ]*\) \([^ ]*\)$/  {"lib\2", (void *) \&\2},/p'\'''
lt_cv_sys_global_symbol_to_cdecl='sed -n -e '\''s/^T .* \(.*\)$/extern int \1();/p'\'' -e '\''s/^[ABCDGIRSTW]* .* \(.*\)$/extern char \1;/p'\'''
lt_cv_sys_max_cmd_len=1966080
lt_cv_to_host_file_cmd=func_convert_file_noop
lt_cv_to_tool_file_cmd=func_convert_file_noop
mpfr_cv_c_long_double_format='IEEE extended, little endian'
mpfr_cv_errdivzero=no
mpfr_cv_gcc_floatconv_bug=no
mpfr_cv_have_denorms=yes
mpfr_cv_have_fesetround=yes
mpfr_cv_have_intmax_max=yes
mpfr_cv_nanisnan=no

## ----------------- ##
## Output variables. ##
## ----------------- ##

ACLOCAL='${SHELL} /workspace/cvcsoft/TexMol/third-party/mpfr/missing --run aclocal-1.11'
ALLOCA=''
AMDEPBACKSLASH='\'
AMDEP_FALSE='#'
AMDEP_TRUE=''
AMTAR='$${TAR-tar}'
AR='ar'
AS='as'
AUTOCONF='${SHELL} /workspace/cvcsoft/TexMol/third-party/mpfr/missing --run autoconf'
AUTOHEADER='${SHELL} /workspace/cvcsoft/TexMol/third-party/mpfr/missing --run autoheader'
AUTOMAKE='${SHELL} /workspace/cvcsoft/TexMol/third-party/mpfr/missing --run automake-1.11'
AWK='gawk'
CC='gcc -std=gnu99'
CCDEPMODE='depmode=gcc3'
CFLAGS='-Wall -Wmissing-prototypes -Wpointer-arith -O2 -pedantic -fomit-frame-pointer -m64 -mtune=core2 -march=core2'
CPP='gcc -std=gnu99 -E'
CPPFLAGS=' -I/workspace/cvcsoft/TexMol/release/include'
CYGPATH_W='echo'
DATAFILES=''
DEFS='-DTIME_WITH_SYS_TIME=1 -DHAVE_INTTYPES_H=1 -DHAVE_STDINT_H=1 -DHAVE_LOCALE_H=1 -DHAVE_WCHAR_H=1 -DHAVE_STDARG=1 -DHAVE_SYS_TIME_H=1 -DHAVE_ALLOCA_H=1 -DHAVE_STDINT_H=1 -DHAVE_VA_COPY=1 -DHAVE_SETLOCALE=1 -DHAVE_GETTIMEOFDAY=1 -DHAVE_LONG_LONG=1 -DHAVE_INTMAX_T=1 -DMPFR_HAVE_INTMAX_MAX=1 -DMPFR_HAVE_FESETROUND=1 -DHAVE_DENORMS=1 -DHAVE_ROUND=1 -DHAVE_TRUNC=1 -DHAVE_FLOOR=1 -DHAVE_CEIL=1 -DHAVE_NEARBYINT=1 -DHAVE_LDOUBLE_IEEE_EXT_LITTLE=1 -DMPFR_USE_THREAD_SAFE=1 -DLT_OBJDIR=\".libs/\" -DHAVE_ATTRIBUTE_MODE=1 -DHAVE___GMPN_ROOTREM=1 -DHAVE___GMPN_SBPI1_DIVAPPR_Q=1'
DEPDIR='.deps'
DLLTOOL='dlltool'
DSYMUTIL=''
DUMPBIN=''
ECHO_C=''
ECHO_N='-n'
ECHO_T=''
EGREP='/bin/grep -E'
EXEEXT=''
FGREP='/bin/grep -F'
GREP='/bin/grep'
INSTALL_DATA='${INSTALL} -m 644'
INSTALL_PROGRAM='${INSTALL}'
INSTALL_SCRIPT='${INSTALL}'
INSTALL_STRIP_PROGRAM='$(install_sh) -c -s'
LD='/usr/bin/ld -m elf_x86_64'
LDFLAGS=' -L/workspace/cvcsoft/TexMol/release/lib'
LIBMPFR_LDFLAGS=''
LIBOBJS=''
LIBS='-lgmp '
LIBTOOL='$(SHELL) $(top_builddir)/libtool'
LIPO=''
LN_S='ln -s'
LTLIBOBJS=''
MAINT=''
MAINTAINER_MODE_FALSE='#'
MAINTAINER_MODE_TRUE=''
MAKEINFO='${SHELL} /workspace/cvcsoft/TexMol/third-party/mpfr/missing --run makeinfo'
MANIFEST_TOOL=':'
MKDIR_P='/bin/mkdir -p'
MPFR_LDFLAGS=''
MPFR_LIBM='-lm'
NM='/usr/bin/nm -B'
NMEDIT=''
OBJDUMP='objdump'
OBJEXT='o'
OTOOL64=''
OTOOL=''
PACKAGE='mpfr'
PACKAGE_BUGREPORT=''
PACKAGE_NAME='MPFR'
PACKAGE_STRING='MPFR 3.1.1'
PACKAGE_TARNAME='mpfr'
PACKAGE_VERSION='3.1.1'
PATH_SEPARATOR=':'
RANLIB='ranlib'
SED='/bin/sed'
SET_MAKE=''
SHELL='/bin/sh'
STRIP='strip'
VERSION='3.1.1'
ac_ct_AR='ar'
ac_ct_CC='gcc -std=gnu99'
ac_ct_DUMPBIN=''
am__EXEEXT_FALSE=''
am__EXEEXT_TRUE='#'
am__fastdepCC_FALSE='#'
am__fastdepCC_TRUE=''
am__include='include'
am__isrc=' -I$(srcdir)'
am__leading_dot='.'
am__nodep='_no'
am__quote=''
am__tar='$${TAR-tar} chof - "$$tardir"'
am__untar='$${TAR-tar} xf -'
bindir='${exec_prefix}/bin'
build='x86_64-unknown-linux-gnu'
build_alias=''
build_cpu='x86_64'
build_os='linux-gnu'
build_vendor='unknown'
datadir='${datarootdir}'
datarootdir='${prefix}/share'
docdir='${datarootdir}/doc/${PACKAGE_TARNAME}'
dvidir='${docdir}'
exec_prefix='${prefix}'
host='x86_64-unknown-linux-gnu'
host_alias=''
host_cpu='x86_64'
host_os='linux-gnu'
host_vendor='unknown'
htmldir='${docdir}'
includedir='${prefix}/include'
infodir='${datarootdir}/info'
install_sh='${SHELL} /workspace/cvcsoft/TexMol/third-party/mpfr/install-sh'
libdir='${exec_prefix}/lib'
libexecdir='${exec_prefix}/libexec'
localedir='${datarootdir}/locale'
localstatedir='${prefix}/var'
mandir='${datarootdir}/man'
mkdir_p='/bin/mkdir -p'
oldincludedir='/usr/include'
pdfdir='${docdir}'
prefix='/workspace/cvcsoft/TexMol/release'
program_transform_name='s,x,x,'
psdir='${docdir}'
sbindir='${exec_prefix}/sbin'
sharedstatedir='${prefix}/com'
sysconfdir='${prefix}/etc'
target_alias=''

## ----------- ##
## confdefs.h. ##
## ----------- ##

#define TIME_WITH_SYS_TIME 1
#define HAVE_INTTYPES_H 1
#define HAVE_STDINT_H 1
#define HAVE_LOCALE_H 1
#define HAVE_WCHAR_H 1
#define HAVE_STDARG 1
#define HAVE_SYS_TIME_H 1
#define HAVE_ALLOCA_H 1
#define HAVE_STDINT_H 1
#define HAVE_VA_COPY 1
#define HAVE_SETLOCALE 1
#define HAVE_GETTIMEOFDAY 1
#define HAVE_LONG_LONG 1
#define HAVE_INTMAX_T 1
#define MPFR_HAVE_INTMAX_MAX 1
#define MPFR_HAVE_FESETROUND 1
#define HAVE_DENORMS 1
#define HAVE_ROUND 1
#define HAVE_TRUNC 1
#define HAVE_FLOOR 1
#define HAVE_CEIL 1
#define HAVE_NEARBYINT 1
#define HAVE_LDOUBLE_IEEE_EXT_LITTLE 1
#define MPFR_USE_THREAD_SAFE 1
#define LT_OBJDIR ".libs/"
#define HAVE_ATTRIBUTE_MODE 1
#define HAVE___GMPN_ROOTREM 1
#define HAVE___GMPN_SBPI1_DIVAPPR_Q 1

configure: exit 0
