The system is: Linux - 2.6.32-279.22.1.el6.x86_64 - x86_64
Compiling the C compiler identification source file "CMakeCCompilerId.c" succeeded.
Compiler: /usr/bin/gcc 
Build flags: 
Id flags: 

The output was:
0


Compilation of the C compiler identification source "CMakeCCompilerId.c" produced "a.out"

The C compiler identification is GNU, found in "/workspace/cvcsoft/TexMol/release/CMakeFiles/CompilerIdC/a.out"

Compiling the CXX compiler identification source file "CMakeCXXCompilerId.cpp" succeeded.
Compiler: /usr/bin/c++ 
Build flags: 
Id flags: 

The output was:
0


Compilation of the CXX compiler identification source "CMakeCXXCompilerId.cpp" produced "a.out"

The CXX compiler identification is GNU, found in "/workspace/cvcsoft/TexMol/release/CMakeFiles/CompilerIdCXX/a.out"

Determining if the C compiler works passed with the following output:
Change Dir: /workspace/cvcsoft/TexMol/release/CMakeFiles/CMakeTmp

Run Build Command:/usr/bin/gmake "cmTryCompileExec866491883/fast"
/usr/bin/gmake -f CMakeFiles/cmTryCompileExec866491883.dir/build.make CMakeFiles/cmTryCompileExec866491883.dir/build
gmake[1]: Entering directory `/workspace/cvcsoft/TexMol/release/CMakeFiles/CMakeTmp'
/opt/apps/ossw/applications/cmake/cmake-2.8.9/sl6/bin/cmake -E cmake_progress_report /workspace/cvcsoft/TexMol/release/CMakeFiles/CMakeTmp/CMakeFiles 1
Building C object CMakeFiles/cmTryCompileExec866491883.dir/testCCompiler.c.o
/usr/bin/gcc    -o CMakeFiles/cmTryCompileExec866491883.dir/testCCompiler.c.o   -c /workspace/cvcsoft/TexMol/release/CMakeFiles/CMakeTmp/testCCompiler.c
Linking C executable cmTryCompileExec866491883
/opt/apps/ossw/applications/cmake/cmake-2.8.9/sl6/bin/cmake -E cmake_link_script CMakeFiles/cmTryCompileExec866491883.dir/link.txt --verbose=1
/usr/bin/gcc         CMakeFiles/cmTryCompileExec866491883.dir/testCCompiler.c.o  -o cmTryCompileExec866491883 -rdynamic 
gmake[1]: Leaving directory `/workspace/cvcsoft/TexMol/release/CMakeFiles/CMakeTmp'


Detecting C compiler ABI info compiled with the following output:
Change Dir: /workspace/cvcsoft/TexMol/release/CMakeFiles/CMakeTmp

Run Build Command:/usr/bin/gmake "cmTryCompileExec4117092124/fast"
/usr/bin/gmake -f CMakeFiles/cmTryCompileExec4117092124.dir/build.make CMakeFiles/cmTryCompileExec4117092124.dir/build
gmake[1]: Entering directory `/workspace/cvcsoft/TexMol/release/CMakeFiles/CMakeTmp'
/opt/apps/ossw/applications/cmake/cmake-2.8.9/sl6/bin/cmake -E cmake_progress_report /workspace/cvcsoft/TexMol/release/CMakeFiles/CMakeTmp/CMakeFiles 1
Building C object CMakeFiles/cmTryCompileExec4117092124.dir/CMakeCCompilerABI.c.o
/usr/bin/gcc    -o CMakeFiles/cmTryCompileExec4117092124.dir/CMakeCCompilerABI.c.o   -c /opt/apps/ossw/applications/cmake/cmake-2.8.9/sl6/share/cmake-2.8/Modules/CMakeCCompilerABI.c
Linking C executable cmTryCompileExec4117092124
/opt/apps/ossw/applications/cmake/cmake-2.8.9/sl6/bin/cmake -E cmake_link_script CMakeFiles/cmTryCompileExec4117092124.dir/link.txt --verbose=1
/usr/bin/gcc       -v CMakeFiles/cmTryCompileExec4117092124.dir/CMakeCCompilerABI.c.o  -o cmTryCompileExec4117092124 -rdynamic  
Using built-in specs.
Target: x86_64-redhat-linux
Configured with: ../configure --prefix=/usr --mandir=/usr/share/man --infodir=/usr/share/info --with-bugurl=http://bugzilla.redhat.com/bugzilla --enable-bootstrap --enable-shared --enable-threads=posix --enable-checking=release --with-system-zlib --enable-__cxa_atexit --disable-libunwind-exceptions --enable-gnu-unique-object --enable-languages=c,c++,objc,obj-c++,java,fortran,ada --enable-java-awt=gtk --disable-dssi --with-java-home=/usr/lib/jvm/java-1.5.0-gcj-1.5.0.0/jre --enable-libgcj-multifile --enable-java-maintainer-mode --with-ecj-jar=/usr/share/java/eclipse-ecj.jar --disable-libjava-multilib --with-ppl --with-cloog --with-tune=generic --with-arch_32=i686 --build=x86_64-redhat-linux
Thread model: posix
gcc version 4.4.6 20120305 (Red Hat 4.4.6-4) (GCC) 
COMPILER_PATH=/usr/libexec/gcc/x86_64-redhat-linux/4.4.6/:/usr/libexec/gcc/x86_64-redhat-linux/4.4.6/:/usr/libexec/gcc/x86_64-redhat-linux/:/usr/lib/gcc/x86_64-redhat-linux/4.4.6/:/usr/lib/gcc/x86_64-redhat-linux/:/usr/libexec/gcc/x86_64-redhat-linux/4.4.6/:/usr/libexec/gcc/x86_64-redhat-linux/:/usr/lib/gcc/x86_64-redhat-linux/4.4.6/:/usr/lib/gcc/x86_64-redhat-linux/
LIBRARY_PATH=/usr/lib/gcc/x86_64-redhat-linux/4.4.6/:/usr/lib/gcc/x86_64-redhat-linux/4.4.6/:/usr/lib/gcc/x86_64-redhat-linux/4.4.6/../../../../lib64/:/lib/../lib64/:/usr/lib/../lib64/:/usr/lib/gcc/x86_64-redhat-linux/4.4.6/../../../:/lib/:/usr/lib/
COLLECT_GCC_OPTIONS='-v' '-o' 'cmTryCompileExec4117092124' '-rdynamic' '-mtune=generic'
 /usr/libexec/gcc/x86_64-redhat-linux/4.4.6/collect2 --eh-frame-hdr --build-id -m elf_x86_64 --hash-style=gnu -export-dynamic -dynamic-linker /lib64/ld-linux-x86-64.so.2 -o cmTryCompileExec4117092124 /usr/lib/gcc/x86_64-redhat-linux/4.4.6/../../../../lib64/crt1.o /usr/lib/gcc/x86_64-redhat-linux/4.4.6/../../../../lib64/crti.o /usr/lib/gcc/x86_64-redhat-linux/4.4.6/crtbegin.o -L/usr/lib/gcc/x86_64-redhat-linux/4.4.6 -L/usr/lib/gcc/x86_64-redhat-linux/4.4.6 -L/usr/lib/gcc/x86_64-redhat-linux/4.4.6/../../../../lib64 -L/lib/../lib64 -L/usr/lib/../lib64 -L/usr/lib/gcc/x86_64-redhat-linux/4.4.6/../../.. CMakeFiles/cmTryCompileExec4117092124.dir/CMakeCCompilerABI.c.o -lgcc --as-needed -lgcc_s --no-as-needed -lc -lgcc --as-needed -lgcc_s --no-as-needed /usr/lib/gcc/x86_64-redhat-linux/4.4.6/crtend.o /usr/lib/gcc/x86_64-redhat-linux/4.4.6/../../../../lib64/crtn.o
gmake[1]: Leaving directory `/workspace/cvcsoft/TexMol/release/CMakeFiles/CMakeTmp'


Parsed C implicit link information from above output:
  link line regex: [^( *|.*[/\])(ld|ld|collect2)[^/\]*( |$)]
  ignore line: [Change Dir: /workspace/cvcsoft/TexMol/release/CMakeFiles/CMakeTmp]
  ignore line: []
  ignore line: [Run Build Command:/usr/bin/gmake "cmTryCompileExec4117092124/fast"]
  ignore line: [/usr/bin/gmake -f CMakeFiles/cmTryCompileExec4117092124.dir/build.make CMakeFiles/cmTryCompileExec4117092124.dir/build]
  ignore line: [gmake[1]: Entering directory `/workspace/cvcsoft/TexMol/release/CMakeFiles/CMakeTmp']
  ignore line: [/opt/apps/ossw/applications/cmake/cmake-2.8.9/sl6/bin/cmake -E cmake_progress_report /workspace/cvcsoft/TexMol/release/CMakeFiles/CMakeTmp/CMakeFiles 1]
  ignore line: [Building C object CMakeFiles/cmTryCompileExec4117092124.dir/CMakeCCompilerABI.c.o]
  ignore line: [/usr/bin/gcc    -o CMakeFiles/cmTryCompileExec4117092124.dir/CMakeCCompilerABI.c.o   -c /opt/apps/ossw/applications/cmake/cmake-2.8.9/sl6/share/cmake-2.8/Modules/CMakeCCompilerABI.c]
  ignore line: [Linking C executable cmTryCompileExec4117092124]
  ignore line: [/opt/apps/ossw/applications/cmake/cmake-2.8.9/sl6/bin/cmake -E cmake_link_script CMakeFiles/cmTryCompileExec4117092124.dir/link.txt --verbose=1]
  ignore line: [/usr/bin/gcc       -v CMakeFiles/cmTryCompileExec4117092124.dir/CMakeCCompilerABI.c.o  -o cmTryCompileExec4117092124 -rdynamic  ]
  ignore line: [Using built-in specs.]
  ignore line: [Target: x86_64-redhat-linux]
  ignore line: [Configured with: ../configure --prefix=/usr --mandir=/usr/share/man --infodir=/usr/share/info --with-bugurl=http://bugzilla.redhat.com/bugzilla --enable-bootstrap --enable-shared --enable-threads=posix --enable-checking=release --with-system-zlib --enable-__cxa_atexit --disable-libunwind-exceptions --enable-gnu-unique-object --enable-languages=c,c++,objc,obj-c++,java,fortran,ada --enable-java-awt=gtk --disable-dssi --with-java-home=/usr/lib/jvm/java-1.5.0-gcj-1.5.0.0/jre --enable-libgcj-multifile --enable-java-maintainer-mode --with-ecj-jar=/usr/share/java/eclipse-ecj.jar --disable-libjava-multilib --with-ppl --with-cloog --with-tune=generic --with-arch_32=i686 --build=x86_64-redhat-linux]
  ignore line: [Thread model: posix]
  ignore line: [gcc version 4.4.6 20120305 (Red Hat 4.4.6-4) (GCC) ]
  ignore line: [COMPILER_PATH=/usr/libexec/gcc/x86_64-redhat-linux/4.4.6/:/usr/libexec/gcc/x86_64-redhat-linux/4.4.6/:/usr/libexec/gcc/x86_64-redhat-linux/:/usr/lib/gcc/x86_64-redhat-linux/4.4.6/:/usr/lib/gcc/x86_64-redhat-linux/:/usr/libexec/gcc/x86_64-redhat-linux/4.4.6/:/usr/libexec/gcc/x86_64-redhat-linux/:/usr/lib/gcc/x86_64-redhat-linux/4.4.6/:/usr/lib/gcc/x86_64-redhat-linux/]
  ignore line: [LIBRARY_PATH=/usr/lib/gcc/x86_64-redhat-linux/4.4.6/:/usr/lib/gcc/x86_64-redhat-linux/4.4.6/:/usr/lib/gcc/x86_64-redhat-linux/4.4.6/../../../../lib64/:/lib/../lib64/:/usr/lib/../lib64/:/usr/lib/gcc/x86_64-redhat-linux/4.4.6/../../../:/lib/:/usr/lib/]
  ignore line: [COLLECT_GCC_OPTIONS='-v' '-o' 'cmTryCompileExec4117092124' '-rdynamic' '-mtune=generic']
  link line: [ /usr/libexec/gcc/x86_64-redhat-linux/4.4.6/collect2 --eh-frame-hdr --build-id -m elf_x86_64 --hash-style=gnu -export-dynamic -dynamic-linker /lib64/ld-linux-x86-64.so.2 -o cmTryCompileExec4117092124 /usr/lib/gcc/x86_64-redhat-linux/4.4.6/../../../../lib64/crt1.o /usr/lib/gcc/x86_64-redhat-linux/4.4.6/../../../../lib64/crti.o /usr/lib/gcc/x86_64-redhat-linux/4.4.6/crtbegin.o -L/usr/lib/gcc/x86_64-redhat-linux/4.4.6 -L/usr/lib/gcc/x86_64-redhat-linux/4.4.6 -L/usr/lib/gcc/x86_64-redhat-linux/4.4.6/../../../../lib64 -L/lib/../lib64 -L/usr/lib/../lib64 -L/usr/lib/gcc/x86_64-redhat-linux/4.4.6/../../.. CMakeFiles/cmTryCompileExec4117092124.dir/CMakeCCompilerABI.c.o -lgcc --as-needed -lgcc_s --no-as-needed -lc -lgcc --as-needed -lgcc_s --no-as-needed /usr/lib/gcc/x86_64-redhat-linux/4.4.6/crtend.o /usr/lib/gcc/x86_64-redhat-linux/4.4.6/../../../../lib64/crtn.o]
    arg [/usr/libexec/gcc/x86_64-redhat-linux/4.4.6/collect2] ==> ignore
    arg [--eh-frame-hdr] ==> ignore
    arg [--build-id] ==> ignore
    arg [-m] ==> ignore
    arg [elf_x86_64] ==> ignore
    arg [--hash-style=gnu] ==> ignore
    arg [-export-dynamic] ==> ignore
    arg [-dynamic-linker] ==> ignore
    arg [/lib64/ld-linux-x86-64.so.2] ==> ignore
    arg [-o] ==> ignore
    arg [cmTryCompileExec4117092124] ==> ignore
    arg [/usr/lib/gcc/x86_64-redhat-linux/4.4.6/../../../../lib64/crt1.o] ==> ignore
    arg [/usr/lib/gcc/x86_64-redhat-linux/4.4.6/../../../../lib64/crti.o] ==> ignore
    arg [/usr/lib/gcc/x86_64-redhat-linux/4.4.6/crtbegin.o] ==> ignore
    arg [-L/usr/lib/gcc/x86_64-redhat-linux/4.4.6] ==> dir [/usr/lib/gcc/x86_64-redhat-linux/4.4.6]
    arg [-L/usr/lib/gcc/x86_64-redhat-linux/4.4.6] ==> dir [/usr/lib/gcc/x86_64-redhat-linux/4.4.6]
    arg [-L/usr/lib/gcc/x86_64-redhat-linux/4.4.6/../../../../lib64] ==> dir [/usr/lib/gcc/x86_64-redhat-linux/4.4.6/../../../../lib64]
    arg [-L/lib/../lib64] ==> dir [/lib/../lib64]
    arg [-L/usr/lib/../lib64] ==> dir [/usr/lib/../lib64]
    arg [-L/usr/lib/gcc/x86_64-redhat-linux/4.4.6/../../..] ==> dir [/usr/lib/gcc/x86_64-redhat-linux/4.4.6/../../..]
    arg [CMakeFiles/cmTryCompileExec4117092124.dir/CMakeCCompilerABI.c.o] ==> ignore
    arg [-lgcc] ==> lib [gcc]
    arg [--as-needed] ==> ignore
    arg [-lgcc_s] ==> lib [gcc_s]
    arg [--no-as-needed] ==> ignore
    arg [-lc] ==> lib [c]
    arg [-lgcc] ==> lib [gcc]
    arg [--as-needed] ==> ignore
    arg [-lgcc_s] ==> lib [gcc_s]
    arg [--no-as-needed] ==> ignore
    arg [/usr/lib/gcc/x86_64-redhat-linux/4.4.6/crtend.o] ==> ignore
    arg [/usr/lib/gcc/x86_64-redhat-linux/4.4.6/../../../../lib64/crtn.o] ==> ignore
  remove lib [gcc]
  remove lib [gcc_s]
  remove lib [gcc]
  remove lib [gcc_s]
  collapse dir [/usr/lib/gcc/x86_64-redhat-linux/4.4.6] ==> [/usr/lib/gcc/x86_64-redhat-linux/4.4.6]
  collapse dir [/usr/lib/gcc/x86_64-redhat-linux/4.4.6] ==> [/usr/lib/gcc/x86_64-redhat-linux/4.4.6]
  collapse dir [/usr/lib/gcc/x86_64-redhat-linux/4.4.6/../../../../lib64] ==> [/usr/lib64]
  collapse dir [/lib/../lib64] ==> [/lib64]
  collapse dir [/usr/lib/../lib64] ==> [/usr/lib64]
  collapse dir [/usr/lib/gcc/x86_64-redhat-linux/4.4.6/../../..] ==> [/usr/lib]
  implicit libs: [c]
  implicit dirs: [/usr/lib/gcc/x86_64-redhat-linux/4.4.6;/usr/lib64;/lib64;/usr/lib]


Determining if the CXX compiler works passed with the following output:
Change Dir: /workspace/cvcsoft/TexMol/release/CMakeFiles/CMakeTmp

Run Build Command:/usr/bin/gmake "cmTryCompileExec1215905579/fast"
/usr/bin/gmake -f CMakeFiles/cmTryCompileExec1215905579.dir/build.make CMakeFiles/cmTryCompileExec1215905579.dir/build
gmake[1]: Entering directory `/workspace/cvcsoft/TexMol/release/CMakeFiles/CMakeTmp'
/opt/apps/ossw/applications/cmake/cmake-2.8.9/sl6/bin/cmake -E cmake_progress_report /workspace/cvcsoft/TexMol/release/CMakeFiles/CMakeTmp/CMakeFiles 1
Building CXX object CMakeFiles/cmTryCompileExec1215905579.dir/testCXXCompiler.cxx.o
/usr/bin/c++     -o CMakeFiles/cmTryCompileExec1215905579.dir/testCXXCompiler.cxx.o -c /workspace/cvcsoft/TexMol/release/CMakeFiles/CMakeTmp/testCXXCompiler.cxx
Linking CXX executable cmTryCompileExec1215905579
/opt/apps/ossw/applications/cmake/cmake-2.8.9/sl6/bin/cmake -E cmake_link_script CMakeFiles/cmTryCompileExec1215905579.dir/link.txt --verbose=1
/usr/bin/c++          CMakeFiles/cmTryCompileExec1215905579.dir/testCXXCompiler.cxx.o  -o cmTryCompileExec1215905579 -rdynamic 
gmake[1]: Leaving directory `/workspace/cvcsoft/TexMol/release/CMakeFiles/CMakeTmp'


Detecting CXX compiler ABI info compiled with the following output:
Change Dir: /workspace/cvcsoft/TexMol/release/CMakeFiles/CMakeTmp

Run Build Command:/usr/bin/gmake "cmTryCompileExec3344822273/fast"
/usr/bin/gmake -f CMakeFiles/cmTryCompileExec3344822273.dir/build.make CMakeFiles/cmTryCompileExec3344822273.dir/build
gmake[1]: Entering directory `/workspace/cvcsoft/TexMol/release/CMakeFiles/CMakeTmp'
/opt/apps/ossw/applications/cmake/cmake-2.8.9/sl6/bin/cmake -E cmake_progress_report /workspace/cvcsoft/TexMol/release/CMakeFiles/CMakeTmp/CMakeFiles 1
Building CXX object CMakeFiles/cmTryCompileExec3344822273.dir/CMakeCXXCompilerABI.cpp.o
/usr/bin/c++     -o CMakeFiles/cmTryCompileExec3344822273.dir/CMakeCXXCompilerABI.cpp.o -c /opt/apps/ossw/applications/cmake/cmake-2.8.9/sl6/share/cmake-2.8/Modules/CMakeCXXCompilerABI.cpp
Linking CXX executable cmTryCompileExec3344822273
/opt/apps/ossw/applications/cmake/cmake-2.8.9/sl6/bin/cmake -E cmake_link_script CMakeFiles/cmTryCompileExec3344822273.dir/link.txt --verbose=1
/usr/bin/c++        -v CMakeFiles/cmTryCompileExec3344822273.dir/CMakeCXXCompilerABI.cpp.o  -o cmTryCompileExec3344822273 -rdynamic  
Using built-in specs.
Target: x86_64-redhat-linux
Configured with: ../configure --prefix=/usr --mandir=/usr/share/man --infodir=/usr/share/info --with-bugurl=http://bugzilla.redhat.com/bugzilla --enable-bootstrap --enable-shared --enable-threads=posix --enable-checking=release --with-system-zlib --enable-__cxa_atexit --disable-libunwind-exceptions --enable-gnu-unique-object --enable-languages=c,c++,objc,obj-c++,java,fortran,ada --enable-java-awt=gtk --disable-dssi --with-java-home=/usr/lib/jvm/java-1.5.0-gcj-1.5.0.0/jre --enable-libgcj-multifile --enable-java-maintainer-mode --with-ecj-jar=/usr/share/java/eclipse-ecj.jar --disable-libjava-multilib --with-ppl --with-cloog --with-tune=generic --with-arch_32=i686 --build=x86_64-redhat-linux
Thread model: posix
gcc version 4.4.6 20120305 (Red Hat 4.4.6-4) (GCC) 
COMPILER_PATH=/usr/libexec/gcc/x86_64-redhat-linux/4.4.6/:/usr/libexec/gcc/x86_64-redhat-linux/4.4.6/:/usr/libexec/gcc/x86_64-redhat-linux/:/usr/lib/gcc/x86_64-redhat-linux/4.4.6/:/usr/lib/gcc/x86_64-redhat-linux/:/usr/libexec/gcc/x86_64-redhat-linux/4.4.6/:/usr/libexec/gcc/x86_64-redhat-linux/:/usr/lib/gcc/x86_64-redhat-linux/4.4.6/:/usr/lib/gcc/x86_64-redhat-linux/
LIBRARY_PATH=/usr/lib/gcc/x86_64-redhat-linux/4.4.6/:/usr/lib/gcc/x86_64-redhat-linux/4.4.6/:/usr/lib/gcc/x86_64-redhat-linux/4.4.6/../../../../lib64/:/lib/../lib64/:/usr/lib/../lib64/:/usr/lib/gcc/x86_64-redhat-linux/4.4.6/../../../:/lib/:/usr/lib/
COLLECT_GCC_OPTIONS='-v' '-o' 'cmTryCompileExec3344822273' '-rdynamic' '-shared-libgcc' '-mtune=generic'
 /usr/libexec/gcc/x86_64-redhat-linux/4.4.6/collect2 --eh-frame-hdr --build-id -m elf_x86_64 --hash-style=gnu -export-dynamic -dynamic-linker /lib64/ld-linux-x86-64.so.2 -o cmTryCompileExec3344822273 /usr/lib/gcc/x86_64-redhat-linux/4.4.6/../../../../lib64/crt1.o /usr/lib/gcc/x86_64-redhat-linux/4.4.6/../../../../lib64/crti.o /usr/lib/gcc/x86_64-redhat-linux/4.4.6/crtbegin.o -L/usr/lib/gcc/x86_64-redhat-linux/4.4.6 -L/usr/lib/gcc/x86_64-redhat-linux/4.4.6 -L/usr/lib/gcc/x86_64-redhat-linux/4.4.6/../../../../lib64 -L/lib/../lib64 -L/usr/lib/../lib64 -L/usr/lib/gcc/x86_64-redhat-linux/4.4.6/../../.. CMakeFiles/cmTryCompileExec3344822273.dir/CMakeCXXCompilerABI.cpp.o -lstdc++ -lm -lgcc_s -lgcc -lc -lgcc_s -lgcc /usr/lib/gcc/x86_64-redhat-linux/4.4.6/crtend.o /usr/lib/gcc/x86_64-redhat-linux/4.4.6/../../../../lib64/crtn.o
gmake[1]: Leaving directory `/workspace/cvcsoft/TexMol/release/CMakeFiles/CMakeTmp'


Parsed CXX implicit link information from above output:
  link line regex: [^( *|.*[/\])(ld|ld|collect2)[^/\]*( |$)]
  ignore line: [Change Dir: /workspace/cvcsoft/TexMol/release/CMakeFiles/CMakeTmp]
  ignore line: []
  ignore line: [Run Build Command:/usr/bin/gmake "cmTryCompileExec3344822273/fast"]
  ignore line: [/usr/bin/gmake -f CMakeFiles/cmTryCompileExec3344822273.dir/build.make CMakeFiles/cmTryCompileExec3344822273.dir/build]
  ignore line: [gmake[1]: Entering directory `/workspace/cvcsoft/TexMol/release/CMakeFiles/CMakeTmp']
  ignore line: [/opt/apps/ossw/applications/cmake/cmake-2.8.9/sl6/bin/cmake -E cmake_progress_report /workspace/cvcsoft/TexMol/release/CMakeFiles/CMakeTmp/CMakeFiles 1]
  ignore line: [Building CXX object CMakeFiles/cmTryCompileExec3344822273.dir/CMakeCXXCompilerABI.cpp.o]
  ignore line: [/usr/bin/c++     -o CMakeFiles/cmTryCompileExec3344822273.dir/CMakeCXXCompilerABI.cpp.o -c /opt/apps/ossw/applications/cmake/cmake-2.8.9/sl6/share/cmake-2.8/Modules/CMakeCXXCompilerABI.cpp]
  ignore line: [Linking CXX executable cmTryCompileExec3344822273]
  ignore line: [/opt/apps/ossw/applications/cmake/cmake-2.8.9/sl6/bin/cmake -E cmake_link_script CMakeFiles/cmTryCompileExec3344822273.dir/link.txt --verbose=1]
  ignore line: [/usr/bin/c++        -v CMakeFiles/cmTryCompileExec3344822273.dir/CMakeCXXCompilerABI.cpp.o  -o cmTryCompileExec3344822273 -rdynamic  ]
  ignore line: [Using built-in specs.]
  ignore line: [Target: x86_64-redhat-linux]
  ignore line: [Configured with: ../configure --prefix=/usr --mandir=/usr/share/man --infodir=/usr/share/info --with-bugurl=http://bugzilla.redhat.com/bugzilla --enable-bootstrap --enable-shared --enable-threads=posix --enable-checking=release --with-system-zlib --enable-__cxa_atexit --disable-libunwind-exceptions --enable-gnu-unique-object --enable-languages=c,c++,objc,obj-c++,java,fortran,ada --enable-java-awt=gtk --disable-dssi --with-java-home=/usr/lib/jvm/java-1.5.0-gcj-1.5.0.0/jre --enable-libgcj-multifile --enable-java-maintainer-mode --with-ecj-jar=/usr/share/java/eclipse-ecj.jar --disable-libjava-multilib --with-ppl --with-cloog --with-tune=generic --with-arch_32=i686 --build=x86_64-redhat-linux]
  ignore line: [Thread model: posix]
  ignore line: [gcc version 4.4.6 20120305 (Red Hat 4.4.6-4) (GCC) ]
  ignore line: [COMPILER_PATH=/usr/libexec/gcc/x86_64-redhat-linux/4.4.6/:/usr/libexec/gcc/x86_64-redhat-linux/4.4.6/:/usr/libexec/gcc/x86_64-redhat-linux/:/usr/lib/gcc/x86_64-redhat-linux/4.4.6/:/usr/lib/gcc/x86_64-redhat-linux/:/usr/libexec/gcc/x86_64-redhat-linux/4.4.6/:/usr/libexec/gcc/x86_64-redhat-linux/:/usr/lib/gcc/x86_64-redhat-linux/4.4.6/:/usr/lib/gcc/x86_64-redhat-linux/]
  ignore line: [LIBRARY_PATH=/usr/lib/gcc/x86_64-redhat-linux/4.4.6/:/usr/lib/gcc/x86_64-redhat-linux/4.4.6/:/usr/lib/gcc/x86_64-redhat-linux/4.4.6/../../../../lib64/:/lib/../lib64/:/usr/lib/../lib64/:/usr/lib/gcc/x86_64-redhat-linux/4.4.6/../../../:/lib/:/usr/lib/]
  ignore line: [COLLECT_GCC_OPTIONS='-v' '-o' 'cmTryCompileExec3344822273' '-rdynamic' '-shared-libgcc' '-mtune=generic']
  link line: [ /usr/libexec/gcc/x86_64-redhat-linux/4.4.6/collect2 --eh-frame-hdr --build-id -m elf_x86_64 --hash-style=gnu -export-dynamic -dynamic-linker /lib64/ld-linux-x86-64.so.2 -o cmTryCompileExec3344822273 /usr/lib/gcc/x86_64-redhat-linux/4.4.6/../../../../lib64/crt1.o /usr/lib/gcc/x86_64-redhat-linux/4.4.6/../../../../lib64/crti.o /usr/lib/gcc/x86_64-redhat-linux/4.4.6/crtbegin.o -L/usr/lib/gcc/x86_64-redhat-linux/4.4.6 -L/usr/lib/gcc/x86_64-redhat-linux/4.4.6 -L/usr/lib/gcc/x86_64-redhat-linux/4.4.6/../../../../lib64 -L/lib/../lib64 -L/usr/lib/../lib64 -L/usr/lib/gcc/x86_64-redhat-linux/4.4.6/../../.. CMakeFiles/cmTryCompileExec3344822273.dir/CMakeCXXCompilerABI.cpp.o -lstdc++ -lm -lgcc_s -lgcc -lc -lgcc_s -lgcc /usr/lib/gcc/x86_64-redhat-linux/4.4.6/crtend.o /usr/lib/gcc/x86_64-redhat-linux/4.4.6/../../../../lib64/crtn.o]
    arg [/usr/libexec/gcc/x86_64-redhat-linux/4.4.6/collect2] ==> ignore
    arg [--eh-frame-hdr] ==> ignore
    arg [--build-id] ==> ignore
    arg [-m] ==> ignore
    arg [elf_x86_64] ==> ignore
    arg [--hash-style=gnu] ==> ignore
    arg [-export-dynamic] ==> ignore
    arg [-dynamic-linker] ==> ignore
    arg [/lib64/ld-linux-x86-64.so.2] ==> ignore
    arg [-o] ==> ignore
    arg [cmTryCompileExec3344822273] ==> ignore
    arg [/usr/lib/gcc/x86_64-redhat-linux/4.4.6/../../../../lib64/crt1.o] ==> ignore
    arg [/usr/lib/gcc/x86_64-redhat-linux/4.4.6/../../../../lib64/crti.o] ==> ignore
    arg [/usr/lib/gcc/x86_64-redhat-linux/4.4.6/crtbegin.o] ==> ignore
    arg [-L/usr/lib/gcc/x86_64-redhat-linux/4.4.6] ==> dir [/usr/lib/gcc/x86_64-redhat-linux/4.4.6]
    arg [-L/usr/lib/gcc/x86_64-redhat-linux/4.4.6] ==> dir [/usr/lib/gcc/x86_64-redhat-linux/4.4.6]
    arg [-L/usr/lib/gcc/x86_64-redhat-linux/4.4.6/../../../../lib64] ==> dir [/usr/lib/gcc/x86_64-redhat-linux/4.4.6/../../../../lib64]
    arg [-L/lib/../lib64] ==> dir [/lib/../lib64]
    arg [-L/usr/lib/../lib64] ==> dir [/usr/lib/../lib64]
    arg [-L/usr/lib/gcc/x86_64-redhat-linux/4.4.6/../../..] ==> dir [/usr/lib/gcc/x86_64-redhat-linux/4.4.6/../../..]
    arg [CMakeFiles/cmTryCompileExec3344822273.dir/CMakeCXXCompilerABI.cpp.o] ==> ignore
    arg [-lstdc++] ==> lib [stdc++]
    arg [-lm] ==> lib [m]
    arg [-lgcc_s] ==> lib [gcc_s]
    arg [-lgcc] ==> lib [gcc]
    arg [-lc] ==> lib [c]
    arg [-lgcc_s] ==> lib [gcc_s]
    arg [-lgcc] ==> lib [gcc]
    arg [/usr/lib/gcc/x86_64-redhat-linux/4.4.6/crtend.o] ==> ignore
    arg [/usr/lib/gcc/x86_64-redhat-linux/4.4.6/../../../../lib64/crtn.o] ==> ignore
  remove lib [gcc_s]
  remove lib [gcc]
  remove lib [gcc_s]
  remove lib [gcc]
  collapse dir [/usr/lib/gcc/x86_64-redhat-linux/4.4.6] ==> [/usr/lib/gcc/x86_64-redhat-linux/4.4.6]
  collapse dir [/usr/lib/gcc/x86_64-redhat-linux/4.4.6] ==> [/usr/lib/gcc/x86_64-redhat-linux/4.4.6]
  collapse dir [/usr/lib/gcc/x86_64-redhat-linux/4.4.6/../../../../lib64] ==> [/usr/lib64]
  collapse dir [/lib/../lib64] ==> [/lib64]
  collapse dir [/usr/lib/../lib64] ==> [/usr/lib64]
  collapse dir [/usr/lib/gcc/x86_64-redhat-linux/4.4.6/../../..] ==> [/usr/lib]
  implicit libs: [stdc++;m;c]
  implicit dirs: [/usr/lib/gcc/x86_64-redhat-linux/4.4.6;/usr/lib64;/lib64;/usr/lib]


