The system is: Linux - 2.6.32-279.22.1.el6.x86_64 - x86_64
Compiling the Fortran compiler identification source file "CMakeFortranCompilerId.F" succeeded.
Compiler: /usr/bin/f95 
Build flags: 
Id flags: 

The output was:
0


Compilation of the Fortran compiler identification source "CMakeFortranCompilerId.F" produced "a.out"

The Fortran compiler identification is GNU, found in "/workspace/cvcsoft/TexMol/release/third-party/lapack_proj-prefix/src/lapack_proj-build/CMakeFiles/CompilerIdFortran/a.out"

Determining if the Fortran compiler works passed with the following output:
Change Dir: /workspace/cvcsoft/TexMol/release/third-party/lapack_proj-prefix/src/lapack_proj-build/CMakeFiles/CMakeTmp

Run Build Command:/usr/bin/gmake "cmTryCompileExec2478973858/fast"
gmake[3]: Entering directory `/workspace/cvcsoft/TexMol/release/third-party/lapack_proj-prefix/src/lapack_proj-build/CMakeFiles/CMakeTmp'
/usr/bin/gmake -f CMakeFiles/cmTryCompileExec2478973858.dir/build.make CMakeFiles/cmTryCompileExec2478973858.dir/build
gmake[4]: Entering directory `/workspace/cvcsoft/TexMol/release/third-party/lapack_proj-prefix/src/lapack_proj-build/CMakeFiles/CMakeTmp'
/opt/apps/ossw/applications/cmake/cmake-2.8.9/sl6/bin/cmake -E cmake_progress_report /workspace/cvcsoft/TexMol/release/third-party/lapack_proj-prefix/src/lapack_proj-build/CMakeFiles/CMakeTmp/CMakeFiles 1
Building Fortran object CMakeFiles/cmTryCompileExec2478973858.dir/testFortranCompiler.f.o
/usr/bin/f95    -c /workspace/cvcsoft/TexMol/release/third-party/lapack_proj-prefix/src/lapack_proj-build/CMakeFiles/CMakeTmp/testFortranCompiler.f -o CMakeFiles/cmTryCompileExec2478973858.dir/testFortranCompiler.f.o
Linking Fortran executable cmTryCompileExec2478973858
/opt/apps/ossw/applications/cmake/cmake-2.8.9/sl6/bin/cmake -E cmake_link_script CMakeFiles/cmTryCompileExec2478973858.dir/link.txt --verbose=1
/usr/bin/f95         CMakeFiles/cmTryCompileExec2478973858.dir/testFortranCompiler.f.o  -o cmTryCompileExec2478973858 -rdynamic 
gmake[4]: Leaving directory `/workspace/cvcsoft/TexMol/release/third-party/lapack_proj-prefix/src/lapack_proj-build/CMakeFiles/CMakeTmp'
gmake[3]: Leaving directory `/workspace/cvcsoft/TexMol/release/third-party/lapack_proj-prefix/src/lapack_proj-build/CMakeFiles/CMakeTmp'


Detecting Fortran compiler ABI info compiled with the following output:
Change Dir: /workspace/cvcsoft/TexMol/release/third-party/lapack_proj-prefix/src/lapack_proj-build/CMakeFiles/CMakeTmp

Run Build Command:/usr/bin/gmake "cmTryCompileExec2178914936/fast"
gmake[3]: Entering directory `/workspace/cvcsoft/TexMol/release/third-party/lapack_proj-prefix/src/lapack_proj-build/CMakeFiles/CMakeTmp'
/usr/bin/gmake -f CMakeFiles/cmTryCompileExec2178914936.dir/build.make CMakeFiles/cmTryCompileExec2178914936.dir/build
gmake[4]: Entering directory `/workspace/cvcsoft/TexMol/release/third-party/lapack_proj-prefix/src/lapack_proj-build/CMakeFiles/CMakeTmp'
/opt/apps/ossw/applications/cmake/cmake-2.8.9/sl6/bin/cmake -E cmake_progress_report /workspace/cvcsoft/TexMol/release/third-party/lapack_proj-prefix/src/lapack_proj-build/CMakeFiles/CMakeTmp/CMakeFiles 1
Building Fortran object CMakeFiles/cmTryCompileExec2178914936.dir/CMakeFortranCompilerABI.F.o
/usr/bin/f95    -c /opt/apps/ossw/applications/cmake/cmake-2.8.9/sl6/share/cmake-2.8/Modules/CMakeFortranCompilerABI.F -o CMakeFiles/cmTryCompileExec2178914936.dir/CMakeFortranCompilerABI.F.o
Linking Fortran executable cmTryCompileExec2178914936
/opt/apps/ossw/applications/cmake/cmake-2.8.9/sl6/bin/cmake -E cmake_link_script CMakeFiles/cmTryCompileExec2178914936.dir/link.txt --verbose=1
/usr/bin/f95   -v     CMakeFiles/cmTryCompileExec2178914936.dir/CMakeFortranCompilerABI.F.o  -o cmTryCompileExec2178914936 -rdynamic  
Driving: /usr/bin/f95 -v CMakeFiles/cmTryCompileExec2178914936.dir/CMakeFortranCompilerABI.F.o -o cmTryCompileExec2178914936 -rdynamic -lgfortranbegin -lgfortran -lm -shared-libgcc
Using built-in specs.
Target: x86_64-redhat-linux
Configured with: ../configure --prefix=/usr --mandir=/usr/share/man --infodir=/usr/share/info --with-bugurl=http://bugzilla.redhat.com/bugzilla --enable-bootstrap --enable-shared --enable-threads=posix --enable-checking=release --with-system-zlib --enable-__cxa_atexit --disable-libunwind-exceptions --enable-gnu-unique-object --enable-languages=c,c++,objc,obj-c++,java,fortran,ada --enable-java-awt=gtk --disable-dssi --with-java-home=/usr/lib/jvm/java-1.5.0-gcj-1.5.0.0/jre --enable-libgcj-multifile --enable-java-maintainer-mode --with-ecj-jar=/usr/share/java/eclipse-ecj.jar --disable-libjava-multilib --with-ppl --with-cloog --with-tune=generic --with-arch_32=i686 --build=x86_64-redhat-linux
Thread model: posix
gcc version 4.4.6 20120305 (Red Hat 4.4.6-4) (GCC) 
COMPILER_PATH=/usr/libexec/gcc/x86_64-redhat-linux/4.4.6/:/usr/libexec/gcc/x86_64-redhat-linux/4.4.6/:/usr/libexec/gcc/x86_64-redhat-linux/:/usr/lib/gcc/x86_64-redhat-linux/4.4.6/:/usr/lib/gcc/x86_64-redhat-linux/:/usr/libexec/gcc/x86_64-redhat-linux/4.4.6/:/usr/libexec/gcc/x86_64-redhat-linux/:/usr/lib/gcc/x86_64-redhat-linux/4.4.6/:/usr/lib/gcc/x86_64-redhat-linux/
LIBRARY_PATH=/usr/lib/gcc/x86_64-redhat-linux/4.4.6/:/usr/lib/gcc/x86_64-redhat-linux/4.4.6/:/usr/lib/gcc/x86_64-redhat-linux/4.4.6/../../../../lib64/:/lib/../lib64/:/usr/lib/../lib64/:/usr/lib/gcc/x86_64-redhat-linux/4.4.6/../../../:/lib/:/usr/lib/
COLLECT_GCC_OPTIONS='-v' '-o' 'cmTryCompileExec2178914936' '-rdynamic' '-shared-libgcc' '-mtune=generic'
 /usr/libexec/gcc/x86_64-redhat-linux/4.4.6/collect2 --eh-frame-hdr --build-id -m elf_x86_64 --hash-style=gnu -export-dynamic -dynamic-linker /lib64/ld-linux-x86-64.so.2 -o cmTryCompileExec2178914936 /usr/lib/gcc/x86_64-redhat-linux/4.4.6/../../../../lib64/crt1.o /usr/lib/gcc/x86_64-redhat-linux/4.4.6/../../../../lib64/crti.o /usr/lib/gcc/x86_64-redhat-linux/4.4.6/crtbegin.o -L/usr/lib/gcc/x86_64-redhat-linux/4.4.6 -L/usr/lib/gcc/x86_64-redhat-linux/4.4.6 -L/usr/lib/gcc/x86_64-redhat-linux/4.4.6/../../../../lib64 -L/lib/../lib64 -L/usr/lib/../lib64 -L/usr/lib/gcc/x86_64-redhat-linux/4.4.6/../../.. CMakeFiles/cmTryCompileExec2178914936.dir/CMakeFortranCompilerABI.F.o -lgfortranbegin -lgfortran -lm -lgcc_s -lgcc -lc -lgcc_s -lgcc /usr/lib/gcc/x86_64-redhat-linux/4.4.6/crtend.o /usr/lib/gcc/x86_64-redhat-linux/4.4.6/../../../../lib64/crtn.o
gmake[4]: Leaving directory `/workspace/cvcsoft/TexMol/release/third-party/lapack_proj-prefix/src/lapack_proj-build/CMakeFiles/CMakeTmp'
gmake[3]: Leaving directory `/workspace/cvcsoft/TexMol/release/third-party/lapack_proj-prefix/src/lapack_proj-build/CMakeFiles/CMakeTmp'


Parsed Fortran implicit link information from above output:
  link line regex: [^( *|.*[/\])(ld|ld|collect2)[^/\]*( |$)]
  ignore line: [Change Dir: /workspace/cvcsoft/TexMol/release/third-party/lapack_proj-prefix/src/lapack_proj-build/CMakeFiles/CMakeTmp]
  ignore line: []
  ignore line: [Run Build Command:/usr/bin/gmake "cmTryCompileExec2178914936/fast"]
  ignore line: [gmake[3]: Entering directory `/workspace/cvcsoft/TexMol/release/third-party/lapack_proj-prefix/src/lapack_proj-build/CMakeFiles/CMakeTmp']
  ignore line: [/usr/bin/gmake -f CMakeFiles/cmTryCompileExec2178914936.dir/build.make CMakeFiles/cmTryCompileExec2178914936.dir/build]
  ignore line: [gmake[4]: Entering directory `/workspace/cvcsoft/TexMol/release/third-party/lapack_proj-prefix/src/lapack_proj-build/CMakeFiles/CMakeTmp']
  ignore line: [/opt/apps/ossw/applications/cmake/cmake-2.8.9/sl6/bin/cmake -E cmake_progress_report /workspace/cvcsoft/TexMol/release/third-party/lapack_proj-prefix/src/lapack_proj-build/CMakeFiles/CMakeTmp/CMakeFiles 1]
  ignore line: [Building Fortran object CMakeFiles/cmTryCompileExec2178914936.dir/CMakeFortranCompilerABI.F.o]
  ignore line: [/usr/bin/f95    -c /opt/apps/ossw/applications/cmake/cmake-2.8.9/sl6/share/cmake-2.8/Modules/CMakeFortranCompilerABI.F -o CMakeFiles/cmTryCompileExec2178914936.dir/CMakeFortranCompilerABI.F.o]
  ignore line: [Linking Fortran executable cmTryCompileExec2178914936]
  ignore line: [/opt/apps/ossw/applications/cmake/cmake-2.8.9/sl6/bin/cmake -E cmake_link_script CMakeFiles/cmTryCompileExec2178914936.dir/link.txt --verbose=1]
  ignore line: [/usr/bin/f95   -v     CMakeFiles/cmTryCompileExec2178914936.dir/CMakeFortranCompilerABI.F.o  -o cmTryCompileExec2178914936 -rdynamic  ]
  ignore line: [Driving: /usr/bin/f95 -v CMakeFiles/cmTryCompileExec2178914936.dir/CMakeFortranCompilerABI.F.o -o cmTryCompileExec2178914936 -rdynamic -lgfortranbegin -lgfortran -lm -shared-libgcc]
  ignore line: [Using built-in specs.]
  ignore line: [Target: x86_64-redhat-linux]
  ignore line: [Configured with: ../configure --prefix=/usr --mandir=/usr/share/man --infodir=/usr/share/info --with-bugurl=http://bugzilla.redhat.com/bugzilla --enable-bootstrap --enable-shared --enable-threads=posix --enable-checking=release --with-system-zlib --enable-__cxa_atexit --disable-libunwind-exceptions --enable-gnu-unique-object --enable-languages=c,c++,objc,obj-c++,java,fortran,ada --enable-java-awt=gtk --disable-dssi --with-java-home=/usr/lib/jvm/java-1.5.0-gcj-1.5.0.0/jre --enable-libgcj-multifile --enable-java-maintainer-mode --with-ecj-jar=/usr/share/java/eclipse-ecj.jar --disable-libjava-multilib --with-ppl --with-cloog --with-tune=generic --with-arch_32=i686 --build=x86_64-redhat-linux]
  ignore line: [Thread model: posix]
  ignore line: [gcc version 4.4.6 20120305 (Red Hat 4.4.6-4) (GCC) ]
  ignore line: [COMPILER_PATH=/usr/libexec/gcc/x86_64-redhat-linux/4.4.6/:/usr/libexec/gcc/x86_64-redhat-linux/4.4.6/:/usr/libexec/gcc/x86_64-redhat-linux/:/usr/lib/gcc/x86_64-redhat-linux/4.4.6/:/usr/lib/gcc/x86_64-redhat-linux/:/usr/libexec/gcc/x86_64-redhat-linux/4.4.6/:/usr/libexec/gcc/x86_64-redhat-linux/:/usr/lib/gcc/x86_64-redhat-linux/4.4.6/:/usr/lib/gcc/x86_64-redhat-linux/]
  ignore line: [LIBRARY_PATH=/usr/lib/gcc/x86_64-redhat-linux/4.4.6/:/usr/lib/gcc/x86_64-redhat-linux/4.4.6/:/usr/lib/gcc/x86_64-redhat-linux/4.4.6/../../../../lib64/:/lib/../lib64/:/usr/lib/../lib64/:/usr/lib/gcc/x86_64-redhat-linux/4.4.6/../../../:/lib/:/usr/lib/]
  ignore line: [COLLECT_GCC_OPTIONS='-v' '-o' 'cmTryCompileExec2178914936' '-rdynamic' '-shared-libgcc' '-mtune=generic']
  link line: [ /usr/libexec/gcc/x86_64-redhat-linux/4.4.6/collect2 --eh-frame-hdr --build-id -m elf_x86_64 --hash-style=gnu -export-dynamic -dynamic-linker /lib64/ld-linux-x86-64.so.2 -o cmTryCompileExec2178914936 /usr/lib/gcc/x86_64-redhat-linux/4.4.6/../../../../lib64/crt1.o /usr/lib/gcc/x86_64-redhat-linux/4.4.6/../../../../lib64/crti.o /usr/lib/gcc/x86_64-redhat-linux/4.4.6/crtbegin.o -L/usr/lib/gcc/x86_64-redhat-linux/4.4.6 -L/usr/lib/gcc/x86_64-redhat-linux/4.4.6 -L/usr/lib/gcc/x86_64-redhat-linux/4.4.6/../../../../lib64 -L/lib/../lib64 -L/usr/lib/../lib64 -L/usr/lib/gcc/x86_64-redhat-linux/4.4.6/../../.. CMakeFiles/cmTryCompileExec2178914936.dir/CMakeFortranCompilerABI.F.o -lgfortranbegin -lgfortran -lm -lgcc_s -lgcc -lc -lgcc_s -lgcc /usr/lib/gcc/x86_64-redhat-linux/4.4.6/crtend.o /usr/lib/gcc/x86_64-redhat-linux/4.4.6/../../../../lib64/crtn.o]
    arg [/usr/libexec/gcc/x86_64-redhat-linux/4.4.6/collect2] ==> ignore
    arg [--eh-frame-hdr] ==> ignore
    arg [--build-id] ==> ignore
    arg [-m] ==> ignore
    arg [elf_x86_64] ==> ignore
    arg [--hash-style=gnu] ==> ignore
    arg [-export-dynamic] ==> ignore
    arg [-dynamic-linker] ==> ignore
    arg [/lib64/ld-linux-x86-64.so.2] ==> ignore
    arg [-o] ==> ignore
    arg [cmTryCompileExec2178914936] ==> ignore
    arg [/usr/lib/gcc/x86_64-redhat-linux/4.4.6/../../../../lib64/crt1.o] ==> ignore
    arg [/usr/lib/gcc/x86_64-redhat-linux/4.4.6/../../../../lib64/crti.o] ==> ignore
    arg [/usr/lib/gcc/x86_64-redhat-linux/4.4.6/crtbegin.o] ==> ignore
    arg [-L/usr/lib/gcc/x86_64-redhat-linux/4.4.6] ==> dir [/usr/lib/gcc/x86_64-redhat-linux/4.4.6]
    arg [-L/usr/lib/gcc/x86_64-redhat-linux/4.4.6] ==> dir [/usr/lib/gcc/x86_64-redhat-linux/4.4.6]
    arg [-L/usr/lib/gcc/x86_64-redhat-linux/4.4.6/../../../../lib64] ==> dir [/usr/lib/gcc/x86_64-redhat-linux/4.4.6/../../../../lib64]
    arg [-L/lib/../lib64] ==> dir [/lib/../lib64]
    arg [-L/usr/lib/../lib64] ==> dir [/usr/lib/../lib64]
    arg [-L/usr/lib/gcc/x86_64-redhat-linux/4.4.6/../../..] ==> dir [/usr/lib/gcc/x86_64-redhat-linux/4.4.6/../../..]
    arg [CMakeFiles/cmTryCompileExec2178914936.dir/CMakeFortranCompilerABI.F.o] ==> ignore
    arg [-lgfortranbegin] ==> lib [gfortranbegin]
    arg [-lgfortran] ==> lib [gfortran]
    arg [-lm] ==> lib [m]
    arg [-lgcc_s] ==> lib [gcc_s]
    arg [-lgcc] ==> lib [gcc]
    arg [-lc] ==> lib [c]
    arg [-lgcc_s] ==> lib [gcc_s]
    arg [-lgcc] ==> lib [gcc]
    arg [/usr/lib/gcc/x86_64-redhat-linux/4.4.6/crtend.o] ==> ignore
    arg [/usr/lib/gcc/x86_64-redhat-linux/4.4.6/../../../../lib64/crtn.o] ==> ignore
  remove lib [gcc_s]
  remove lib [gcc]
  remove lib [gcc_s]
  remove lib [gcc]
  collapse dir [/usr/lib/gcc/x86_64-redhat-linux/4.4.6] ==> [/usr/lib/gcc/x86_64-redhat-linux/4.4.6]
  collapse dir [/usr/lib/gcc/x86_64-redhat-linux/4.4.6] ==> [/usr/lib/gcc/x86_64-redhat-linux/4.4.6]
  collapse dir [/usr/lib/gcc/x86_64-redhat-linux/4.4.6/../../../../lib64] ==> [/usr/lib64]
  collapse dir [/lib/../lib64] ==> [/lib64]
  collapse dir [/usr/lib/../lib64] ==> [/usr/lib64]
  collapse dir [/usr/lib/gcc/x86_64-redhat-linux/4.4.6/../../..] ==> [/usr/lib]
  implicit libs: [gfortranbegin;gfortran;m;c]
  implicit dirs: [/usr/lib/gcc/x86_64-redhat-linux/4.4.6;/usr/lib64;/lib64;/usr/lib]


Determining if the Fortran compiler supports Fortran 90 passed with the following output:
Change Dir: /workspace/cvcsoft/TexMol/release/third-party/lapack_proj-prefix/src/lapack_proj-build/CMakeFiles/CMakeTmp

Run Build Command:/usr/bin/gmake "cmTryCompileExec3213961049/fast"
gmake[3]: Entering directory `/workspace/cvcsoft/TexMol/release/third-party/lapack_proj-prefix/src/lapack_proj-build/CMakeFiles/CMakeTmp'
/usr/bin/gmake -f CMakeFiles/cmTryCompileExec3213961049.dir/build.make CMakeFiles/cmTryCompileExec3213961049.dir/build
gmake[4]: Entering directory `/workspace/cvcsoft/TexMol/release/third-party/lapack_proj-prefix/src/lapack_proj-build/CMakeFiles/CMakeTmp'
/opt/apps/ossw/applications/cmake/cmake-2.8.9/sl6/bin/cmake -E cmake_progress_report /workspace/cvcsoft/TexMol/release/third-party/lapack_proj-prefix/src/lapack_proj-build/CMakeFiles/CMakeTmp/CMakeFiles 1
Building Fortran object CMakeFiles/cmTryCompileExec3213961049.dir/testFortranCompilerF90.f90.o
/usr/bin/f95    -c /workspace/cvcsoft/TexMol/release/third-party/lapack_proj-prefix/src/lapack_proj-build/CMakeFiles/CMakeTmp/testFortranCompilerF90.f90 -o CMakeFiles/cmTryCompileExec3213961049.dir/testFortranCompilerF90.f90.o
Linking Fortran executable cmTryCompileExec3213961049
/opt/apps/ossw/applications/cmake/cmake-2.8.9/sl6/bin/cmake -E cmake_link_script CMakeFiles/cmTryCompileExec3213961049.dir/link.txt --verbose=1
/usr/bin/f95         CMakeFiles/cmTryCompileExec3213961049.dir/testFortranCompilerF90.f90.o  -o cmTryCompileExec3213961049 -rdynamic 
gmake[4]: Leaving directory `/workspace/cvcsoft/TexMol/release/third-party/lapack_proj-prefix/src/lapack_proj-build/CMakeFiles/CMakeTmp'
gmake[3]: Leaving directory `/workspace/cvcsoft/TexMol/release/third-party/lapack_proj-prefix/src/lapack_proj-build/CMakeFiles/CMakeTmp'


Fortran NONE exists. Change Dir: /workspace/cvcsoft/TexMol/release/third-party/lapack_proj-prefix/src/lapack_proj-build/INSTALL

Run Build Command:/usr/bin/gmake "secondtst_NONE"
gmake[3]: Entering directory `/workspace/cvcsoft/TexMol/release/third-party/lapack_proj-prefix/src/lapack_proj-build/INSTALL'
gmake[4]: Entering directory `/workspace/cvcsoft/TexMol/release/third-party/lapack_proj-prefix/src/lapack_proj-build/INSTALL'
gmake[5]: Entering directory `/workspace/cvcsoft/TexMol/release/third-party/lapack_proj-prefix/src/lapack_proj-build/INSTALL'
gmake[6]: Entering directory `/workspace/cvcsoft/TexMol/release/third-party/lapack_proj-prefix/src/lapack_proj-build/INSTALL'
Scanning dependencies of target secondtst_NONE
gmake[6]: Leaving directory `/workspace/cvcsoft/TexMol/release/third-party/lapack_proj-prefix/src/lapack_proj-build/INSTALL'
gmake[6]: Entering directory `/workspace/cvcsoft/TexMol/release/third-party/lapack_proj-prefix/src/lapack_proj-build/INSTALL'
[ 50%] Building Fortran object CMakeFiles/secondtst_NONE.dir/second_NONE.f.o
[100%] Building Fortran object CMakeFiles/secondtst_NONE.dir/secondtst.f.o
Linking Fortran executable secondtst_NONE
gmake[6]: Leaving directory `/workspace/cvcsoft/TexMol/release/third-party/lapack_proj-prefix/src/lapack_proj-build/INSTALL'
[100%] Built target secondtst_NONE
gmake[5]: Leaving directory `/workspace/cvcsoft/TexMol/release/third-party/lapack_proj-prefix/src/lapack_proj-build/INSTALL'
gmake[4]: Leaving directory `/workspace/cvcsoft/TexMol/release/third-party/lapack_proj-prefix/src/lapack_proj-build/INSTALL'
gmake[3]: Leaving directory `/workspace/cvcsoft/TexMol/release/third-party/lapack_proj-prefix/src/lapack_proj-build/INSTALL'
 

Fortran INT_CPU_TIME exists. Change Dir: /workspace/cvcsoft/TexMol/release/third-party/lapack_proj-prefix/src/lapack_proj-build/INSTALL

Run Build Command:/usr/bin/gmake "secondtst_INT_CPU_TIME"
gmake[3]: Entering directory `/workspace/cvcsoft/TexMol/release/third-party/lapack_proj-prefix/src/lapack_proj-build/INSTALL'
gmake[4]: Entering directory `/workspace/cvcsoft/TexMol/release/third-party/lapack_proj-prefix/src/lapack_proj-build/INSTALL'
gmake[5]: Entering directory `/workspace/cvcsoft/TexMol/release/third-party/lapack_proj-prefix/src/lapack_proj-build/INSTALL'
gmake[6]: Entering directory `/workspace/cvcsoft/TexMol/release/third-party/lapack_proj-prefix/src/lapack_proj-build/INSTALL'
Scanning dependencies of target secondtst_INT_CPU_TIME
gmake[6]: Leaving directory `/workspace/cvcsoft/TexMol/release/third-party/lapack_proj-prefix/src/lapack_proj-build/INSTALL'
gmake[6]: Entering directory `/workspace/cvcsoft/TexMol/release/third-party/lapack_proj-prefix/src/lapack_proj-build/INSTALL'
[ 50%] Building Fortran object CMakeFiles/secondtst_INT_CPU_TIME.dir/second_INT_CPU_TIME.f.o
[100%] Building Fortran object CMakeFiles/secondtst_INT_CPU_TIME.dir/secondtst.f.o
Linking Fortran executable secondtst_INT_CPU_TIME
gmake[6]: Leaving directory `/workspace/cvcsoft/TexMol/release/third-party/lapack_proj-prefix/src/lapack_proj-build/INSTALL'
[100%] Built target secondtst_INT_CPU_TIME
gmake[5]: Leaving directory `/workspace/cvcsoft/TexMol/release/third-party/lapack_proj-prefix/src/lapack_proj-build/INSTALL'
gmake[4]: Leaving directory `/workspace/cvcsoft/TexMol/release/third-party/lapack_proj-prefix/src/lapack_proj-build/INSTALL'
gmake[3]: Leaving directory `/workspace/cvcsoft/TexMol/release/third-party/lapack_proj-prefix/src/lapack_proj-build/INSTALL'
 

Fortran INT_ETIME exists. Change Dir: /workspace/cvcsoft/TexMol/release/third-party/lapack_proj-prefix/src/lapack_proj-build/INSTALL

Run Build Command:/usr/bin/gmake "secondtst_INT_ETIME"
gmake[3]: Entering directory `/workspace/cvcsoft/TexMol/release/third-party/lapack_proj-prefix/src/lapack_proj-build/INSTALL'
gmake[4]: Entering directory `/workspace/cvcsoft/TexMol/release/third-party/lapack_proj-prefix/src/lapack_proj-build/INSTALL'
gmake[5]: Entering directory `/workspace/cvcsoft/TexMol/release/third-party/lapack_proj-prefix/src/lapack_proj-build/INSTALL'
gmake[6]: Entering directory `/workspace/cvcsoft/TexMol/release/third-party/lapack_proj-prefix/src/lapack_proj-build/INSTALL'
Scanning dependencies of target secondtst_INT_ETIME
gmake[6]: Leaving directory `/workspace/cvcsoft/TexMol/release/third-party/lapack_proj-prefix/src/lapack_proj-build/INSTALL'
gmake[6]: Entering directory `/workspace/cvcsoft/TexMol/release/third-party/lapack_proj-prefix/src/lapack_proj-build/INSTALL'
[ 50%] Building Fortran object CMakeFiles/secondtst_INT_ETIME.dir/second_INT_ETIME.f.o
[100%] Building Fortran object CMakeFiles/secondtst_INT_ETIME.dir/secondtst.f.o
Linking Fortran executable secondtst_INT_ETIME
gmake[6]: Leaving directory `/workspace/cvcsoft/TexMol/release/third-party/lapack_proj-prefix/src/lapack_proj-build/INSTALL'
[100%] Built target secondtst_INT_ETIME
gmake[5]: Leaving directory `/workspace/cvcsoft/TexMol/release/third-party/lapack_proj-prefix/src/lapack_proj-build/INSTALL'
gmake[4]: Leaving directory `/workspace/cvcsoft/TexMol/release/third-party/lapack_proj-prefix/src/lapack_proj-build/INSTALL'
gmake[3]: Leaving directory `/workspace/cvcsoft/TexMol/release/third-party/lapack_proj-prefix/src/lapack_proj-build/INSTALL'
 

