Fortran EXT_ETIME does not exist. 
 Change Dir: /workspace/cvcsoft/TexMol/release/third-party/lapack_proj-prefix/src/lapack_proj-build/INSTALL

Run Build Command:/usr/bin/gmake "secondtst_EXT_ETIME"
gmake[3]: Entering directory `/workspace/cvcsoft/TexMol/release/third-party/lapack_proj-prefix/src/lapack_proj-build/INSTALL'
gmake[4]: Entering directory `/workspace/cvcsoft/TexMol/release/third-party/lapack_proj-prefix/src/lapack_proj-build/INSTALL'
gmake[5]: Entering directory `/workspace/cvcsoft/TexMol/release/third-party/lapack_proj-prefix/src/lapack_proj-build/INSTALL'
gmake[6]: Entering directory `/workspace/cvcsoft/TexMol/release/third-party/lapack_proj-prefix/src/lapack_proj-build/INSTALL'
Scanning dependencies of target secondtst_EXT_ETIME
gmake[6]: Leaving directory `/workspace/cvcsoft/TexMol/release/third-party/lapack_proj-prefix/src/lapack_proj-build/INSTALL'
gmake[6]: Entering directory `/workspace/cvcsoft/TexMol/release/third-party/lapack_proj-prefix/src/lapack_proj-build/INSTALL'
[ 50%] Building Fortran object CMakeFiles/secondtst_EXT_ETIME.dir/second_EXT_ETIME.f.o
[100%] Building Fortran object CMakeFiles/secondtst_EXT_ETIME.dir/secondtst.f.o
Linking Fortran executable secondtst_EXT_ETIME
CMakeFiles/secondtst_EXT_ETIME.dir/second_EXT_ETIME.f.o: In function `second_':
second_EXT_ETIME.f:(.text+0x15): undefined reference to `etime_'
collect2: ld returned 1 exit status
gmake[6]: Leaving directory `/workspace/cvcsoft/TexMol/release/third-party/lapack_proj-prefix/src/lapack_proj-build/INSTALL'
gmake[6]: *** [secondtst_EXT_ETIME] Error 1
gmake[5]: *** [CMakeFiles/secondtst_EXT_ETIME.dir/all] Error 2
gmake[5]: Leaving directory `/workspace/cvcsoft/TexMol/release/third-party/lapack_proj-prefix/src/lapack_proj-build/INSTALL'
gmake[4]: Leaving directory `/workspace/cvcsoft/TexMol/release/third-party/lapack_proj-prefix/src/lapack_proj-build/INSTALL'
gmake[3]: Leaving directory `/workspace/cvcsoft/TexMol/release/third-party/lapack_proj-prefix/src/lapack_proj-build/INSTALL'
gmake[4]: *** [CMakeFiles/secondtst_EXT_ETIME.dir/rule] Error 2
gmake[3]: *** [secondtst_EXT_ETIME] Error 2
 
Fortran EXT_ETIME_ does not exist. 
 Change Dir: /workspace/cvcsoft/TexMol/release/third-party/lapack_proj-prefix/src/lapack_proj-build/INSTALL

Run Build Command:/usr/bin/gmake "secondtst_EXT_ETIME_"
gmake[3]: Entering directory `/workspace/cvcsoft/TexMol/release/third-party/lapack_proj-prefix/src/lapack_proj-build/INSTALL'
gmake[4]: Entering directory `/workspace/cvcsoft/TexMol/release/third-party/lapack_proj-prefix/src/lapack_proj-build/INSTALL'
gmake[5]: Entering directory `/workspace/cvcsoft/TexMol/release/third-party/lapack_proj-prefix/src/lapack_proj-build/INSTALL'
gmake[6]: Entering directory `/workspace/cvcsoft/TexMol/release/third-party/lapack_proj-prefix/src/lapack_proj-build/INSTALL'
Scanning dependencies of target secondtst_EXT_ETIME_
gmake[6]: Leaving directory `/workspace/cvcsoft/TexMol/release/third-party/lapack_proj-prefix/src/lapack_proj-build/INSTALL'
gmake[6]: Entering directory `/workspace/cvcsoft/TexMol/release/third-party/lapack_proj-prefix/src/lapack_proj-build/INSTALL'
[ 50%] Building Fortran object CMakeFiles/secondtst_EXT_ETIME_.dir/second_EXT_ETIME_.f.o
[100%] Building Fortran object CMakeFiles/secondtst_EXT_ETIME_.dir/secondtst.f.o
Linking Fortran executable secondtst_EXT_ETIME_
CMakeFiles/secondtst_EXT_ETIME_.dir/second_EXT_ETIME_.f.o: In function `second_':
second_EXT_ETIME_.f:(.text+0x15): undefined reference to `etime__'
collect2: ld returned 1 exit status
gmake[6]: *** [secondtst_EXT_ETIME_] Error 1
gmake[6]: Leaving directory `/workspace/cvcsoft/TexMol/release/third-party/lapack_proj-prefix/src/lapack_proj-build/INSTALL'
gmake[5]: *** [CMakeFiles/secondtst_EXT_ETIME_.dir/all] Error 2
gmake[5]: Leaving directory `/workspace/cvcsoft/TexMol/release/third-party/lapack_proj-prefix/src/lapack_proj-build/INSTALL'
gmake[4]: *** [CMakeFiles/secondtst_EXT_ETIME_.dir/rule] Error 2
gmake[4]: Leaving directory `/workspace/cvcsoft/TexMol/release/third-party/lapack_proj-prefix/src/lapack_proj-build/INSTALL'
gmake[3]: *** [secondtst_EXT_ETIME_] Error 2
gmake[3]: Leaving directory `/workspace/cvcsoft/TexMol/release/third-party/lapack_proj-prefix/src/lapack_proj-build/INSTALL'
 
