Determining if the function WSAStartup exists in the ws2_32;m failed with the following output:
Change Dir: /workspace/cvcsoft/TexMol/release/third-party/hdf5_proj-prefix/src/hdf5_proj-build/CMakeFiles/CMakeTmp

Run Build Command:/usr/bin/gmake "cmTryCompileExec975654805/fast"
gmake[3]: Entering directory `/workspace/cvcsoft/TexMol/release/third-party/hdf5_proj-prefix/src/hdf5_proj-build/CMakeFiles/CMakeTmp'
/usr/bin/gmake -f CMakeFiles/cmTryCompileExec975654805.dir/build.make CMakeFiles/cmTryCompileExec975654805.dir/build
gmake[4]: Entering directory `/workspace/cvcsoft/TexMol/release/third-party/hdf5_proj-prefix/src/hdf5_proj-build/CMakeFiles/CMakeTmp'
/opt/apps/ossw/applications/cmake/cmake-2.8.9/sl6/bin/cmake -E cmake_progress_report /workspace/cvcsoft/TexMol/release/third-party/hdf5_proj-prefix/src/hdf5_proj-build/CMakeFiles/CMakeTmp/CMakeFiles 1
Building C object CMakeFiles/cmTryCompileExec975654805.dir/CheckFunctionExists.c.o
/usr/bin/gcc   -DCHECK_FUNCTION_EXISTS=WSAStartup   -o CMakeFiles/cmTryCompileExec975654805.dir/CheckFunctionExists.c.o   -c /opt/apps/ossw/applications/cmake/cmake-2.8.9/sl6/share/cmake-2.8/Modules/CheckFunctionExists.c
Linking C executable cmTryCompileExec975654805
/opt/apps/ossw/applications/cmake/cmake-2.8.9/sl6/bin/cmake -E cmake_link_script CMakeFiles/cmTryCompileExec975654805.dir/link.txt --verbose=1
/usr/bin/gcc     -DCHECK_FUNCTION_EXISTS=WSAStartup    CMakeFiles/cmTryCompileExec975654805.dir/CheckFunctionExists.c.o  -o cmTryCompileExec975654805 -rdynamic -lws2_32 -lm 
/usr/bin/ld: cannot find -lws2_32
collect2: ld returned 1 exit status
gmake[4]: *** [cmTryCompileExec975654805] Error 1
gmake[4]: Leaving directory `/workspace/cvcsoft/TexMol/release/third-party/hdf5_proj-prefix/src/hdf5_proj-build/CMakeFiles/CMakeTmp'
gmake[3]: Leaving directory `/workspace/cvcsoft/TexMol/release/third-party/hdf5_proj-prefix/src/hdf5_proj-build/CMakeFiles/CMakeTmp'
gmake[3]: *** [cmTryCompileExec975654805/fast] Error 2


Determining if the function gethostbyname exists in the wsock32;m failed with the following output:
Change Dir: /workspace/cvcsoft/TexMol/release/third-party/hdf5_proj-prefix/src/hdf5_proj-build/CMakeFiles/CMakeTmp

Run Build Command:/usr/bin/gmake "cmTryCompileExec3775599506/fast"
gmake[3]: Entering directory `/workspace/cvcsoft/TexMol/release/third-party/hdf5_proj-prefix/src/hdf5_proj-build/CMakeFiles/CMakeTmp'
/usr/bin/gmake -f CMakeFiles/cmTryCompileExec3775599506.dir/build.make CMakeFiles/cmTryCompileExec3775599506.dir/build
gmake[4]: Entering directory `/workspace/cvcsoft/TexMol/release/third-party/hdf5_proj-prefix/src/hdf5_proj-build/CMakeFiles/CMakeTmp'
/opt/apps/ossw/applications/cmake/cmake-2.8.9/sl6/bin/cmake -E cmake_progress_report /workspace/cvcsoft/TexMol/release/third-party/hdf5_proj-prefix/src/hdf5_proj-build/CMakeFiles/CMakeTmp/CMakeFiles 1
Building C object CMakeFiles/cmTryCompileExec3775599506.dir/CheckFunctionExists.c.o
/usr/bin/gcc   -DCHECK_FUNCTION_EXISTS=gethostbyname   -o CMakeFiles/cmTryCompileExec3775599506.dir/CheckFunctionExists.c.o   -c /opt/apps/ossw/applications/cmake/cmake-2.8.9/sl6/share/cmake-2.8/Modules/CheckFunctionExists.c
Linking C executable cmTryCompileExec3775599506
/opt/apps/ossw/applications/cmake/cmake-2.8.9/sl6/bin/cmake -E cmake_link_script CMakeFiles/cmTryCompileExec3775599506.dir/link.txt --verbose=1
/usr/bin/gcc     -DCHECK_FUNCTION_EXISTS=gethostbyname    CMakeFiles/cmTryCompileExec3775599506.dir/CheckFunctionExists.c.o  -o cmTryCompileExec3775599506 -rdynamic -lwsock32 -lm 
/usr/bin/ld: cannot find -lwsock32
collect2: ld returned 1 exit status
gmake[4]: *** [cmTryCompileExec3775599506] Error 1
gmake[4]: Leaving directory `/workspace/cvcsoft/TexMol/release/third-party/hdf5_proj-prefix/src/hdf5_proj-build/CMakeFiles/CMakeTmp'
gmake[3]: *** [cmTryCompileExec3775599506/fast] Error 2
gmake[3]: Leaving directory `/workspace/cvcsoft/TexMol/release/third-party/hdf5_proj-prefix/src/hdf5_proj-build/CMakeFiles/CMakeTmp'


Determining if the function gethostname exists in the ucb;m failed with the following output:
Change Dir: /workspace/cvcsoft/TexMol/release/third-party/hdf5_proj-prefix/src/hdf5_proj-build/CMakeFiles/CMakeTmp

Run Build Command:/usr/bin/gmake "cmTryCompileExec2574256203/fast"
gmake[3]: Entering directory `/workspace/cvcsoft/TexMol/release/third-party/hdf5_proj-prefix/src/hdf5_proj-build/CMakeFiles/CMakeTmp'
/usr/bin/gmake -f CMakeFiles/cmTryCompileExec2574256203.dir/build.make CMakeFiles/cmTryCompileExec2574256203.dir/build
gmake[4]: Entering directory `/workspace/cvcsoft/TexMol/release/third-party/hdf5_proj-prefix/src/hdf5_proj-build/CMakeFiles/CMakeTmp'
/opt/apps/ossw/applications/cmake/cmake-2.8.9/sl6/bin/cmake -E cmake_progress_report /workspace/cvcsoft/TexMol/release/third-party/hdf5_proj-prefix/src/hdf5_proj-build/CMakeFiles/CMakeTmp/CMakeFiles 1
Building C object CMakeFiles/cmTryCompileExec2574256203.dir/CheckFunctionExists.c.o
/usr/bin/gcc   -DCHECK_FUNCTION_EXISTS=gethostname   -o CMakeFiles/cmTryCompileExec2574256203.dir/CheckFunctionExists.c.o   -c /opt/apps/ossw/applications/cmake/cmake-2.8.9/sl6/share/cmake-2.8/Modules/CheckFunctionExists.c
Linking C executable cmTryCompileExec2574256203
/opt/apps/ossw/applications/cmake/cmake-2.8.9/sl6/bin/cmake -E cmake_link_script CMakeFiles/cmTryCompileExec2574256203.dir/link.txt --verbose=1
/usr/bin/gcc     -DCHECK_FUNCTION_EXISTS=gethostname    CMakeFiles/cmTryCompileExec2574256203.dir/CheckFunctionExists.c.o  -o cmTryCompileExec2574256203 -rdynamic -lucb -lm 
/usr/bin/ld: cannot find -lucb
collect2: ld returned 1 exit status
gmake[4]: *** [cmTryCompileExec2574256203] Error 1
gmake[4]: Leaving directory `/workspace/cvcsoft/TexMol/release/third-party/hdf5_proj-prefix/src/hdf5_proj-build/CMakeFiles/CMakeTmp'
gmake[3]: *** [cmTryCompileExec2574256203/fast] Error 2
gmake[3]: Leaving directory `/workspace/cvcsoft/TexMol/release/third-party/hdf5_proj-prefix/src/hdf5_proj-build/CMakeFiles/CMakeTmp'


Determining if the function connect exists in the socket;m failed with the following output:
Change Dir: /workspace/cvcsoft/TexMol/release/third-party/hdf5_proj-prefix/src/hdf5_proj-build/CMakeFiles/CMakeTmp

Run Build Command:/usr/bin/gmake "cmTryCompileExec1440296840/fast"
gmake[3]: Entering directory `/workspace/cvcsoft/TexMol/release/third-party/hdf5_proj-prefix/src/hdf5_proj-build/CMakeFiles/CMakeTmp'
/usr/bin/gmake -f CMakeFiles/cmTryCompileExec1440296840.dir/build.make CMakeFiles/cmTryCompileExec1440296840.dir/build
gmake[4]: Entering directory `/workspace/cvcsoft/TexMol/release/third-party/hdf5_proj-prefix/src/hdf5_proj-build/CMakeFiles/CMakeTmp'
/opt/apps/ossw/applications/cmake/cmake-2.8.9/sl6/bin/cmake -E cmake_progress_report /workspace/cvcsoft/TexMol/release/third-party/hdf5_proj-prefix/src/hdf5_proj-build/CMakeFiles/CMakeTmp/CMakeFiles 1
Building C object CMakeFiles/cmTryCompileExec1440296840.dir/CheckFunctionExists.c.o
/usr/bin/gcc   -DCHECK_FUNCTION_EXISTS=connect   -o CMakeFiles/cmTryCompileExec1440296840.dir/CheckFunctionExists.c.o   -c /opt/apps/ossw/applications/cmake/cmake-2.8.9/sl6/share/cmake-2.8/Modules/CheckFunctionExists.c
Linking C executable cmTryCompileExec1440296840
/opt/apps/ossw/applications/cmake/cmake-2.8.9/sl6/bin/cmake -E cmake_link_script CMakeFiles/cmTryCompileExec1440296840.dir/link.txt --verbose=1
/usr/bin/gcc     -DCHECK_FUNCTION_EXISTS=connect    CMakeFiles/cmTryCompileExec1440296840.dir/CheckFunctionExists.c.o  -o cmTryCompileExec1440296840 -rdynamic -lsocket -lm 
/usr/bin/ld: cannot find -lsocket
collect2: ld returned 1 exit status
gmake[4]: Leaving directory `/workspace/cvcsoft/TexMol/release/third-party/hdf5_proj-prefix/src/hdf5_proj-build/CMakeFiles/CMakeTmp'
gmake[4]: *** [cmTryCompileExec1440296840] Error 1
gmake[3]: *** [cmTryCompileExec1440296840/fast] Error 2
gmake[3]: Leaving directory `/workspace/cvcsoft/TexMol/release/third-party/hdf5_proj-prefix/src/hdf5_proj-build/CMakeFiles/CMakeTmp'


Determining if the system is big endian passed with the following output:
Change Dir: /workspace/cvcsoft/TexMol/release/third-party/hdf5_proj-prefix/src/hdf5_proj-build/CMakeFiles/CMakeTmp

Run Build Command:/usr/bin/gmake "cmTryCompileExec3341233905/fast"
gmake[3]: Entering directory `/workspace/cvcsoft/TexMol/release/third-party/hdf5_proj-prefix/src/hdf5_proj-build/CMakeFiles/CMakeTmp'
/usr/bin/gmake -f CMakeFiles/cmTryCompileExec3341233905.dir/build.make CMakeFiles/cmTryCompileExec3341233905.dir/build
gmake[4]: Entering directory `/workspace/cvcsoft/TexMol/release/third-party/hdf5_proj-prefix/src/hdf5_proj-build/CMakeFiles/CMakeTmp'
/opt/apps/ossw/applications/cmake/cmake-2.8.9/sl6/bin/cmake -E cmake_progress_report /workspace/cvcsoft/TexMol/release/third-party/hdf5_proj-prefix/src/hdf5_proj-build/CMakeFiles/CMakeTmp/CMakeFiles 1
Building C object CMakeFiles/cmTryCompileExec3341233905.dir/TestEndianess.c.o
/usr/bin/gcc    -o CMakeFiles/cmTryCompileExec3341233905.dir/TestEndianess.c.o   -c /workspace/cvcsoft/TexMol/release/third-party/hdf5_proj-prefix/src/hdf5_proj-build/CMakeFiles/CMakeTmp/TestEndianess.c
Linking C executable cmTryCompileExec3341233905
/opt/apps/ossw/applications/cmake/cmake-2.8.9/sl6/bin/cmake -E cmake_link_script CMakeFiles/cmTryCompileExec3341233905.dir/link.txt --verbose=1
/usr/bin/gcc         CMakeFiles/cmTryCompileExec3341233905.dir/TestEndianess.c.o  -o cmTryCompileExec3341233905 -rdynamic 
gmake[4]: Leaving directory `/workspace/cvcsoft/TexMol/release/third-party/hdf5_proj-prefix/src/hdf5_proj-build/CMakeFiles/CMakeTmp'
gmake[3]: Leaving directory `/workspace/cvcsoft/TexMol/release/third-party/hdf5_proj-prefix/src/hdf5_proj-build/CMakeFiles/CMakeTmp'

TestEndianess.c:
/* A 16 bit integer is required. */
typedef unsigned short cmakeint16;

/* On a little endian machine, these 16bit ints will give "THIS IS LITTLE ENDIAN."
   On a big endian machine the characters will be exchanged pairwise. */
const cmakeint16 info_little[] =  {0x4854, 0x5349, 0x4920, 0x2053, 0x494c, 0x5454, 0x454c, 0x4520, 0x444e, 0x4149, 0x2e4e, 0x0000};

/* on a big endian machine, these 16bit ints will give "THIS IS BIG ENDIAN."
   On a little endian machine the characters will be exchanged pairwise. */
const cmakeint16 info_big[] =     {0x5448, 0x4953, 0x2049, 0x5320, 0x4249, 0x4720, 0x454e, 0x4449, 0x414e, 0x2e2e, 0x0000};

#ifdef __CLASSIC_C__
int main(argc, argv) int argc; char *argv[];
#else
int main(int argc, char *argv[])
#endif
{
  int require = 0;
  require += info_little[argc];
  require += info_big[argc];
  (void)argv;
  return require;
}


Determining if the function clock_gettime exists failed with the following output:
Change Dir: /workspace/cvcsoft/TexMol/release/third-party/hdf5_proj-prefix/src/hdf5_proj-build/CMakeFiles/CMakeTmp

Run Build Command:/usr/bin/gmake "cmTryCompileExec3584319954/fast"
gmake[3]: Entering directory `/workspace/cvcsoft/TexMol/release/third-party/hdf5_proj-prefix/src/hdf5_proj-build/CMakeFiles/CMakeTmp'
/usr/bin/gmake -f CMakeFiles/cmTryCompileExec3584319954.dir/build.make CMakeFiles/cmTryCompileExec3584319954.dir/build
gmake[4]: Entering directory `/workspace/cvcsoft/TexMol/release/third-party/hdf5_proj-prefix/src/hdf5_proj-build/CMakeFiles/CMakeTmp'
/opt/apps/ossw/applications/cmake/cmake-2.8.9/sl6/bin/cmake -E cmake_progress_report /workspace/cvcsoft/TexMol/release/third-party/hdf5_proj-prefix/src/hdf5_proj-build/CMakeFiles/CMakeTmp/CMakeFiles 1
Building C object CMakeFiles/cmTryCompileExec3584319954.dir/CheckFunctionExists.c.o
/usr/bin/gcc   -DCHECK_FUNCTION_EXISTS=clock_gettime   -o CMakeFiles/cmTryCompileExec3584319954.dir/CheckFunctionExists.c.o   -c /opt/apps/ossw/applications/cmake/cmake-2.8.9/sl6/share/cmake-2.8/Modules/CheckFunctionExists.c
Linking C executable cmTryCompileExec3584319954
/opt/apps/ossw/applications/cmake/cmake-2.8.9/sl6/bin/cmake -E cmake_link_script CMakeFiles/cmTryCompileExec3584319954.dir/link.txt --verbose=1
/usr/bin/gcc     -DCHECK_FUNCTION_EXISTS=clock_gettime    CMakeFiles/cmTryCompileExec3584319954.dir/CheckFunctionExists.c.o  -o cmTryCompileExec3584319954 -rdynamic -lm 
CMakeFiles/cmTryCompileExec3584319954.dir/CheckFunctionExists.c.o: In function `main':
CheckFunctionExists.c:(.text+0x15): undefined reference to `clock_gettime'
collect2: ld returned 1 exit status
gmake[4]: Leaving directory `/workspace/cvcsoft/TexMol/release/third-party/hdf5_proj-prefix/src/hdf5_proj-build/CMakeFiles/CMakeTmp'
gmake[4]: *** [cmTryCompileExec3584319954] Error 1
gmake[3]: *** [cmTryCompileExec3584319954/fast] Error 2
gmake[3]: Leaving directory `/workspace/cvcsoft/TexMol/release/third-party/hdf5_proj-prefix/src/hdf5_proj-build/CMakeFiles/CMakeTmp'


Determining if the function clock_gettime exists in the posix4 failed with the following output:
Change Dir: /workspace/cvcsoft/TexMol/release/third-party/hdf5_proj-prefix/src/hdf5_proj-build/CMakeFiles/CMakeTmp

Run Build Command:/usr/bin/gmake "cmTryCompileExec3336669876/fast"
gmake[3]: Entering directory `/workspace/cvcsoft/TexMol/release/third-party/hdf5_proj-prefix/src/hdf5_proj-build/CMakeFiles/CMakeTmp'
/usr/bin/gmake -f CMakeFiles/cmTryCompileExec3336669876.dir/build.make CMakeFiles/cmTryCompileExec3336669876.dir/build
gmake[4]: Entering directory `/workspace/cvcsoft/TexMol/release/third-party/hdf5_proj-prefix/src/hdf5_proj-build/CMakeFiles/CMakeTmp'
/opt/apps/ossw/applications/cmake/cmake-2.8.9/sl6/bin/cmake -E cmake_progress_report /workspace/cvcsoft/TexMol/release/third-party/hdf5_proj-prefix/src/hdf5_proj-build/CMakeFiles/CMakeTmp/CMakeFiles 1
Building C object CMakeFiles/cmTryCompileExec3336669876.dir/CheckFunctionExists.c.o
/usr/bin/gcc   -DCHECK_FUNCTION_EXISTS=clock_gettime   -o CMakeFiles/cmTryCompileExec3336669876.dir/CheckFunctionExists.c.o   -c /opt/apps/ossw/applications/cmake/cmake-2.8.9/sl6/share/cmake-2.8/Modules/CheckFunctionExists.c
Linking C executable cmTryCompileExec3336669876
/opt/apps/ossw/applications/cmake/cmake-2.8.9/sl6/bin/cmake -E cmake_link_script CMakeFiles/cmTryCompileExec3336669876.dir/link.txt --verbose=1
/usr/bin/gcc     -DCHECK_FUNCTION_EXISTS=clock_gettime    CMakeFiles/cmTryCompileExec3336669876.dir/CheckFunctionExists.c.o  -o cmTryCompileExec3336669876 -rdynamic -lposix4 -lm 
/usr/bin/ld: cannot find -lposix4
collect2: ld returned 1 exit status
gmake[4]: *** [cmTryCompileExec3336669876] Error 1
gmake[4]: Leaving directory `/workspace/cvcsoft/TexMol/release/third-party/hdf5_proj-prefix/src/hdf5_proj-build/CMakeFiles/CMakeTmp'
gmake[3]: *** [cmTryCompileExec3336669876/fast] Error 2
gmake[3]: Leaving directory `/workspace/cvcsoft/TexMol/release/third-party/hdf5_proj-prefix/src/hdf5_proj-build/CMakeFiles/CMakeTmp'


Determining if files sys/resource.h;sys/time.h;unistd.h;sys/ioctl.h;sys/stat.h;sys/socket.h;sys/types.h;stddef.h;setjmp.h;features.h;stdint.h;mach/mach_time.h exist failed with the following output:
Change Dir: /workspace/cvcsoft/TexMol/release/third-party/hdf5_proj-prefix/src/hdf5_proj-build/CMakeFiles/CMakeTmp

Run Build Command:/usr/bin/gmake "cmTryCompileExec639659080/fast"
gmake[3]: Entering directory `/workspace/cvcsoft/TexMol/release/third-party/hdf5_proj-prefix/src/hdf5_proj-build/CMakeFiles/CMakeTmp'
/usr/bin/gmake -f CMakeFiles/cmTryCompileExec639659080.dir/build.make CMakeFiles/cmTryCompileExec639659080.dir/build
gmake[4]: Entering directory `/workspace/cvcsoft/TexMol/release/third-party/hdf5_proj-prefix/src/hdf5_proj-build/CMakeFiles/CMakeTmp'
/opt/apps/ossw/applications/cmake/cmake-2.8.9/sl6/bin/cmake -E cmake_progress_report /workspace/cvcsoft/TexMol/release/third-party/hdf5_proj-prefix/src/hdf5_proj-build/CMakeFiles/CMakeTmp/CMakeFiles 1
Building C object CMakeFiles/cmTryCompileExec639659080.dir/CheckIncludeFiles.c.o
/usr/bin/gcc    -o CMakeFiles/cmTryCompileExec639659080.dir/CheckIncludeFiles.c.o   -c /workspace/cvcsoft/TexMol/release/third-party/hdf5_proj-prefix/src/hdf5_proj-build/CMakeFiles/CMakeTmp/CheckIncludeFiles.c
/workspace/cvcsoft/TexMol/release/third-party/hdf5_proj-prefix/src/hdf5_proj-build/CMakeFiles/CMakeTmp/CheckIncludeFiles.c:13:28: error: mach/mach_time.h: No such file or directory
gmake[4]: *** [CMakeFiles/cmTryCompileExec639659080.dir/CheckIncludeFiles.c.o] Error 1
gmake[4]: Leaving directory `/workspace/cvcsoft/TexMol/release/third-party/hdf5_proj-prefix/src/hdf5_proj-build/CMakeFiles/CMakeTmp'
gmake[3]: *** [cmTryCompileExec639659080/fast] Error 2
gmake[3]: Leaving directory `/workspace/cvcsoft/TexMol/release/third-party/hdf5_proj-prefix/src/hdf5_proj-build/CMakeFiles/CMakeTmp'

Source:
/* */
#include <sys/resource.h>
#include <sys/time.h>
#include <unistd.h>
#include <sys/ioctl.h>
#include <sys/stat.h>
#include <sys/socket.h>
#include <sys/types.h>
#include <stddef.h>
#include <setjmp.h>
#include <features.h>
#include <stdint.h>
#include <mach/mach_time.h>


int main(){return 0;}

Determining if files sys/resource.h;sys/time.h;unistd.h;sys/ioctl.h;sys/stat.h;sys/socket.h;sys/types.h;stddef.h;setjmp.h;features.h;stdint.h;io.h exist failed with the following output:
Change Dir: /workspace/cvcsoft/TexMol/release/third-party/hdf5_proj-prefix/src/hdf5_proj-build/CMakeFiles/CMakeTmp

Run Build Command:/usr/bin/gmake "cmTryCompileExec3220667613/fast"
gmake[3]: Entering directory `/workspace/cvcsoft/TexMol/release/third-party/hdf5_proj-prefix/src/hdf5_proj-build/CMakeFiles/CMakeTmp'
/usr/bin/gmake -f CMakeFiles/cmTryCompileExec3220667613.dir/build.make CMakeFiles/cmTryCompileExec3220667613.dir/build
gmake[4]: Entering directory `/workspace/cvcsoft/TexMol/release/third-party/hdf5_proj-prefix/src/hdf5_proj-build/CMakeFiles/CMakeTmp'
/opt/apps/ossw/applications/cmake/cmake-2.8.9/sl6/bin/cmake -E cmake_progress_report /workspace/cvcsoft/TexMol/release/third-party/hdf5_proj-prefix/src/hdf5_proj-build/CMakeFiles/CMakeTmp/CMakeFiles 1
Building C object CMakeFiles/cmTryCompileExec3220667613.dir/CheckIncludeFiles.c.o
/usr/bin/gcc    -o CMakeFiles/cmTryCompileExec3220667613.dir/CheckIncludeFiles.c.o   -c /workspace/cvcsoft/TexMol/release/third-party/hdf5_proj-prefix/src/hdf5_proj-build/CMakeFiles/CMakeTmp/CheckIncludeFiles.c
/workspace/cvcsoft/TexMol/release/third-party/hdf5_proj-prefix/src/hdf5_proj-build/CMakeFiles/CMakeTmp/CheckIncludeFiles.c:13:16: error: io.h: No such file or directory
gmake[4]: *** [CMakeFiles/cmTryCompileExec3220667613.dir/CheckIncludeFiles.c.o] Error 1
gmake[4]: Leaving directory `/workspace/cvcsoft/TexMol/release/third-party/hdf5_proj-prefix/src/hdf5_proj-build/CMakeFiles/CMakeTmp'
gmake[3]: *** [cmTryCompileExec3220667613/fast] Error 2
gmake[3]: Leaving directory `/workspace/cvcsoft/TexMol/release/third-party/hdf5_proj-prefix/src/hdf5_proj-build/CMakeFiles/CMakeTmp'

Source:
/* */
#include <sys/resource.h>
#include <sys/time.h>
#include <unistd.h>
#include <sys/ioctl.h>
#include <sys/stat.h>
#include <sys/socket.h>
#include <sys/types.h>
#include <stddef.h>
#include <setjmp.h>
#include <features.h>
#include <stdint.h>
#include <io.h>


int main(){return 0;}

Determining if files sys/resource.h;sys/time.h;unistd.h;sys/ioctl.h;sys/stat.h;sys/socket.h;sys/types.h;stddef.h;setjmp.h;features.h;stdint.h;winsock2.h exist failed with the following output:
Change Dir: /workspace/cvcsoft/TexMol/release/third-party/hdf5_proj-prefix/src/hdf5_proj-build/CMakeFiles/CMakeTmp

Run Build Command:/usr/bin/gmake "cmTryCompileExec4141347766/fast"
gmake[3]: Entering directory `/workspace/cvcsoft/TexMol/release/third-party/hdf5_proj-prefix/src/hdf5_proj-build/CMakeFiles/CMakeTmp'
/usr/bin/gmake -f CMakeFiles/cmTryCompileExec4141347766.dir/build.make CMakeFiles/cmTryCompileExec4141347766.dir/build
gmake[4]: Entering directory `/workspace/cvcsoft/TexMol/release/third-party/hdf5_proj-prefix/src/hdf5_proj-build/CMakeFiles/CMakeTmp'
/opt/apps/ossw/applications/cmake/cmake-2.8.9/sl6/bin/cmake -E cmake_progress_report /workspace/cvcsoft/TexMol/release/third-party/hdf5_proj-prefix/src/hdf5_proj-build/CMakeFiles/CMakeTmp/CMakeFiles 1
Building C object CMakeFiles/cmTryCompileExec4141347766.dir/CheckIncludeFiles.c.o
/usr/bin/gcc    -o CMakeFiles/cmTryCompileExec4141347766.dir/CheckIncludeFiles.c.o   -c /workspace/cvcsoft/TexMol/release/third-party/hdf5_proj-prefix/src/hdf5_proj-build/CMakeFiles/CMakeTmp/CheckIncludeFiles.c
/workspace/cvcsoft/TexMol/release/third-party/hdf5_proj-prefix/src/hdf5_proj-build/CMakeFiles/CMakeTmp/CheckIncludeFiles.c:13:22: error: winsock2.h: No such file or directory
gmake[4]: Leaving directory `/workspace/cvcsoft/TexMol/release/third-party/hdf5_proj-prefix/src/hdf5_proj-build/CMakeFiles/CMakeTmp'
gmake[4]: *** [CMakeFiles/cmTryCompileExec4141347766.dir/CheckIncludeFiles.c.o] Error 1
gmake[3]: Leaving directory `/workspace/cvcsoft/TexMol/release/third-party/hdf5_proj-prefix/src/hdf5_proj-build/CMakeFiles/CMakeTmp'
gmake[3]: *** [cmTryCompileExec4141347766/fast] Error 2

Source:
/* */
#include <sys/resource.h>
#include <sys/time.h>
#include <unistd.h>
#include <sys/ioctl.h>
#include <sys/stat.h>
#include <sys/socket.h>
#include <sys/types.h>
#include <stddef.h>
#include <setjmp.h>
#include <features.h>
#include <stdint.h>
#include <winsock2.h>


int main(){return 0;}

Determining if files sys/resource.h;sys/time.h;unistd.h;sys/ioctl.h;sys/stat.h;sys/socket.h;sys/types.h;stddef.h;setjmp.h;features.h;stdint.h;sys/timeb.h;globus/common.h exist failed with the following output:
Change Dir: /workspace/cvcsoft/TexMol/release/third-party/hdf5_proj-prefix/src/hdf5_proj-build/CMakeFiles/CMakeTmp

Run Build Command:/usr/bin/gmake "cmTryCompileExec3685614552/fast"
gmake[3]: Entering directory `/workspace/cvcsoft/TexMol/release/third-party/hdf5_proj-prefix/src/hdf5_proj-build/CMakeFiles/CMakeTmp'
/usr/bin/gmake -f CMakeFiles/cmTryCompileExec3685614552.dir/build.make CMakeFiles/cmTryCompileExec3685614552.dir/build
gmake[4]: Entering directory `/workspace/cvcsoft/TexMol/release/third-party/hdf5_proj-prefix/src/hdf5_proj-build/CMakeFiles/CMakeTmp'
/opt/apps/ossw/applications/cmake/cmake-2.8.9/sl6/bin/cmake -E cmake_progress_report /workspace/cvcsoft/TexMol/release/third-party/hdf5_proj-prefix/src/hdf5_proj-build/CMakeFiles/CMakeTmp/CMakeFiles 1
Building C object CMakeFiles/cmTryCompileExec3685614552.dir/CheckIncludeFiles.c.o
/usr/bin/gcc    -o CMakeFiles/cmTryCompileExec3685614552.dir/CheckIncludeFiles.c.o   -c /workspace/cvcsoft/TexMol/release/third-party/hdf5_proj-prefix/src/hdf5_proj-build/CMakeFiles/CMakeTmp/CheckIncludeFiles.c
/workspace/cvcsoft/TexMol/release/third-party/hdf5_proj-prefix/src/hdf5_proj-build/CMakeFiles/CMakeTmp/CheckIncludeFiles.c:14:27: error: globus/common.h: No such file or directory
gmake[4]: *** [CMakeFiles/cmTryCompileExec3685614552.dir/CheckIncludeFiles.c.o] Error 1
gmake[4]: Leaving directory `/workspace/cvcsoft/TexMol/release/third-party/hdf5_proj-prefix/src/hdf5_proj-build/CMakeFiles/CMakeTmp'
gmake[3]: *** [cmTryCompileExec3685614552/fast] Error 2
gmake[3]: Leaving directory `/workspace/cvcsoft/TexMol/release/third-party/hdf5_proj-prefix/src/hdf5_proj-build/CMakeFiles/CMakeTmp'

Source:
/* */
#include <sys/resource.h>
#include <sys/time.h>
#include <unistd.h>
#include <sys/ioctl.h>
#include <sys/stat.h>
#include <sys/socket.h>
#include <sys/types.h>
#include <stddef.h>
#include <setjmp.h>
#include <features.h>
#include <stdint.h>
#include <sys/timeb.h>
#include <globus/common.h>


int main(){return 0;}

Determining if files sys/resource.h;sys/time.h;unistd.h;sys/ioctl.h;sys/stat.h;sys/socket.h;sys/types.h;stddef.h;setjmp.h;features.h;stdint.h;sys/timeb.h;pdb.h exist failed with the following output:
Change Dir: /workspace/cvcsoft/TexMol/release/third-party/hdf5_proj-prefix/src/hdf5_proj-build/CMakeFiles/CMakeTmp

Run Build Command:/usr/bin/gmake "cmTryCompileExec737130873/fast"
gmake[3]: Entering directory `/workspace/cvcsoft/TexMol/release/third-party/hdf5_proj-prefix/src/hdf5_proj-build/CMakeFiles/CMakeTmp'
/usr/bin/gmake -f CMakeFiles/cmTryCompileExec737130873.dir/build.make CMakeFiles/cmTryCompileExec737130873.dir/build
gmake[4]: Entering directory `/workspace/cvcsoft/TexMol/release/third-party/hdf5_proj-prefix/src/hdf5_proj-build/CMakeFiles/CMakeTmp'
/opt/apps/ossw/applications/cmake/cmake-2.8.9/sl6/bin/cmake -E cmake_progress_report /workspace/cvcsoft/TexMol/release/third-party/hdf5_proj-prefix/src/hdf5_proj-build/CMakeFiles/CMakeTmp/CMakeFiles 1
Building C object CMakeFiles/cmTryCompileExec737130873.dir/CheckIncludeFiles.c.o
/usr/bin/gcc    -o CMakeFiles/cmTryCompileExec737130873.dir/CheckIncludeFiles.c.o   -c /workspace/cvcsoft/TexMol/release/third-party/hdf5_proj-prefix/src/hdf5_proj-build/CMakeFiles/CMakeTmp/CheckIncludeFiles.c
/workspace/cvcsoft/TexMol/release/third-party/hdf5_proj-prefix/src/hdf5_proj-build/CMakeFiles/CMakeTmp/CheckIncludeFiles.c:14:17: error: pdb.h: No such file or directory
gmake[4]: *** [CMakeFiles/cmTryCompileExec737130873.dir/CheckIncludeFiles.c.o] Error 1
gmake[4]: Leaving directory `/workspace/cvcsoft/TexMol/release/third-party/hdf5_proj-prefix/src/hdf5_proj-build/CMakeFiles/CMakeTmp'
gmake[3]: Leaving directory `/workspace/cvcsoft/TexMol/release/third-party/hdf5_proj-prefix/src/hdf5_proj-build/CMakeFiles/CMakeTmp'
gmake[3]: *** [cmTryCompileExec737130873/fast] Error 2

Source:
/* */
#include <sys/resource.h>
#include <sys/time.h>
#include <unistd.h>
#include <sys/ioctl.h>
#include <sys/stat.h>
#include <sys/socket.h>
#include <sys/types.h>
#include <stddef.h>
#include <setjmp.h>
#include <features.h>
#include <stdint.h>
#include <sys/timeb.h>
#include <pdb.h>


int main(){return 0;}

Determining if files sys/resource.h;sys/time.h;unistd.h;sys/ioctl.h;sys/stat.h;sys/socket.h;sys/types.h;stddef.h;setjmp.h;features.h;stdint.h;sys/timeb.h;pthread.h;srbclient.h exist failed with the following output:
Change Dir: /workspace/cvcsoft/TexMol/release/third-party/hdf5_proj-prefix/src/hdf5_proj-build/CMakeFiles/CMakeTmp

Run Build Command:/usr/bin/gmake "cmTryCompileExec2007635021/fast"
gmake[3]: Entering directory `/workspace/cvcsoft/TexMol/release/third-party/hdf5_proj-prefix/src/hdf5_proj-build/CMakeFiles/CMakeTmp'
/usr/bin/gmake -f CMakeFiles/cmTryCompileExec2007635021.dir/build.make CMakeFiles/cmTryCompileExec2007635021.dir/build
gmake[4]: Entering directory `/workspace/cvcsoft/TexMol/release/third-party/hdf5_proj-prefix/src/hdf5_proj-build/CMakeFiles/CMakeTmp'
/opt/apps/ossw/applications/cmake/cmake-2.8.9/sl6/bin/cmake -E cmake_progress_report /workspace/cvcsoft/TexMol/release/third-party/hdf5_proj-prefix/src/hdf5_proj-build/CMakeFiles/CMakeTmp/CMakeFiles 1
Building C object CMakeFiles/cmTryCompileExec2007635021.dir/CheckIncludeFiles.c.o
/usr/bin/gcc    -o CMakeFiles/cmTryCompileExec2007635021.dir/CheckIncludeFiles.c.o   -c /workspace/cvcsoft/TexMol/release/third-party/hdf5_proj-prefix/src/hdf5_proj-build/CMakeFiles/CMakeTmp/CheckIncludeFiles.c
/workspace/cvcsoft/TexMol/release/third-party/hdf5_proj-prefix/src/hdf5_proj-build/CMakeFiles/CMakeTmp/CheckIncludeFiles.c:15:23: error: srbclient.h: No such file or directory
gmake[4]: *** [CMakeFiles/cmTryCompileExec2007635021.dir/CheckIncludeFiles.c.o] Error 1
gmake[4]: Leaving directory `/workspace/cvcsoft/TexMol/release/third-party/hdf5_proj-prefix/src/hdf5_proj-build/CMakeFiles/CMakeTmp'
gmake[3]: *** [cmTryCompileExec2007635021/fast] Error 2
gmake[3]: Leaving directory `/workspace/cvcsoft/TexMol/release/third-party/hdf5_proj-prefix/src/hdf5_proj-build/CMakeFiles/CMakeTmp'

Source:
/* */
#include <sys/resource.h>
#include <sys/time.h>
#include <unistd.h>
#include <sys/ioctl.h>
#include <sys/stat.h>
#include <sys/socket.h>
#include <sys/types.h>
#include <stddef.h>
#include <setjmp.h>
#include <features.h>
#include <stdint.h>
#include <sys/timeb.h>
#include <pthread.h>
#include <srbclient.h>


int main(){return 0;}

Determining size of __int64 failed with the following output:
Change Dir: /workspace/cvcsoft/TexMol/release/third-party/hdf5_proj-prefix/src/hdf5_proj-build/CMakeFiles/CMakeTmp

Run Build Command:/usr/bin/gmake "cmTryCompileExec3603940645/fast"
gmake[3]: Entering directory `/workspace/cvcsoft/TexMol/release/third-party/hdf5_proj-prefix/src/hdf5_proj-build/CMakeFiles/CMakeTmp'
/usr/bin/gmake -f CMakeFiles/cmTryCompileExec3603940645.dir/build.make CMakeFiles/cmTryCompileExec3603940645.dir/build
gmake[4]: Entering directory `/workspace/cvcsoft/TexMol/release/third-party/hdf5_proj-prefix/src/hdf5_proj-build/CMakeFiles/CMakeTmp'
/opt/apps/ossw/applications/cmake/cmake-2.8.9/sl6/bin/cmake -E cmake_progress_report /workspace/cvcsoft/TexMol/release/third-party/hdf5_proj-prefix/src/hdf5_proj-build/CMakeFiles/CMakeTmp/CMakeFiles 1
Building C object CMakeFiles/cmTryCompileExec3603940645.dir/H5_SIZEOF___INT64.c.o
/usr/bin/gcc  -D_BSD_SOURCE -D_FILE_OFFSET_BITS=64 -D_LARGEFILE64_SOURCE -D_LARGEFILE_SOURCE  -o CMakeFiles/cmTryCompileExec3603940645.dir/H5_SIZEOF___INT64.c.o   -c /workspace/cvcsoft/TexMol/release/third-party/hdf5_proj-prefix/src/hdf5_proj-build/CMakeFiles/CheckTypeSize/H5_SIZEOF___INT64.c
/workspace/cvcsoft/TexMol/release/third-party/hdf5_proj-prefix/src/hdf5_proj-build/CMakeFiles/CheckTypeSize/H5_SIZEOF___INT64.c:19: error: ‘__int64’ undeclared here (not in a function)
gmake[4]: *** [CMakeFiles/cmTryCompileExec3603940645.dir/H5_SIZEOF___INT64.c.o] Error 1
gmake[4]: Leaving directory `/workspace/cvcsoft/TexMol/release/third-party/hdf5_proj-prefix/src/hdf5_proj-build/CMakeFiles/CMakeTmp'
gmake[3]: Leaving directory `/workspace/cvcsoft/TexMol/release/third-party/hdf5_proj-prefix/src/hdf5_proj-build/CMakeFiles/CMakeTmp'
gmake[3]: *** [cmTryCompileExec3603940645/fast] Error 2

/workspace/cvcsoft/TexMol/release/third-party/hdf5_proj-prefix/src/hdf5_proj-build/CMakeFiles/CheckTypeSize/H5_SIZEOF___INT64.c:
#include <sys/types.h>
#include <stdint.h>
#include <stddef.h>


#undef KEY
#if defined(__i386)
# define KEY '_','_','i','3','8','6'
#elif defined(__x86_64)
# define KEY '_','_','x','8','6','_','6','4'
#elif defined(__ppc__)
# define KEY '_','_','p','p','c','_','_'
#elif defined(__ppc64__)
# define KEY '_','_','p','p','c','6','4','_','_'
#endif

#define SIZE (sizeof(__int64))
char info_size[] =  {'I', 'N', 'F', 'O', ':', 's','i','z','e','[',
  ('0' + ((SIZE / 10000)%10)),
  ('0' + ((SIZE / 1000)%10)),
  ('0' + ((SIZE / 100)%10)),
  ('0' + ((SIZE / 10)%10)),
  ('0' +  (SIZE    % 10)),
  ']',
#ifdef KEY
  ' ','k','e','y','[', KEY, ']',
#endif
  '\0'};

#ifdef __CLASSIC_C__
int main(argc, argv) int argc; char *argv[];
#else
int main(int argc, char *argv[])
#endif
{
  int require = 0;
  require += info_size[argc];
  (void)argv;
  return require;
}


Determining if the variable CLOCK_MONOTONIC exists failed with the following output:
Change Dir: /workspace/cvcsoft/TexMol/release/third-party/hdf5_proj-prefix/src/hdf5_proj-build/CMakeFiles/CMakeTmp

Run Build Command:/usr/bin/gmake "cmTryCompileExec1731138321/fast"
gmake[3]: Entering directory `/workspace/cvcsoft/TexMol/release/third-party/hdf5_proj-prefix/src/hdf5_proj-build/CMakeFiles/CMakeTmp'
/usr/bin/gmake -f CMakeFiles/cmTryCompileExec1731138321.dir/build.make CMakeFiles/cmTryCompileExec1731138321.dir/build
gmake[4]: Entering directory `/workspace/cvcsoft/TexMol/release/third-party/hdf5_proj-prefix/src/hdf5_proj-build/CMakeFiles/CMakeTmp'
/opt/apps/ossw/applications/cmake/cmake-2.8.9/sl6/bin/cmake -E cmake_progress_report /workspace/cvcsoft/TexMol/release/third-party/hdf5_proj-prefix/src/hdf5_proj-build/CMakeFiles/CMakeTmp/CMakeFiles 1
Building C object CMakeFiles/cmTryCompileExec1731138321.dir/CheckVariableExists.c.o
/usr/bin/gcc  -D_BSD_SOURCE -D_FILE_OFFSET_BITS=64 -D_LARGEFILE64_SOURCE -D_LARGEFILE_SOURCE -DCHECK_VARIABLE_EXISTS=CLOCK_MONOTONIC   -o CMakeFiles/cmTryCompileExec1731138321.dir/CheckVariableExists.c.o   -c /opt/apps/ossw/applications/cmake/cmake-2.8.9/sl6/share/cmake-2.8/Modules/CheckVariableExists.c
Linking C executable cmTryCompileExec1731138321
/opt/apps/ossw/applications/cmake/cmake-2.8.9/sl6/bin/cmake -E cmake_link_script CMakeFiles/cmTryCompileExec1731138321.dir/link.txt --verbose=1
/usr/bin/gcc     -DCHECK_VARIABLE_EXISTS=CLOCK_MONOTONIC    CMakeFiles/cmTryCompileExec1731138321.dir/CheckVariableExists.c.o  -o cmTryCompileExec1731138321 -rdynamic -lm 
CMakeFiles/cmTryCompileExec1731138321.dir/CheckVariableExists.c.o: In function `main':
CheckVariableExists.c:(.text+0x25): undefined reference to `CLOCK_MONOTONIC'
collect2: ld returned 1 exit status
gmake[4]: Leaving directory `/workspace/cvcsoft/TexMol/release/third-party/hdf5_proj-prefix/src/hdf5_proj-build/CMakeFiles/CMakeTmp'
gmake[4]: *** [cmTryCompileExec1731138321] Error 1
gmake[3]: Leaving directory `/workspace/cvcsoft/TexMol/release/third-party/hdf5_proj-prefix/src/hdf5_proj-build/CMakeFiles/CMakeTmp'
gmake[3]: *** [cmTryCompileExec1731138321/fast] Error 2


Performing Other Test HAVE___TM_GMTOFF failed with the following output:
Change Dir: /workspace/cvcsoft/TexMol/release/third-party/hdf5_proj-prefix/src/hdf5_proj-build/CMakeFiles/CMakeTmp

Run Build Command:/usr/bin/gmake "cmTryCompileExec3512677703/fast"
gmake[3]: Entering directory `/workspace/cvcsoft/TexMol/release/third-party/hdf5_proj-prefix/src/hdf5_proj-build/CMakeFiles/CMakeTmp'
/usr/bin/gmake -f CMakeFiles/cmTryCompileExec3512677703.dir/build.make CMakeFiles/cmTryCompileExec3512677703.dir/build
gmake[4]: Entering directory `/workspace/cvcsoft/TexMol/release/third-party/hdf5_proj-prefix/src/hdf5_proj-build/CMakeFiles/CMakeTmp'
/opt/apps/ossw/applications/cmake/cmake-2.8.9/sl6/bin/cmake -E cmake_progress_report /workspace/cvcsoft/TexMol/release/third-party/hdf5_proj-prefix/src/hdf5_proj-build/CMakeFiles/CMakeTmp/CMakeFiles 1
Building C object CMakeFiles/cmTryCompileExec3512677703.dir/HDF5Tests.c.o
/usr/bin/gcc   -DHAVE___TM_GMTOFF  -DHAVE_SYS_TIME_H -DHAVE_UNISTD_H -DHAVE_SYS_TYPES_H -DHAVE_SYS_SOCKET_H -D_FILE_OFFSET_BITS=64 -D_LARGEFILE64_SOURCE -D_LARGEFILE_SOURCE   -o CMakeFiles/cmTryCompileExec3512677703.dir/HDF5Tests.c.o   -c /workspace/cvcsoft/TexMol/third-party/hdf5/config/cmake/HDF5Tests.c
/workspace/cvcsoft/TexMol/third-party/hdf5/config/cmake/HDF5Tests.c: In function ‘main’:
/workspace/cvcsoft/TexMol/third-party/hdf5/config/cmake/HDF5Tests.c:191: error: ‘struct tm’ has no member named ‘__tm_gmtoff’
gmake[4]: *** [CMakeFiles/cmTryCompileExec3512677703.dir/HDF5Tests.c.o] Error 1
gmake[4]: Leaving directory `/workspace/cvcsoft/TexMol/release/third-party/hdf5_proj-prefix/src/hdf5_proj-build/CMakeFiles/CMakeTmp'
gmake[3]: Leaving directory `/workspace/cvcsoft/TexMol/release/third-party/hdf5_proj-prefix/src/hdf5_proj-build/CMakeFiles/CMakeTmp'
gmake[3]: *** [cmTryCompileExec3512677703/fast] Error 2

Performing Other Test HAVE_STRUCT_VIDEOCONFIG failed with the following output:
Change Dir: /workspace/cvcsoft/TexMol/release/third-party/hdf5_proj-prefix/src/hdf5_proj-build/CMakeFiles/CMakeTmp

Run Build Command:/usr/bin/gmake "cmTryCompileExec3292052820/fast"
gmake[3]: Entering directory `/workspace/cvcsoft/TexMol/release/third-party/hdf5_proj-prefix/src/hdf5_proj-build/CMakeFiles/CMakeTmp'
/usr/bin/gmake -f CMakeFiles/cmTryCompileExec3292052820.dir/build.make CMakeFiles/cmTryCompileExec3292052820.dir/build
gmake[4]: Entering directory `/workspace/cvcsoft/TexMol/release/third-party/hdf5_proj-prefix/src/hdf5_proj-build/CMakeFiles/CMakeTmp'
/opt/apps/ossw/applications/cmake/cmake-2.8.9/sl6/bin/cmake -E cmake_progress_report /workspace/cvcsoft/TexMol/release/third-party/hdf5_proj-prefix/src/hdf5_proj-build/CMakeFiles/CMakeTmp/CMakeFiles 1
Building C object CMakeFiles/cmTryCompileExec3292052820.dir/HDF5Tests.c.o
/usr/bin/gcc   -DHAVE_STRUCT_VIDEOCONFIG  -DHAVE_SYS_TIME_H -DHAVE_UNISTD_H -DHAVE_SYS_TYPES_H -DHAVE_SYS_SOCKET_H -D_FILE_OFFSET_BITS=64 -D_LARGEFILE64_SOURCE -D_LARGEFILE_SOURCE   -o CMakeFiles/cmTryCompileExec3292052820.dir/HDF5Tests.c.o   -c /workspace/cvcsoft/TexMol/third-party/hdf5/config/cmake/HDF5Tests.c
/workspace/cvcsoft/TexMol/third-party/hdf5/config/cmake/HDF5Tests.c: In function ‘main’:
/workspace/cvcsoft/TexMol/third-party/hdf5/config/cmake/HDF5Tests.c:471: error: storage size of ‘w’ isn’t known
gmake[4]: Leaving directory `/workspace/cvcsoft/TexMol/release/third-party/hdf5_proj-prefix/src/hdf5_proj-build/CMakeFiles/CMakeTmp'
gmake[4]: *** [CMakeFiles/cmTryCompileExec3292052820.dir/HDF5Tests.c.o] Error 1
gmake[3]: *** [cmTryCompileExec3292052820/fast] Error 2
gmake[3]: Leaving directory `/workspace/cvcsoft/TexMol/release/third-party/hdf5_proj-prefix/src/hdf5_proj-build/CMakeFiles/CMakeTmp'

Performing Other Test HAVE_STRUCT_TEXT_INFO failed with the following output:
Change Dir: /workspace/cvcsoft/TexMol/release/third-party/hdf5_proj-prefix/src/hdf5_proj-build/CMakeFiles/CMakeTmp

Run Build Command:/usr/bin/gmake "cmTryCompileExec3473808504/fast"
gmake[3]: Entering directory `/workspace/cvcsoft/TexMol/release/third-party/hdf5_proj-prefix/src/hdf5_proj-build/CMakeFiles/CMakeTmp'
/usr/bin/gmake -f CMakeFiles/cmTryCompileExec3473808504.dir/build.make CMakeFiles/cmTryCompileExec3473808504.dir/build
gmake[4]: Entering directory `/workspace/cvcsoft/TexMol/release/third-party/hdf5_proj-prefix/src/hdf5_proj-build/CMakeFiles/CMakeTmp'
/opt/apps/ossw/applications/cmake/cmake-2.8.9/sl6/bin/cmake -E cmake_progress_report /workspace/cvcsoft/TexMol/release/third-party/hdf5_proj-prefix/src/hdf5_proj-build/CMakeFiles/CMakeTmp/CMakeFiles 1
Building C object CMakeFiles/cmTryCompileExec3473808504.dir/HDF5Tests.c.o
/usr/bin/gcc   -DHAVE_STRUCT_TEXT_INFO  -DHAVE_SYS_TIME_H -DHAVE_UNISTD_H -DHAVE_SYS_TYPES_H -DHAVE_SYS_SOCKET_H -D_FILE_OFFSET_BITS=64 -D_LARGEFILE64_SOURCE -D_LARGEFILE_SOURCE   -o CMakeFiles/cmTryCompileExec3473808504.dir/HDF5Tests.c.o   -c /workspace/cvcsoft/TexMol/third-party/hdf5/config/cmake/HDF5Tests.c
/workspace/cvcsoft/TexMol/third-party/hdf5/config/cmake/HDF5Tests.c: In function ‘main’:
/workspace/cvcsoft/TexMol/third-party/hdf5/config/cmake/HDF5Tests.c:477: error: storage size of ‘w’ isn’t known
gmake[4]: *** [CMakeFiles/cmTryCompileExec3473808504.dir/HDF5Tests.c.o] Error 1
gmake[4]: Leaving directory `/workspace/cvcsoft/TexMol/release/third-party/hdf5_proj-prefix/src/hdf5_proj-build/CMakeFiles/CMakeTmp'
gmake[3]: *** [cmTryCompileExec3473808504/fast] Error 2
gmake[3]: Leaving directory `/workspace/cvcsoft/TexMol/release/third-party/hdf5_proj-prefix/src/hdf5_proj-build/CMakeFiles/CMakeTmp'

Determining if the function _getvideoconfig exists failed with the following output:
Change Dir: /workspace/cvcsoft/TexMol/release/third-party/hdf5_proj-prefix/src/hdf5_proj-build/CMakeFiles/CMakeTmp

Run Build Command:/usr/bin/gmake "cmTryCompileExec340607674/fast"
gmake[3]: Entering directory `/workspace/cvcsoft/TexMol/release/third-party/hdf5_proj-prefix/src/hdf5_proj-build/CMakeFiles/CMakeTmp'
/usr/bin/gmake -f CMakeFiles/cmTryCompileExec340607674.dir/build.make CMakeFiles/cmTryCompileExec340607674.dir/build
gmake[4]: Entering directory `/workspace/cvcsoft/TexMol/release/third-party/hdf5_proj-prefix/src/hdf5_proj-build/CMakeFiles/CMakeTmp'
/opt/apps/ossw/applications/cmake/cmake-2.8.9/sl6/bin/cmake -E cmake_progress_report /workspace/cvcsoft/TexMol/release/third-party/hdf5_proj-prefix/src/hdf5_proj-build/CMakeFiles/CMakeTmp/CMakeFiles 1
Building C object CMakeFiles/cmTryCompileExec340607674.dir/CheckFunctionExists.c.o
/usr/bin/gcc  -D_BSD_SOURCE -D_FILE_OFFSET_BITS=64 -D_LARGEFILE64_SOURCE -D_LARGEFILE_SOURCE -DCHECK_FUNCTION_EXISTS=_getvideoconfig   -o CMakeFiles/cmTryCompileExec340607674.dir/CheckFunctionExists.c.o   -c /opt/apps/ossw/applications/cmake/cmake-2.8.9/sl6/share/cmake-2.8/Modules/CheckFunctionExists.c
Linking C executable cmTryCompileExec340607674
/opt/apps/ossw/applications/cmake/cmake-2.8.9/sl6/bin/cmake -E cmake_link_script CMakeFiles/cmTryCompileExec340607674.dir/link.txt --verbose=1
/usr/bin/gcc     -DCHECK_FUNCTION_EXISTS=_getvideoconfig    CMakeFiles/cmTryCompileExec340607674.dir/CheckFunctionExists.c.o  -o cmTryCompileExec340607674 -rdynamic -lm 
CMakeFiles/cmTryCompileExec340607674.dir/CheckFunctionExists.c.o: In function `main':
CheckFunctionExists.c:(.text+0x15): undefined reference to `_getvideoconfig'
collect2: ld returned 1 exit status
gmake[4]: *** [cmTryCompileExec340607674] Error 1
gmake[4]: Leaving directory `/workspace/cvcsoft/TexMol/release/third-party/hdf5_proj-prefix/src/hdf5_proj-build/CMakeFiles/CMakeTmp'
gmake[3]: Leaving directory `/workspace/cvcsoft/TexMol/release/third-party/hdf5_proj-prefix/src/hdf5_proj-build/CMakeFiles/CMakeTmp'
gmake[3]: *** [cmTryCompileExec340607674/fast] Error 2


Determining if the function gettextinfo exists failed with the following output:
Change Dir: /workspace/cvcsoft/TexMol/release/third-party/hdf5_proj-prefix/src/hdf5_proj-build/CMakeFiles/CMakeTmp

Run Build Command:/usr/bin/gmake "cmTryCompileExec2952485716/fast"
gmake[3]: Entering directory `/workspace/cvcsoft/TexMol/release/third-party/hdf5_proj-prefix/src/hdf5_proj-build/CMakeFiles/CMakeTmp'
/usr/bin/gmake -f CMakeFiles/cmTryCompileExec2952485716.dir/build.make CMakeFiles/cmTryCompileExec2952485716.dir/build
gmake[4]: Entering directory `/workspace/cvcsoft/TexMol/release/third-party/hdf5_proj-prefix/src/hdf5_proj-build/CMakeFiles/CMakeTmp'
/opt/apps/ossw/applications/cmake/cmake-2.8.9/sl6/bin/cmake -E cmake_progress_report /workspace/cvcsoft/TexMol/release/third-party/hdf5_proj-prefix/src/hdf5_proj-build/CMakeFiles/CMakeTmp/CMakeFiles 1
Building C object CMakeFiles/cmTryCompileExec2952485716.dir/CheckFunctionExists.c.o
/usr/bin/gcc  -D_BSD_SOURCE -D_FILE_OFFSET_BITS=64 -D_LARGEFILE64_SOURCE -D_LARGEFILE_SOURCE -DCHECK_FUNCTION_EXISTS=gettextinfo   -o CMakeFiles/cmTryCompileExec2952485716.dir/CheckFunctionExists.c.o   -c /opt/apps/ossw/applications/cmake/cmake-2.8.9/sl6/share/cmake-2.8/Modules/CheckFunctionExists.c
Linking C executable cmTryCompileExec2952485716
/opt/apps/ossw/applications/cmake/cmake-2.8.9/sl6/bin/cmake -E cmake_link_script CMakeFiles/cmTryCompileExec2952485716.dir/link.txt --verbose=1
/usr/bin/gcc     -DCHECK_FUNCTION_EXISTS=gettextinfo    CMakeFiles/cmTryCompileExec2952485716.dir/CheckFunctionExists.c.o  -o cmTryCompileExec2952485716 -rdynamic -lm 
CMakeFiles/cmTryCompileExec2952485716.dir/CheckFunctionExists.c.o: In function `main':
CheckFunctionExists.c:(.text+0x15): undefined reference to `gettextinfo'
collect2: ld returned 1 exit status
gmake[4]: *** [cmTryCompileExec2952485716] Error 1
gmake[4]: Leaving directory `/workspace/cvcsoft/TexMol/release/third-party/hdf5_proj-prefix/src/hdf5_proj-build/CMakeFiles/CMakeTmp'
gmake[3]: *** [cmTryCompileExec2952485716/fast] Error 2
gmake[3]: Leaving directory `/workspace/cvcsoft/TexMol/release/third-party/hdf5_proj-prefix/src/hdf5_proj-build/CMakeFiles/CMakeTmp'


Determining if the function _scrsize exists failed with the following output:
Change Dir: /workspace/cvcsoft/TexMol/release/third-party/hdf5_proj-prefix/src/hdf5_proj-build/CMakeFiles/CMakeTmp

Run Build Command:/usr/bin/gmake "cmTryCompileExec273084074/fast"
gmake[3]: Entering directory `/workspace/cvcsoft/TexMol/release/third-party/hdf5_proj-prefix/src/hdf5_proj-build/CMakeFiles/CMakeTmp'
/usr/bin/gmake -f CMakeFiles/cmTryCompileExec273084074.dir/build.make CMakeFiles/cmTryCompileExec273084074.dir/build
gmake[4]: Entering directory `/workspace/cvcsoft/TexMol/release/third-party/hdf5_proj-prefix/src/hdf5_proj-build/CMakeFiles/CMakeTmp'
/opt/apps/ossw/applications/cmake/cmake-2.8.9/sl6/bin/cmake -E cmake_progress_report /workspace/cvcsoft/TexMol/release/third-party/hdf5_proj-prefix/src/hdf5_proj-build/CMakeFiles/CMakeTmp/CMakeFiles 1
Building C object CMakeFiles/cmTryCompileExec273084074.dir/CheckFunctionExists.c.o
/usr/bin/gcc  -D_BSD_SOURCE -D_FILE_OFFSET_BITS=64 -D_LARGEFILE64_SOURCE -D_LARGEFILE_SOURCE -DCHECK_FUNCTION_EXISTS=_scrsize   -o CMakeFiles/cmTryCompileExec273084074.dir/CheckFunctionExists.c.o   -c /opt/apps/ossw/applications/cmake/cmake-2.8.9/sl6/share/cmake-2.8/Modules/CheckFunctionExists.c
Linking C executable cmTryCompileExec273084074
/opt/apps/ossw/applications/cmake/cmake-2.8.9/sl6/bin/cmake -E cmake_link_script CMakeFiles/cmTryCompileExec273084074.dir/link.txt --verbose=1
/usr/bin/gcc     -DCHECK_FUNCTION_EXISTS=_scrsize    CMakeFiles/cmTryCompileExec273084074.dir/CheckFunctionExists.c.o  -o cmTryCompileExec273084074 -rdynamic -lm 
CMakeFiles/cmTryCompileExec273084074.dir/CheckFunctionExists.c.o: In function `main':
CheckFunctionExists.c:(.text+0x15): undefined reference to `_scrsize'
collect2: ld returned 1 exit status
gmake[4]: Leaving directory `/workspace/cvcsoft/TexMol/release/third-party/hdf5_proj-prefix/src/hdf5_proj-build/CMakeFiles/CMakeTmp'
gmake[4]: *** [cmTryCompileExec273084074] Error 1
gmake[3]: *** [cmTryCompileExec273084074/fast] Error 2
gmake[3]: Leaving directory `/workspace/cvcsoft/TexMol/release/third-party/hdf5_proj-prefix/src/hdf5_proj-build/CMakeFiles/CMakeTmp'


Determining if the function GetConsoleScreenBufferInfo exists failed with the following output:
Change Dir: /workspace/cvcsoft/TexMol/release/third-party/hdf5_proj-prefix/src/hdf5_proj-build/CMakeFiles/CMakeTmp

Run Build Command:/usr/bin/gmake "cmTryCompileExec322333116/fast"
gmake[3]: Entering directory `/workspace/cvcsoft/TexMol/release/third-party/hdf5_proj-prefix/src/hdf5_proj-build/CMakeFiles/CMakeTmp'
/usr/bin/gmake -f CMakeFiles/cmTryCompileExec322333116.dir/build.make CMakeFiles/cmTryCompileExec322333116.dir/build
gmake[4]: Entering directory `/workspace/cvcsoft/TexMol/release/third-party/hdf5_proj-prefix/src/hdf5_proj-build/CMakeFiles/CMakeTmp'
/opt/apps/ossw/applications/cmake/cmake-2.8.9/sl6/bin/cmake -E cmake_progress_report /workspace/cvcsoft/TexMol/release/third-party/hdf5_proj-prefix/src/hdf5_proj-build/CMakeFiles/CMakeTmp/CMakeFiles 1
Building C object CMakeFiles/cmTryCompileExec322333116.dir/CheckFunctionExists.c.o
/usr/bin/gcc  -D_BSD_SOURCE -D_FILE_OFFSET_BITS=64 -D_LARGEFILE64_SOURCE -D_LARGEFILE_SOURCE -DCHECK_FUNCTION_EXISTS=GetConsoleScreenBufferInfo   -o CMakeFiles/cmTryCompileExec322333116.dir/CheckFunctionExists.c.o   -c /opt/apps/ossw/applications/cmake/cmake-2.8.9/sl6/share/cmake-2.8/Modules/CheckFunctionExists.c
Linking C executable cmTryCompileExec322333116
/opt/apps/ossw/applications/cmake/cmake-2.8.9/sl6/bin/cmake -E cmake_link_script CMakeFiles/cmTryCompileExec322333116.dir/link.txt --verbose=1
/usr/bin/gcc     -DCHECK_FUNCTION_EXISTS=GetConsoleScreenBufferInfo    CMakeFiles/cmTryCompileExec322333116.dir/CheckFunctionExists.c.o  -o cmTryCompileExec322333116 -rdynamic -lm 
CMakeFiles/cmTryCompileExec322333116.dir/CheckFunctionExists.c.o: In function `main':
CheckFunctionExists.c:(.text+0x15): undefined reference to `GetConsoleScreenBufferInfo'
collect2: ld returned 1 exit status
gmake[4]: Leaving directory `/workspace/cvcsoft/TexMol/release/third-party/hdf5_proj-prefix/src/hdf5_proj-build/CMakeFiles/CMakeTmp'
gmake[4]: *** [cmTryCompileExec322333116] Error 1
gmake[3]: *** [cmTryCompileExec322333116/fast] Error 2
gmake[3]: Leaving directory `/workspace/cvcsoft/TexMol/release/third-party/hdf5_proj-prefix/src/hdf5_proj-build/CMakeFiles/CMakeTmp'


Determining if the function setsysinfo exists failed with the following output:
Change Dir: /workspace/cvcsoft/TexMol/release/third-party/hdf5_proj-prefix/src/hdf5_proj-build/CMakeFiles/CMakeTmp

Run Build Command:/usr/bin/gmake "cmTryCompileExec1088932010/fast"
gmake[3]: Entering directory `/workspace/cvcsoft/TexMol/release/third-party/hdf5_proj-prefix/src/hdf5_proj-build/CMakeFiles/CMakeTmp'
/usr/bin/gmake -f CMakeFiles/cmTryCompileExec1088932010.dir/build.make CMakeFiles/cmTryCompileExec1088932010.dir/build
gmake[4]: Entering directory `/workspace/cvcsoft/TexMol/release/third-party/hdf5_proj-prefix/src/hdf5_proj-build/CMakeFiles/CMakeTmp'
/opt/apps/ossw/applications/cmake/cmake-2.8.9/sl6/bin/cmake -E cmake_progress_report /workspace/cvcsoft/TexMol/release/third-party/hdf5_proj-prefix/src/hdf5_proj-build/CMakeFiles/CMakeTmp/CMakeFiles 1
Building C object CMakeFiles/cmTryCompileExec1088932010.dir/CheckFunctionExists.c.o
/usr/bin/gcc  -D_BSD_SOURCE -D_FILE_OFFSET_BITS=64 -D_LARGEFILE64_SOURCE -D_LARGEFILE_SOURCE -DCHECK_FUNCTION_EXISTS=setsysinfo   -o CMakeFiles/cmTryCompileExec1088932010.dir/CheckFunctionExists.c.o   -c /opt/apps/ossw/applications/cmake/cmake-2.8.9/sl6/share/cmake-2.8/Modules/CheckFunctionExists.c
Linking C executable cmTryCompileExec1088932010
/opt/apps/ossw/applications/cmake/cmake-2.8.9/sl6/bin/cmake -E cmake_link_script CMakeFiles/cmTryCompileExec1088932010.dir/link.txt --verbose=1
/usr/bin/gcc     -DCHECK_FUNCTION_EXISTS=setsysinfo    CMakeFiles/cmTryCompileExec1088932010.dir/CheckFunctionExists.c.o  -o cmTryCompileExec1088932010 -rdynamic -lm 
CMakeFiles/cmTryCompileExec1088932010.dir/CheckFunctionExists.c.o: In function `main':
CheckFunctionExists.c:(.text+0x15): undefined reference to `setsysinfo'
collect2: ld returned 1 exit status
gmake[4]: *** [cmTryCompileExec1088932010] Error 1
gmake[4]: Leaving directory `/workspace/cvcsoft/TexMol/release/third-party/hdf5_proj-prefix/src/hdf5_proj-build/CMakeFiles/CMakeTmp'
gmake[3]: Leaving directory `/workspace/cvcsoft/TexMol/release/third-party/hdf5_proj-prefix/src/hdf5_proj-build/CMakeFiles/CMakeTmp'
gmake[3]: *** [cmTryCompileExec1088932010/fast] Error 2


Determining if the function sigsetjmp exists failed with the following output:
Change Dir: /workspace/cvcsoft/TexMol/release/third-party/hdf5_proj-prefix/src/hdf5_proj-build/CMakeFiles/CMakeTmp

Run Build Command:/usr/bin/gmake "cmTryCompileExec3122151283/fast"
gmake[3]: Entering directory `/workspace/cvcsoft/TexMol/release/third-party/hdf5_proj-prefix/src/hdf5_proj-build/CMakeFiles/CMakeTmp'
/usr/bin/gmake -f CMakeFiles/cmTryCompileExec3122151283.dir/build.make CMakeFiles/cmTryCompileExec3122151283.dir/build
gmake[4]: Entering directory `/workspace/cvcsoft/TexMol/release/third-party/hdf5_proj-prefix/src/hdf5_proj-build/CMakeFiles/CMakeTmp'
/opt/apps/ossw/applications/cmake/cmake-2.8.9/sl6/bin/cmake -E cmake_progress_report /workspace/cvcsoft/TexMol/release/third-party/hdf5_proj-prefix/src/hdf5_proj-build/CMakeFiles/CMakeTmp/CMakeFiles 1
Building C object CMakeFiles/cmTryCompileExec3122151283.dir/CheckFunctionExists.c.o
/usr/bin/gcc  -D_BSD_SOURCE -D_FILE_OFFSET_BITS=64 -D_LARGEFILE64_SOURCE -D_LARGEFILE_SOURCE -DCHECK_FUNCTION_EXISTS=sigsetjmp   -o CMakeFiles/cmTryCompileExec3122151283.dir/CheckFunctionExists.c.o   -c /opt/apps/ossw/applications/cmake/cmake-2.8.9/sl6/share/cmake-2.8/Modules/CheckFunctionExists.c
Linking C executable cmTryCompileExec3122151283
/opt/apps/ossw/applications/cmake/cmake-2.8.9/sl6/bin/cmake -E cmake_link_script CMakeFiles/cmTryCompileExec3122151283.dir/link.txt --verbose=1
/usr/bin/gcc     -DCHECK_FUNCTION_EXISTS=sigsetjmp    CMakeFiles/cmTryCompileExec3122151283.dir/CheckFunctionExists.c.o  -o cmTryCompileExec3122151283 -rdynamic -lm 
CMakeFiles/cmTryCompileExec3122151283.dir/CheckFunctionExists.c.o: In function `main':
CheckFunctionExists.c:(.text+0x15): undefined reference to `sigsetjmp'
collect2: ld returned 1 exit status
gmake[4]: *** [cmTryCompileExec3122151283] Error 1
gmake[4]: Leaving directory `/workspace/cvcsoft/TexMol/release/third-party/hdf5_proj-prefix/src/hdf5_proj-build/CMakeFiles/CMakeTmp'
gmake[3]: Leaving directory `/workspace/cvcsoft/TexMol/release/third-party/hdf5_proj-prefix/src/hdf5_proj-build/CMakeFiles/CMakeTmp'
gmake[3]: *** [cmTryCompileExec3122151283/fast] Error 2


Performing CXX Test OLD_HEADER_FILENAME failed with the following output:
Change Dir: /workspace/cvcsoft/TexMol/release/third-party/hdf5_proj-prefix/src/hdf5_proj-build/CMakeFiles/CMakeTmp

Run Build Command:/usr/bin/gmake "cmTryCompileExec1724263039/fast"
gmake[3]: Entering directory `/workspace/cvcsoft/TexMol/release/third-party/hdf5_proj-prefix/src/hdf5_proj-build/CMakeFiles/CMakeTmp'
/usr/bin/gmake -f CMakeFiles/cmTryCompileExec1724263039.dir/build.make CMakeFiles/cmTryCompileExec1724263039.dir/build
gmake[4]: Entering directory `/workspace/cvcsoft/TexMol/release/third-party/hdf5_proj-prefix/src/hdf5_proj-build/CMakeFiles/CMakeTmp'
/opt/apps/ossw/applications/cmake/cmake-2.8.9/sl6/bin/cmake -E cmake_progress_report /workspace/cvcsoft/TexMol/release/third-party/hdf5_proj-prefix/src/hdf5_proj-build/CMakeFiles/CMakeTmp/CMakeFiles 1
Building CXX object CMakeFiles/cmTryCompileExec1724263039.dir/HDF5CXXTests.cpp.o
/usr/bin/c++    -DOLD_HEADER_FILENAME  -DHAVE_SYS_TIME_H -DHAVE_UNISTD_H -DHAVE_SYS_TYPES_H -DHAVE_SYS_SOCKET_H -D_FILE_OFFSET_BITS=64 -D_LARGEFILE64_SOURCE -D_LARGEFILE_SOURCE   -o CMakeFiles/cmTryCompileExec1724263039.dir/HDF5CXXTests.cpp.o -c /workspace/cvcsoft/TexMol/third-party/hdf5/config/cmake/HDF5CXXTests.cpp
Linking CXX executable cmTryCompileExec1724263039
/opt/apps/ossw/applications/cmake/cmake-2.8.9/sl6/bin/cmake -E cmake_link_script CMakeFiles/cmTryCompileExec1724263039.dir/link.txt --verbose=1
/usr/bin/c++      -DOLD_HEADER_FILENAME  -DHAVE_SYS_TIME_H -DHAVE_UNISTD_H -DHAVE_SYS_TYPES_H -DHAVE_SYS_SOCKET_H -D_FILE_OFFSET_BITS=64 -D_LARGEFILE64_SOURCE -D_LARGEFILE_SOURCE    CMakeFiles/cmTryCompileExec1724263039.dir/HDF5CXXTests.cpp.o  -o cmTryCompileExec1724263039 -rdynamic -lm 
gmake[4]: Leaving directory `/workspace/cvcsoft/TexMol/release/third-party/hdf5_proj-prefix/src/hdf5_proj-build/CMakeFiles/CMakeTmp'
gmake[3]: Leaving directory `/workspace/cvcsoft/TexMol/release/third-party/hdf5_proj-prefix/src/hdf5_proj-build/CMakeFiles/CMakeTmp'

Performing CXX Test H5_NO_NAMESPACE failed with the following output:
Change Dir: /workspace/cvcsoft/TexMol/release/third-party/hdf5_proj-prefix/src/hdf5_proj-build/CMakeFiles/CMakeTmp

Run Build Command:/usr/bin/gmake "cmTryCompileExec3601827432/fast"
gmake[3]: Entering directory `/workspace/cvcsoft/TexMol/release/third-party/hdf5_proj-prefix/src/hdf5_proj-build/CMakeFiles/CMakeTmp'
/usr/bin/gmake -f CMakeFiles/cmTryCompileExec3601827432.dir/build.make CMakeFiles/cmTryCompileExec3601827432.dir/build
gmake[4]: Entering directory `/workspace/cvcsoft/TexMol/release/third-party/hdf5_proj-prefix/src/hdf5_proj-build/CMakeFiles/CMakeTmp'
/opt/apps/ossw/applications/cmake/cmake-2.8.9/sl6/bin/cmake -E cmake_progress_report /workspace/cvcsoft/TexMol/release/third-party/hdf5_proj-prefix/src/hdf5_proj-build/CMakeFiles/CMakeTmp/CMakeFiles 1
Building CXX object CMakeFiles/cmTryCompileExec3601827432.dir/HDF5CXXTests.cpp.o
/usr/bin/c++    -DH5_NO_NAMESPACE  -DHAVE_SYS_TIME_H -DHAVE_UNISTD_H -DHAVE_SYS_TYPES_H -DHAVE_SYS_SOCKET_H -D_FILE_OFFSET_BITS=64 -D_LARGEFILE64_SOURCE -D_LARGEFILE_SOURCE   -o CMakeFiles/cmTryCompileExec3601827432.dir/HDF5CXXTests.cpp.o -c /workspace/cvcsoft/TexMol/third-party/hdf5/config/cmake/HDF5CXXTests.cpp
Linking CXX executable cmTryCompileExec3601827432
/opt/apps/ossw/applications/cmake/cmake-2.8.9/sl6/bin/cmake -E cmake_link_script CMakeFiles/cmTryCompileExec3601827432.dir/link.txt --verbose=1
/usr/bin/c++      -DH5_NO_NAMESPACE  -DHAVE_SYS_TIME_H -DHAVE_UNISTD_H -DHAVE_SYS_TYPES_H -DHAVE_SYS_SOCKET_H -D_FILE_OFFSET_BITS=64 -D_LARGEFILE64_SOURCE -D_LARGEFILE_SOURCE    CMakeFiles/cmTryCompileExec3601827432.dir/HDF5CXXTests.cpp.o  -o cmTryCompileExec3601827432 -rdynamic -lm 
gmake[4]: Leaving directory `/workspace/cvcsoft/TexMol/release/third-party/hdf5_proj-prefix/src/hdf5_proj-build/CMakeFiles/CMakeTmp'
gmake[3]: Leaving directory `/workspace/cvcsoft/TexMol/release/third-party/hdf5_proj-prefix/src/hdf5_proj-build/CMakeFiles/CMakeTmp'

Performing CXX Test H5_NO_STD failed with the following output:
Change Dir: /workspace/cvcsoft/TexMol/release/third-party/hdf5_proj-prefix/src/hdf5_proj-build/CMakeFiles/CMakeTmp

Run Build Command:/usr/bin/gmake "cmTryCompileExec1759623623/fast"
gmake[3]: Entering directory `/workspace/cvcsoft/TexMol/release/third-party/hdf5_proj-prefix/src/hdf5_proj-build/CMakeFiles/CMakeTmp'
/usr/bin/gmake -f CMakeFiles/cmTryCompileExec1759623623.dir/build.make CMakeFiles/cmTryCompileExec1759623623.dir/build
gmake[4]: Entering directory `/workspace/cvcsoft/TexMol/release/third-party/hdf5_proj-prefix/src/hdf5_proj-build/CMakeFiles/CMakeTmp'
/opt/apps/ossw/applications/cmake/cmake-2.8.9/sl6/bin/cmake -E cmake_progress_report /workspace/cvcsoft/TexMol/release/third-party/hdf5_proj-prefix/src/hdf5_proj-build/CMakeFiles/CMakeTmp/CMakeFiles 1
Building CXX object CMakeFiles/cmTryCompileExec1759623623.dir/HDF5CXXTests.cpp.o
/usr/bin/c++    -DH5_NO_STD  -DHAVE_SYS_TIME_H -DHAVE_UNISTD_H -DHAVE_SYS_TYPES_H -DHAVE_SYS_SOCKET_H -D_FILE_OFFSET_BITS=64 -D_LARGEFILE64_SOURCE -D_LARGEFILE_SOURCE   -o CMakeFiles/cmTryCompileExec1759623623.dir/HDF5CXXTests.cpp.o -c /workspace/cvcsoft/TexMol/third-party/hdf5/config/cmake/HDF5CXXTests.cpp
Linking CXX executable cmTryCompileExec1759623623
/opt/apps/ossw/applications/cmake/cmake-2.8.9/sl6/bin/cmake -E cmake_link_script CMakeFiles/cmTryCompileExec1759623623.dir/link.txt --verbose=1
/usr/bin/c++      -DH5_NO_STD  -DHAVE_SYS_TIME_H -DHAVE_UNISTD_H -DHAVE_SYS_TYPES_H -DHAVE_SYS_SOCKET_H -D_FILE_OFFSET_BITS=64 -D_LARGEFILE64_SOURCE -D_LARGEFILE_SOURCE    CMakeFiles/cmTryCompileExec1759623623.dir/HDF5CXXTests.cpp.o  -o cmTryCompileExec1759623623 -rdynamic -lm 
gmake[4]: Leaving directory `/workspace/cvcsoft/TexMol/release/third-party/hdf5_proj-prefix/src/hdf5_proj-build/CMakeFiles/CMakeTmp'
gmake[3]: Leaving directory `/workspace/cvcsoft/TexMol/release/third-party/hdf5_proj-prefix/src/hdf5_proj-build/CMakeFiles/CMakeTmp'

Performing CXX Test BOOL_NOTDEFINED failed with the following output:
Change Dir: /workspace/cvcsoft/TexMol/release/third-party/hdf5_proj-prefix/src/hdf5_proj-build/CMakeFiles/CMakeTmp

Run Build Command:/usr/bin/gmake "cmTryCompileExec2349346759/fast"
gmake[3]: Entering directory `/workspace/cvcsoft/TexMol/release/third-party/hdf5_proj-prefix/src/hdf5_proj-build/CMakeFiles/CMakeTmp'
/usr/bin/gmake -f CMakeFiles/cmTryCompileExec2349346759.dir/build.make CMakeFiles/cmTryCompileExec2349346759.dir/build
gmake[4]: Entering directory `/workspace/cvcsoft/TexMol/release/third-party/hdf5_proj-prefix/src/hdf5_proj-build/CMakeFiles/CMakeTmp'
/opt/apps/ossw/applications/cmake/cmake-2.8.9/sl6/bin/cmake -E cmake_progress_report /workspace/cvcsoft/TexMol/release/third-party/hdf5_proj-prefix/src/hdf5_proj-build/CMakeFiles/CMakeTmp/CMakeFiles 1
Building CXX object CMakeFiles/cmTryCompileExec2349346759.dir/HDF5CXXTests.cpp.o
/usr/bin/c++    -DBOOL_NOTDEFINED  -DHAVE_SYS_TIME_H -DHAVE_UNISTD_H -DHAVE_SYS_TYPES_H -DHAVE_SYS_SOCKET_H -D_FILE_OFFSET_BITS=64 -D_LARGEFILE64_SOURCE -D_LARGEFILE_SOURCE   -o CMakeFiles/cmTryCompileExec2349346759.dir/HDF5CXXTests.cpp.o -c /workspace/cvcsoft/TexMol/third-party/hdf5/config/cmake/HDF5CXXTests.cpp
Linking CXX executable cmTryCompileExec2349346759
/opt/apps/ossw/applications/cmake/cmake-2.8.9/sl6/bin/cmake -E cmake_link_script CMakeFiles/cmTryCompileExec2349346759.dir/link.txt --verbose=1
/usr/bin/c++      -DBOOL_NOTDEFINED  -DHAVE_SYS_TIME_H -DHAVE_UNISTD_H -DHAVE_SYS_TYPES_H -DHAVE_SYS_SOCKET_H -D_FILE_OFFSET_BITS=64 -D_LARGEFILE64_SOURCE -D_LARGEFILE_SOURCE    CMakeFiles/cmTryCompileExec2349346759.dir/HDF5CXXTests.cpp.o  -o cmTryCompileExec2349346759 -rdynamic -lm 
gmake[4]: Leaving directory `/workspace/cvcsoft/TexMol/release/third-party/hdf5_proj-prefix/src/hdf5_proj-build/CMakeFiles/CMakeTmp'
gmake[3]: Leaving directory `/workspace/cvcsoft/TexMol/release/third-party/hdf5_proj-prefix/src/hdf5_proj-build/CMakeFiles/CMakeTmp'

Performing CXX Test NO_STATIC_CAST failed with the following output:
Change Dir: /workspace/cvcsoft/TexMol/release/third-party/hdf5_proj-prefix/src/hdf5_proj-build/CMakeFiles/CMakeTmp

Run Build Command:/usr/bin/gmake "cmTryCompileExec2239722677/fast"
gmake[3]: Entering directory `/workspace/cvcsoft/TexMol/release/third-party/hdf5_proj-prefix/src/hdf5_proj-build/CMakeFiles/CMakeTmp'
/usr/bin/gmake -f CMakeFiles/cmTryCompileExec2239722677.dir/build.make CMakeFiles/cmTryCompileExec2239722677.dir/build
gmake[4]: Entering directory `/workspace/cvcsoft/TexMol/release/third-party/hdf5_proj-prefix/src/hdf5_proj-build/CMakeFiles/CMakeTmp'
/opt/apps/ossw/applications/cmake/cmake-2.8.9/sl6/bin/cmake -E cmake_progress_report /workspace/cvcsoft/TexMol/release/third-party/hdf5_proj-prefix/src/hdf5_proj-build/CMakeFiles/CMakeTmp/CMakeFiles 1
Building CXX object CMakeFiles/cmTryCompileExec2239722677.dir/HDF5CXXTests.cpp.o
/usr/bin/c++    -DNO_STATIC_CAST  -DHAVE_SYS_TIME_H -DHAVE_UNISTD_H -DHAVE_SYS_TYPES_H -DHAVE_SYS_SOCKET_H -D_FILE_OFFSET_BITS=64 -D_LARGEFILE64_SOURCE -D_LARGEFILE_SOURCE   -o CMakeFiles/cmTryCompileExec2239722677.dir/HDF5CXXTests.cpp.o -c /workspace/cvcsoft/TexMol/third-party/hdf5/config/cmake/HDF5CXXTests.cpp
Linking CXX executable cmTryCompileExec2239722677
/opt/apps/ossw/applications/cmake/cmake-2.8.9/sl6/bin/cmake -E cmake_link_script CMakeFiles/cmTryCompileExec2239722677.dir/link.txt --verbose=1
/usr/bin/c++      -DNO_STATIC_CAST  -DHAVE_SYS_TIME_H -DHAVE_UNISTD_H -DHAVE_SYS_TYPES_H -DHAVE_SYS_SOCKET_H -D_FILE_OFFSET_BITS=64 -D_LARGEFILE64_SOURCE -D_LARGEFILE_SOURCE    CMakeFiles/cmTryCompileExec2239722677.dir/HDF5CXXTests.cpp.o  -o cmTryCompileExec2239722677 -rdynamic -lm 
gmake[4]: Leaving directory `/workspace/cvcsoft/TexMol/release/third-party/hdf5_proj-prefix/src/hdf5_proj-build/CMakeFiles/CMakeTmp'
gmake[3]: Leaving directory `/workspace/cvcsoft/TexMol/release/third-party/hdf5_proj-prefix/src/hdf5_proj-build/CMakeFiles/CMakeTmp'

Test H5_ULONG_TO_FP_BOTTOM_BIT_ACCURATE Run failed with the following output and exit code:
 Change Dir: /workspace/cvcsoft/TexMol/release/third-party/hdf5_proj-prefix/src/hdf5_proj-build/CMake/CMakeFiles/CMakeTmp

Run Build Command:/usr/bin/gmake "cmTryCompileExec967440493/fast"
gmake[3]: Entering directory `/workspace/cvcsoft/TexMol/release/third-party/hdf5_proj-prefix/src/hdf5_proj-build/CMake/CMakeFiles/CMakeTmp'
/usr/bin/gmake -f CMakeFiles/cmTryCompileExec967440493.dir/build.make CMakeFiles/cmTryCompileExec967440493.dir/build
gmake[4]: Entering directory `/workspace/cvcsoft/TexMol/release/third-party/hdf5_proj-prefix/src/hdf5_proj-build/CMake/CMakeFiles/CMakeTmp'
/opt/apps/ossw/applications/cmake/cmake-2.8.9/sl6/bin/cmake -E cmake_progress_report /workspace/cvcsoft/TexMol/release/third-party/hdf5_proj-prefix/src/hdf5_proj-build/CMake/CMakeFiles/CMakeTmp/CMakeFiles 1
Building C object CMakeFiles/cmTryCompileExec967440493.dir/ConversionTests.c.o
/usr/bin/gcc   -DH5_ULONG_TO_FP_BOTTOM_BIT_ACCURATE_TEST   -o CMakeFiles/cmTryCompileExec967440493.dir/ConversionTests.c.o   -c /workspace/cvcsoft/TexMol/third-party/hdf5/config/cmake/ConversionTests.c
/workspace/cvcsoft/TexMol/third-party/hdf5/config/cmake/ConversionTests.c: In function ‘main’:
/workspace/cvcsoft/TexMol/third-party/hdf5/config/cmake/ConversionTests.c:420: warning: incompatible implicit declaration of built-in function ‘exit’
Linking C executable cmTryCompileExec967440493
/opt/apps/ossw/applications/cmake/cmake-2.8.9/sl6/bin/cmake -E cmake_link_script CMakeFiles/cmTryCompileExec967440493.dir/link.txt --verbose=1
/usr/bin/gcc     -DH5_ULONG_TO_FP_BOTTOM_BIT_ACCURATE_TEST    CMakeFiles/cmTryCompileExec967440493.dir/ConversionTests.c.o  -o cmTryCompileExec967440493 -rdynamic 
gmake[4]: Leaving directory `/workspace/cvcsoft/TexMol/release/third-party/hdf5_proj-prefix/src/hdf5_proj-build/CMake/CMakeFiles/CMakeTmp'
gmake[3]: Leaving directory `/workspace/cvcsoft/TexMol/release/third-party/hdf5_proj-prefix/src/hdf5_proj-build/CMake/CMakeFiles/CMakeTmp'

